Component: ARM Compiler 5.06 (build 20) Tool: armlink [4d35a3]

==============================================================================

Section Cross References

    startup_stm32g431xx.o(RESET) refers to startup_stm32g431xx.o(STACK) for __initial_sp
    startup_stm32g431xx.o(RESET) refers to startup_stm32g431xx.o(.text) for Reset_Handler
    startup_stm32g431xx.o(RESET) refers to stm32g4xx_it.o(i.NMI_Handler) for NMI_Handler
    startup_stm32g431xx.o(RESET) refers to stm32g4xx_it.o(i.HardFault_Handler) for HardFault_Handler
    startup_stm32g431xx.o(RESET) refers to stm32g4xx_it.o(i.MemManage_Handler) for MemManage_Handler
    startup_stm32g431xx.o(RESET) refers to stm32g4xx_it.o(i.BusFault_Handler) for BusFault_Handler
    startup_stm32g431xx.o(RESET) refers to stm32g4xx_it.o(i.UsageFault_Handler) for UsageFault_Handler
    startup_stm32g431xx.o(RESET) refers to stm32g4xx_it.o(i.SVC_Handler) for SVC_Handler
    startup_stm32g431xx.o(RESET) refers to stm32g4xx_it.o(i.DebugMon_Handler) for DebugMon_Handler
    startup_stm32g431xx.o(RESET) refers to stm32g4xx_it.o(i.PendSV_Handler) for PendSV_Handler
    startup_stm32g431xx.o(RESET) refers to stm32g4xx_it.o(i.SysTick_Handler) for SysTick_Handler
    startup_stm32g431xx.o(RESET) refers to stm32g4xx_it.o(i.ADC1_2_IRQHandler) for ADC1_2_IRQHandler
    startup_stm32g431xx.o(RESET) refers to stm32g4xx_it.o(i.FDCAN1_IT0_IRQHandler) for FDCAN1_IT0_IRQHandler
    startup_stm32g431xx.o(RESET) refers to stm32g4xx_it.o(i.USART2_IRQHandler) for USART2_IRQHandler
    startup_stm32g431xx.o(.text) refers to system_stm32g4xx.o(i.SystemInit) for SystemInit
    startup_stm32g431xx.o(.text) refers to entry.o(.ARM.Collect$$$$00000000) for __main
    usr_config.o(i.USR_CONFIG_read_cogging_map) refers to heap.o(i.HEAP_malloc) for HEAP_malloc
    usr_config.o(i.USR_CONFIG_read_cogging_map) refers to memcpya.o(.text) for __aeabi_memcpy4
    usr_config.o(i.USR_CONFIG_read_cogging_map) refers to util.o(i.crc32) for crc32
    usr_config.o(i.USR_CONFIG_read_cogging_map) refers to usr_config.o(.data) for .data
    usr_config.o(i.USR_CONFIG_read_config) refers to memcpya.o(.text) for __aeabi_memcpy4
    usr_config.o(i.USR_CONFIG_read_config) refers to util.o(i.crc32) for crc32
    usr_config.o(i.USR_CONFIG_read_config) refers to usr_config.o(.bss) for .bss
    usr_config.o(i.USR_CONFIG_save_cogging_map) refers to flash.o(i.FLASH_unlock) for FLASH_unlock
    usr_config.o(i.USR_CONFIG_save_cogging_map) refers to flash.o(i.FLASH_erase_page) for FLASH_erase_page
    usr_config.o(i.USR_CONFIG_save_cogging_map) refers to util.o(i.crc32) for crc32
    usr_config.o(i.USR_CONFIG_save_cogging_map) refers to flash.o(i.FLASH_program) for FLASH_program
    usr_config.o(i.USR_CONFIG_save_cogging_map) refers to flash.o(i.FLASH_lock) for FLASH_lock
    usr_config.o(i.USR_CONFIG_save_cogging_map) refers to usr_config.o(.data) for .data
    usr_config.o(i.USR_CONFIG_save_config) refers to flash.o(i.FLASH_unlock) for FLASH_unlock
    usr_config.o(i.USR_CONFIG_save_config) refers to flash.o(i.FLASH_erase_page) for FLASH_erase_page
    usr_config.o(i.USR_CONFIG_save_config) refers to util.o(i.crc32) for crc32
    usr_config.o(i.USR_CONFIG_save_config) refers to flash.o(i.FLASH_program) for FLASH_program
    usr_config.o(i.USR_CONFIG_save_config) refers to flash.o(i.FLASH_lock) for FLASH_lock
    usr_config.o(i.USR_CONFIG_save_config) refers to usr_config.o(.bss) for .bss
    usr_config.o(i.USR_CONFIG_set_default_cogging_map) refers to heap.o(i.HEAP_malloc) for HEAP_malloc
    usr_config.o(i.USR_CONFIG_set_default_cogging_map) refers to usr_config.o(.data) for .data
    usr_config.o(i.USR_CONFIG_set_default_config) refers to usr_config.o(.bss) for .bss
    main.o(i.Error_Handler) refers to foc.o(i.FOC_disarm) for FOC_disarm
    main.o(i.SystemClock_Config) refers to stm32g4xx_ll_utils.o(i.LL_SetSystemCoreClock) for LL_SetSystemCoreClock
    main.o(i.SystemClock_Config) refers to stm32g4xx_hal.o(i.HAL_InitTick) for HAL_InitTick
    main.o(i.SystemClock_Config) refers to foc.o(i.FOC_disarm) for FOC_disarm
    main.o(i.main) refers to main.o(i.SystemClock_Config) for SystemClock_Config
    main.o(i.main) refers to stm32g4xx_hal.o(i.HAL_Init) for HAL_Init
    main.o(i.main) refers to systick.o(i.SYSTICK_init) for SYSTICK_init
    main.o(i.main) refers to led.o(i.LED_init) for LED_init
    main.o(i.main) refers to fdcan.o(i.FDCAN_init) for FDCAN_init
    main.o(i.main) refers to oled_i2c.o(i.MX_I2C2_Init) for MX_I2C2_Init
    main.o(i.main) refers to stm32g4xx_hal.o(i.HAL_Delay) for HAL_Delay
    main.o(i.main) refers to oled_i2c.o(i.OLED_Init) for OLED_Init
    main.o(i.main) refers to oled_i2c.o(i.OLED_Fill) for OLED_Fill
    main.o(i.main) refers to oled_i2c.o(i.OLED_ShowStr) for OLED_ShowStr
    main.o(i.main) refers to encoder.o(i.ENCODER_init) for ENCODER_init
    main.o(i.main) refers to usr_config.o(i.USR_CONFIG_read_config) for USR_CONFIG_read_config
[...]
    ../clib/scanf.c                          0x00000000   Number         0  strtod.o ABSOLUTE
    ../clib/scanf.c                          0x00000000   Number         0  strtol.o ABSOLUTE
    ../clib/scanf.c                          0x00000000   Number         0  _chval.o ABSOLUTE
    ../clib/scanf.c                          0x00000000   Number         0  atoi.o ABSOLUTE
    ../clib/scanf.c                          0x00000000   Number         0  scanf_fp.o ABSOLUTE
    ../clib/scanf.c                          0x00000000   Number         0  _sgetc.o ABSOLUTE
    ../clib/scanf.c                          0x00000000   Number         0  _strtoul.o ABSOLUTE
    ../fplib/microlib/d2f.c                  0x00000000   Number         0  d2f.o ABSOLUTE
    ../fplib/microlib/f2d.c                  0x00000000   Number         0  f2d.o ABSOLUTE
    ../fplib/microlib/fpadd.c                0x00000000   Number         0  dadd.o ABSOLUTE
    ../fplib/microlib/fpcmp4.c               0x00000000   Number         0  dcmp4.o ABSOLUTE
    ../fplib/microlib/fpdiv.c                0x00000000   Number         0  ddiv.o ABSOLUTE
    ../fplib/microlib/fpepilogue.c           0x00000000   Number         0  fepilogue.o ABSOLUTE
    ../fplib/microlib/fpepilogue.c           0x00000000   Number         0  depilogue.o ABSOLUTE
    ../fplib/microlib/fpfix.c                0x00000000   Number         0  dfixi.o ABSOLUTE
    ../fplib/microlib/fpflt.c                0x00000000   Number         0  dfltul.o ABSOLUTE
    ../fplib/microlib/fpmul.c                0x00000000   Number         0  dmul.o ABSOLUTE
    ../fplib/microlib/fprnd.c                0x00000000   Number         0  drnd.o ABSOLUTE
    ../mathlib/atof.c                        0x00000000   Number         0  atof.o ABSOLUTE
    ../mathlib/fmax.c                        0x00000000   Number         0  fmax.o ABSOLUTE
    ../mathlib/round.c                       0x00000000   Number         0  round.o ABSOLUTE
    ../mathlib/sqrtf.c                       0x00000000   Number         0  sqrtf.o ABSOLUTE
    ../mathlib/sqrtf.c                       0x00000000   Number         0  sqrtf_x.o ABSOLUTE
    ..\Core\Src\OLED_I2C.c                   0x00000000   Number         0  oled_i2c.o ABSOLUTE
    ..\Core\Src\anticogging.c                0x00000000   Number         0  anticogging.o ABSOLUTE
    ..\Core\Src\calibration.c                0x00000000   Number         0  calibration.o ABSOLUTE
    ..\Core\Src\controller.c                 0x00000000   Number         0  controller.o ABSOLUTE
    ..\Core\Src\drv8323.c                    0x00000000   Number         0  drv8323.o ABSOLUTE
    ..\Core\Src\encoder.c                    0x00000000   Number         0  encoder.o ABSOLUTE
    ..\Core\Src\fdcan.c                      0x00000000   Number         0  fdcan.o ABSOLUTE
    ..\Core\Src\flash.c                      0x00000000   Number         0  flash.o ABSOLUTE
    ..\Core\Src\foc.c                        0x00000000   Number         0  foc.o ABSOLUTE
    ..\Core\Src\fsm.c                        0x00000000   Number         0  fsm.o ABSOLUTE
    ..\Core\Src\heap.c                       0x00000000   Number         0  heap.o ABSOLUTE
    ..\Core\Src\led.c                        0x00000000   Number         0  led.o ABSOLUTE
    ..\Core\Src\main.c                       0x00000000   Number         0  main.o ABSOLUTE
    ..\Core\Src\pwm_curr_fdbk.c              0x00000000   Number         0  pwm_curr_fdbk.o ABSOLUTE
    ..\Core\Src\stm32g4xx_hal_fdcan.c        0x00000000   Number         0  stm32g4xx_hal_fdcan.o ABSOLUTE
    ..\Core\Src\stm32g4xx_hal_msp.c          0x00000000   Number         0  stm32g4xx_hal_msp.o ABSOLUTE
    ..\Core\Src\stm32g4xx_it.c               0x00000000   Number         0  stm32g4xx_it.o ABSOLUTE
    ..\Core\Src\system_stm32g4xx.c           0x00000000   Number         0  system_stm32g4xx.o ABSOLUTE
    ..\Core\Src\systick.c                    0x00000000   Number         0  systick.o ABSOLUTE
    ..\Core\Src\trapTraj.c                   0x00000000   Number         0  traptraj.o ABSOLUTE
    ..\Core\Src\uart.c                       0x00000000   Number         0  uart.o ABSOLUTE
    ..\Core\Src\usr_config.c                 0x00000000   Number         0  usr_config.o ABSOLUTE
    ..\Core\Src\util.c                       0x00000000   Number         0  util.o ABSOLUTE
    ..\Drivers\STM32G4xx_HAL_Driver\Src\stm32g4xx_hal.c 0x00000000   Number         0  stm32g4xx_hal.o ABSOLUTE
    ..\Drivers\STM32G4xx_HAL_Driver\Src\stm32g4xx_hal_cortex.c 0x00000000   Number         0  stm32g4xx_hal_cortex.o ABSOLUTE
    ..\Drivers\STM32G4xx_HAL_Driver\Src\stm32g4xx_hal_dma.c 0x00000000   Number         0  stm32g4xx_hal_dma.o ABSOLUTE
    ..\Drivers\STM32G4xx_HAL_Driver\Src\stm32g4xx_hal_dma_ex.c 0x00000000   Number         0  stm32g4xx_hal_dma_ex.o ABSOLUTE
    ..\Drivers\STM32G4xx_HAL_Driver\Src\stm32g4xx_hal_gpio.c 0x00000000   Number         0  stm32g4xx_hal_gpio.o ABSOLUTE
    ..\Drivers\STM32G4xx_HAL_Driver\Src\stm32g4xx_hal_i2c.c 0x00000000   Number         0  stm32g4xx_hal_i2c.o ABSOLUTE
    ..\Drivers\STM32G4xx_HAL_Driver\Src\stm32g4xx_hal_i2c_ex.c 0x00000000   Number         0  stm32g4xx_hal_i2c_ex.o ABSOLUTE
    ..\Drivers\STM32G4xx_HAL_Driver\Src\stm32g4xx_ll_adc.c 0x00000000   Number         0  stm32g4xx_ll_adc.o ABSOLUTE
    ..\Drivers\STM32G4xx_HAL_Driver\Src\stm32g4xx_ll_dma.c 0x00000000   Number         0  stm32g4xx_ll_dma.o ABSOLUTE
    ..\Drivers\STM32G4xx_HAL_Driver\Src\stm32g4xx_ll_exti.c 0x00000000   Number         0  stm32g4xx_ll_exti.o ABSOLUTE
    ..\Drivers\STM32G4xx_HAL_Driver\Src\stm32g4xx_ll_gpio.c 0x00000000   Number         0  stm32g4xx_ll_gpio.o ABSOLUTE
    ..\Drivers\STM32G4xx_HAL_Driver\Src\stm32g4xx_ll_pwr.c 0x00000000   Number         0  stm32g4xx_ll_pwr.o ABSOLUTE
    ..\Drivers\STM32G4xx_HAL_Driver\Src\stm32g4xx_ll_rcc.c 0x00000000   Number         0  stm32g4xx_ll_rcc.o ABSOLUTE
    ..\Drivers\STM32G4xx_HAL_Driver\Src\stm32g4xx_ll_spi.c 0x00000000   Number         0  stm32g4xx_ll_spi.o ABSOLUTE
    ..\Drivers\STM32G4xx_HAL_Driver\Src\stm32g4xx_ll_tim.c 0x00000000   Number         0  stm32g4xx_ll_tim.o ABSOLUTE
    ..\Drivers\STM32G4xx_HAL_Driver\Src\stm32g4xx_ll_usart.c 0x00000000   Number         0  stm32g4xx_ll_usart.o ABSOLUTE
    ..\Drivers\STM32G4xx_HAL_Driver\Src\stm32g4xx_ll_utils.c 0x00000000   Number         0  stm32g4xx_ll_utils.o ABSOLUTE
    ..\\Core\\Src\\OLED_I2C.c                0x00000000   Number         0  oled_i2c.o ABSOLUTE
    ..\\Core\\Src\\anticogging.c             0x00000000   Number         0  anticogging.o ABSOLUTE
    ..\\Core\\Src\\calibration.c             0x00000000   Number         0  calibration.o ABSOLUTE
    ..\\Core\\Src\\controller.c              0x00000000   Number         0  controller.o ABSOLUTE
    ..\\Core\\Src\\drv8323.c                 0x00000000   Number         0  drv8323.o ABSOLUTE
    ..\\Core\\Src\\encoder.c                 0x00000000   Number         0  encoder.o ABSOLUTE
    ..\\Core\\Src\\fdcan.c                   0x00000000   Number         0  fdcan.o ABSOLUTE
    ..\\Core\\Src\\flash.c                   0x00000000   Number         0  flash.o ABSOLUTE
    ..\\Core\\Src\\foc.c                     0x00000000   Number         0  foc.o ABSOLUTE
    ..\\Core\\Src\\fsm.c                     0x00000000   Number         0  fsm.o ABSOLUTE
    ..\\Core\\Src\\heap.c                    0x00000000   Number         0  heap.o ABSOLUTE
    ..\\Core\\Src\\led.c                     0x00000000   Number         0  led.o ABSOLUTE
    ..\\Core\\Src\\pwm_curr_fdbk.c           0x00000000   Number         0  pwm_curr_fdbk.o ABSOLUTE
    ..\\Core\\Src\\stm32g4xx_hal_fdcan.c     0x00000000   Number         0  stm32g4xx_hal_fdcan.o ABSOLUTE
    ..\\Core\\Src\\stm32g4xx_hal_msp.c       0x00000000   Number         0  stm32g4xx_hal_msp.o ABSOLUTE
    ..\\Core\\Src\\systick.c                 0x00000000   Number         0  systick.o ABSOLUTE
    ..\\Core\\Src\\trapTraj.c                0x00000000   Number         0  traptraj.o ABSOLUTE
    ..\\Core\\Src\\uart.c                    0x00000000   Number         0  uart.o ABSOLUTE
    ..\\Core\\Src\\usr_config.c              0x00000000   Number         0  usr_config.o ABSOLUTE
    ..\\Core\\Src\\util.c                    0x00000000   Number         0  util.o ABSOLUTE
    ..\\Drivers\\STM32G4xx_HAL_Driver\\Src\\stm32g4xx_hal.c 0x00000000   Number         0  stm32g4xx_hal.o ABSOLUTE
    ..\\Drivers\\STM32G4xx_HAL_Driver\\Src\\stm32g4xx_hal_cortex.c 0x00000000   Number         0  stm32g4xx_hal_cortex.o ABSOLUTE
    ..\\Drivers\\STM32G4xx_HAL_Driver\\Src\\stm32g4xx_hal_dma.c 0x00000000   Number         0  stm32g4xx_hal_dma.o ABSOLUTE
    ..\\Drivers\\STM32G4xx_HAL_Driver\\Src\\stm32g4xx_hal_dma_ex.c 0x00000000   Number         0  stm32g4xx_hal_dma_ex.o ABSOLUTE
    ..\\Drivers\\STM32G4xx_HAL_Driver\\Src\\stm32g4xx_hal_gpio.c 0x00000000   Number         0  stm32g4xx_hal_gpio.o ABSOLUTE
    ..\\Drivers\\STM32G4xx_HAL_Driver\\Src\\stm32g4xx_hal_i2c.c 0x00000000   Number         0  stm32g4xx_hal_i2c.o ABSOLUTE
    ..\\Drivers\\STM32G4xx_HAL_Driver\\Src\\stm32g4xx_hal_i2c_ex.c 0x00000000   Number         0  stm32g4xx_hal_i2c_ex.o ABSOLUTE
    ..\\Drivers\\STM32G4xx_HAL_Driver\\Src\\stm32g4xx_ll_adc.c 0x00000000   Number         0  stm32g4xx_ll_adc.o ABSOLUTE
    ..\\Drivers\\STM32G4xx_HAL_Driver\\Src\\stm32g4xx_ll_tim.c 0x00000000   Number         0  stm32g4xx_ll_tim.o ABSOLUTE
    arm_common_tables.c                      0x00000000   Number         0  arm_common_tables.o ABSOLUTE
    cdcmple.s                                0x00000000   Number         0  cdcmple.o ABSOLUTE
    cdrcmple.s                               0x00000000   Number         0  cdrcmple.o ABSOLUTE
    dc.s                                     0x00000000   Number         0  dc.o ABSOLUTE
    handlers.s                               0x00000000   Number         0  handlers.o ABSOLUTE
    init.s                                   0x00000000   Number         0  init.o ABSOLUTE
    startup_stm32g431xx.s                    0x00000000   Number         0  startup_stm32g431xx.o ABSOLUTE
    RESET                                    0x08000000   Section      472  startup_stm32g431xx.o(RESET)
    .ARM.Collect$$$$00000000                 0x080001d8   Section        0  entry.o(.ARM.Collect$$$$00000000)
    .ARM.Collect$$$$00000001                 0x080001d8   Section        4  entry2.o(.ARM.Collect$$$$00000001)
    .ARM.Collect$$$$00000004                 0x080001dc   Section        4  entry5.o(.ARM.Collect$$$$00000004)
    .ARM.Collect$$$$00000008                 0x080001e0   Section        0  entry7b.o(.ARM.Collect$$$$00000008)
    .ARM.Collect$$$$0000000A                 0x080001e0   Section        0  entry8b.o(.ARM.Collect$$$$0000000A)
    .ARM.Collect$$$$0000000B                 0x080001e0   Section        8  entry9a.o(.ARM.Collect$$$$0000000B)
    .ARM.Collect$$$$0000000D                 0x080001e8   Section        0  entry10a.o(.ARM.Collect$$$$0000000D)
    .ARM.Collect$$$$0000000F                 0x080001e8   Section        0  entry11a.o(.ARM.Collect$$$$0000000F)
    .ARM.Collect$$$$00002712                 0x080001e8   Section        4  entry2.o(.ARM.Collect$$$$00002712)
    __lit__00000000                          0x080001e8   Data           4  entry2.o(.ARM.Collect$$$$00002712)
    .text                                    0x080001ec   Section       36  startup_stm32g431xx.o(.text)
    $v0                                      0x080001ec   Number         0  startup_stm32g431xx.o(.text)
    .text                                    0x08000210   Section        0  memcpya.o(.text)
    .text                                    0x08000234   Section        0  memseta.o(.text)
    .text                                    0x08000258   Section        0  memcmp.o(.text)
    .text                                    0x08000272   Section        0  atoi.o(.text)
    .text                                    0x0800028c   Section        0  dfixi.o(.text)
    .text                                    0x080002ca   Section        0  f2d.o(.text)
    .text                                    0x080002f0   Section        0  d2f.o(.text)
    .text                                    0x08000328   Section        0  llushr.o(.text)
    .text                                    0x08000348   Section        0  strtod.o(.text)
    _local_sscanf                            0x08000349   Thumb Code    54  strtod.o(.text)
    .text                                    0x080003e4   Section        0  strtol.o(.text)
    .text                                    0x08000454   Section        0  iusefp.o(.text)
    .text                                    0x08000454   Section        0  fepilogue.o(.text)
    .text                                    0x080004c2   Section        0  dadd.o(.text)
    .text                                    0x08000610   Section        0  drnd.o(.text)
    .text                                    0x08000698   Section       48  cdcmple.o(.text)
    .text                                    0x080006c8   Section       48  cdrcmple.o(.text)
    .text                                    0x080006f8   Section        0  dcmp4.o(.text)
    .text                                    0x08000758   Section       36  init.o(.text)
    .text                                    0x0800077c   Section        0  llshl.o(.text)
    .text                                    0x0800079a   Section        0  llsshr.o(.text)
    .text                                    0x080007c0   Section        0  ctype_o.o(.text)
    .text                                    0x080007c8   Section        0  isspace_o.o(.text)
    .text                                    0x080007dc   Section        0  scanf_fp.o(.text)
    _fp_value                                0x080007dd   Thumb Code   256  scanf_fp.o(.text)
    .text                                    0x08000b14   Section        0  _sgetc.o(.text)
    .text                                    0x08000b54   Section        0  _strtoul.o(.text)
    .text                                    0x08000bf2   Section        0  depilogue.o(.text)
    .text                                    0x08000cac   Section        0  _chval.o(.text)
    .text                                    0x08000cc8   Section        0  dmul.o(.text)
    .text                                    0x08000dac   Section        0  ddiv.o(.text)
    .text                                    0x08000e8a   Section        0  dfltul.o(.text)
    .text                                    0x08000ea2   Section        0  __dczerorl.o(.text)
    i.ADC1_2_IRQHandler                      0x08000edc   Section        0  stm32g4xx_it.o(i.ADC1_2_IRQHandler)
    i.ANTICOGGING_abort                      0x08000fa8   Section        0  anticogging.o(i.ANTICOGGING_abort)
    i.ANTICOGGING_loop                       0x08000fbc   Section        0  anticogging.o(i.ANTICOGGING_loop)
    i.ANTICOGGING_start                      0x080011e4   Section        0  anticogging.o(i.ANTICOGGING_start)
    i.BusFault_Handler                       0x080011fc   Section        0  stm32g4xx_it.o(i.BusFault_Handler)
    i.CALIBRATION_end                        0x08001200   Section        0  calibration.o(i.CALIBRATION_end)
    i.CALIBRATION_loop                       0x08001230   Section        0  calibration.o(i.CALIBRATION_loop)
    i.CALIBRATION_start                      0x08001994   Section        0  calibration.o(i.CALIBRATION_start)
    i.CONTROLLER_get_integrator_current      0x080019d8   Section        0  controller.o(i.CONTROLLER_get_integrator_current)
    i.CONTROLLER_move_to_pos                 0x080019e4   Section        0  controller.o(i.CONTROLLER_move_to_pos)
    i.CONTROLLER_reset                       0x08001a10   Section        0  controller.o(i.CONTROLLER_reset)
    i.CONTROLLER_update                      0x08001a90   Section        0  controller.o(i.CONTROLLER_update)
    i.DRV8323_disable_gd                     0x08001dac   Section        0  drv8323.o(i.DRV8323_disable_gd)
    i.DRV8323_enable_gd                      0x08001dc6   Section        0  drv8323.o(i.DRV8323_enable_gd)
    i.DRV8323_getFault                       0x08001de0   Section        0  drv8323.o(i.DRV8323_getFault)
    i.DRV8323_isFault                        0x08001e10   Section        0  drv8323.o(i.DRV8323_isFault)
    i.DRV8323_read_reg                       0x08001e24   Section        0  drv8323.o(i.DRV8323_read_reg)
    i.DRV8323_reset                          0x08001eb4   Section        0  drv8323.o(i.DRV8323_reset)
    i.DRV8323_write_reg                      0x08001f9c   Section        0  drv8323.o(i.DRV8323_write_reg)
    i.DebugMon_Handler                       0x08002028   Section        0  stm32g4xx_it.o(i.DebugMon_Handler)
    i.ENCODER_init                           0x0800202c   Section        0  encoder.o(i.ENCODER_init)
    i.ENCODER_sample                         0x08002130   Section        0  encoder.o(i.ENCODER_sample)
    i.Error_Handler                          0x080022c8   Section        0  main.o(i.Error_Handler)
    i.FDCAN1_IT0_IRQHandler                  0x080022d0   Section        0  stm32g4xx_it.o(i.FDCAN1_IT0_IRQHandler)
    i.FDCAN_init                             0x0800230c   Section        0  fdcan.o(i.FDCAN_init)
    i.FDCAN_report_anticogging               0x08002374   Section        0  fdcan.o(i.FDCAN_report_anticogging)
    i.FDCAN_report_calibration               0x080023c8   Section        0  fdcan.o(i.FDCAN_report_calibration)
    i.FDCAN_report_error                     0x0800241c   Section        0  fdcan.o(i.FDCAN_report_error)
    i.FDCAN_reset_timeout                    0x08002454   Section        0  fdcan.o(i.FDCAN_reset_timeout)
    i.FDCAN_rx_callback                      0x08002464   Section        0  fdcan.o(i.FDCAN_rx_callback)
    i.FDCAN_timeout_check_loop               0x080027e4   Section        0  fdcan.o(i.FDCAN_timeout_check_loop)
    i.FLASH_erase_page                       0x08002818   Section        0  flash.o(i.FLASH_erase_page)
    i.FLASH_lock                             0x0800295c   Section        0  flash.o(i.FLASH_lock)
    i.FLASH_program                          0x0800297c   Section        0  flash.o(i.FLASH_program)
    i.FLASH_unlock                           0x080029b8   Section        0  flash.o(i.FLASH_unlock)
    i.FOC_arm                                0x080029e8   Section        0  foc.o(i.FOC_arm)
    i.FOC_current                            0x08002a08   Section        0  foc.o(i.FOC_current)
    i.FOC_disarm                             0x08002c0c   Section        0  foc.o(i.FOC_disarm)
    i.FOC_reset                              0x08002c2c   Section        0  foc.o(i.FOC_reset)
    i.FOC_zero_current                       0x08002c5c   Section        0  foc.o(i.FOC_zero_current)
    i.FSM_get_error                          0x08002c94   Section        0  fsm.o(i.FSM_get_error)
    i.FSM_get_stat                           0x08002ca0   Section        0  fsm.o(i.FSM_get_stat)
    i.FSM_input                              0x08002cac   Section        0  fsm.o(i.FSM_input)
    i.FSM_loop                               0x08002e84   Section        0  fsm.o(i.FSM_loop)
    i.HAL_Delay                              0x0800300c   Section        0  stm32g4xx_hal.o(i.HAL_Delay)
    i.HAL_FDCAN_ActivateNotification         0x08003034   Section        0  stm32g4xx_hal_fdcan.o(i.HAL_FDCAN_ActivateNotification)
    i.HAL_FDCAN_AddMessageToTxFifoQ          0x08003154   Section        0  stm32g4xx_hal_fdcan.o(i.HAL_FDCAN_AddMessageToTxFifoQ)
    i.HAL_FDCAN_ConfigInterruptLines         0x08003220   Section        0  stm32g4xx_hal_fdcan.o(i.HAL_FDCAN_ConfigInterruptLines)
    i.HAL_FDCAN_GetRxFifoFillLevel           0x0800324c   Section        0  stm32g4xx_hal_fdcan.o(i.HAL_FDCAN_GetRxFifoFillLevel)
    i.HAL_FDCAN_GetRxMessage                 0x08003260   Section        0  stm32g4xx_hal_fdcan.o(i.HAL_FDCAN_GetRxMessage)
    i.HAL_FDCAN_Init                         0x0800338c   Section        0  stm32g4xx_hal_fdcan.o(i.HAL_FDCAN_Init)
    i.HAL_FDCAN_MspInit                      0x080035b4   Section        0  fdcan.o(i.HAL_FDCAN_MspInit)
    i.HAL_FDCAN_Start                        0x0800365c   Section        0  stm32g4xx_hal_fdcan.o(i.HAL_FDCAN_Start)
    i.HAL_GPIO_Init                          0x08003688   Section        0  stm32g4xx_hal_gpio.o(i.HAL_GPIO_Init)
    i.HAL_GetTick                            0x080038c8   Section        0  stm32g4xx_hal.o(i.HAL_GetTick)
    i.HAL_I2CEx_ConfigAnalogFilter           0x080038d4   Section        0  stm32g4xx_hal_i2c_ex.o(i.HAL_I2CEx_ConfigAnalogFilter)
    i.HAL_I2CEx_ConfigDigitalFilter          0x0800392a   Section        0  stm32g4xx_hal_i2c_ex.o(i.HAL_I2CEx_ConfigDigitalFilter)
    i.HAL_I2C_Init                           0x0800397c   Section        0  stm32g4xx_hal_i2c.o(i.HAL_I2C_Init)
    i.HAL_I2C_Master_Transmit                0x08003a2c   Section        0  stm32g4xx_hal_i2c.o(i.HAL_I2C_Master_Transmit)
    i.HAL_I2C_MspInit                        0x08003ba0   Section        0  stm32g4xx_hal_msp.o(i.HAL_I2C_MspInit)
    i.HAL_IncTick                            0x08003c38   Section        0  stm32g4xx_hal.o(i.HAL_IncTick)
    i.HAL_Init                               0x08003c48   Section        0  stm32g4xx_hal.o(i.HAL_Init)
    i.HAL_InitTick                           0x08003c68   Section        0  stm32g4xx_hal.o(i.HAL_InitTick)
    i.HAL_MspInit                            0x08003cac   Section        0  stm32g4xx_hal_msp.o(i.HAL_MspInit)
    i.HAL_NVIC_SetPriority                   0x08003cd8   Section        0  stm32g4xx_hal_cortex.o(i.HAL_NVIC_SetPriority)
    i.HAL_NVIC_SetPriorityGrouping           0x08003d3c   Section        0  stm32g4xx_hal_cortex.o(i.HAL_NVIC_SetPriorityGrouping)
    i.HAL_SYSTICK_Config                     0x08003d60   Section        0  stm32g4xx_hal_cortex.o(i.HAL_SYSTICK_Config)
    i.HEAP_free                              0x08003d8c   Section        0  heap.o(i.HEAP_free)
    i.HEAP_malloc                            0x08003e1c   Section        0  heap.o(i.HEAP_malloc)
    i.HardFault_Handler                      0x08003f7c   Section        0  stm32g4xx_it.o(i.HardFault_Handler)
    i.I2C_WaitOnFlagUntilTimeout             0x08003f80   Section        0  stm32g4xx_hal_i2c.o(i.I2C_WaitOnFlagUntilTimeout)
    I2C_WaitOnFlagUntilTimeout               0x08003f81   Thumb Code   110  stm32g4xx_hal_i2c.o(i.I2C_WaitOnFlagUntilTimeout)
    i.I2C_WaitOnSTOPFlagUntilTimeout         0x08003ff0   Section        0  stm32g4xx_hal_i2c.o(i.I2C_WaitOnSTOPFlagUntilTimeout)
    I2C_WaitOnSTOPFlagUntilTimeout           0x08003ff1   Thumb Code   232  stm32g4xx_hal_i2c.o(i.I2C_WaitOnSTOPFlagUntilTimeout)
    i.I2C_WaitOnTXISFlagUntilTimeout         0x080040dc   Section        0  stm32g4xx_hal_i2c.o(i.I2C_WaitOnTXISFlagUntilTimeout)
    I2C_WaitOnTXISFlagUntilTimeout           0x080040dd   Thumb Code   238  stm32g4xx_hal_i2c.o(i.I2C_WaitOnTXISFlagUntilTimeout)
    i.LED_init                               0x080041d0   Section        0  led.o(i.LED_init)
    i.LED_loop                               0x08004210   Section        0  led.o(i.LED_loop)
    i.LL_GPIO_Init                           0x080042ac   Section        0  stm32g4xx_ll_gpio.o(i.LL_GPIO_Init)
    i.LL_SPI_Init                            0x080043f4   Section        0  stm32g4xx_ll_spi.o(i.LL_SPI_Init)
    i.LL_SetSystemCoreClock                  0x08004460   Section        0  stm32g4xx_ll_utils.o(i.LL_SetSystemCoreClock)
    i.MA730_read_raw                         0x0800446c   Section        0  encoder.o(i.MA730_read_raw)
    MA730_read_raw                           0x0800446d   Thumb Code   134  encoder.o(i.MA730_read_raw)
    i.MX_I2C2_Init                           0x08004504   Section        0  oled_i2c.o(i.MX_I2C2_Init)
    i.MemManage_Handler                      0x08004560   Section        0  stm32g4xx_it.o(i.MemManage_Handler)
    i.NMI_Handler                            0x08004564   Section        0  stm32g4xx_it.o(i.NMI_Handler)
    i.OLED_Fill                              0x08004568   Section        0  oled_i2c.o(i.OLED_Fill)
    i.OLED_Init                              0x080045f4   Section        0  oled_i2c.o(i.OLED_Init)
    i.OLED_ShowStr                           0x080048dc   Section        0  oled_i2c.o(i.OLED_ShowStr)
    i.PWMC_switch_off_pwm                    0x08004b24   Section        0  pwm_curr_fdbk.o(i.PWMC_switch_off_pwm)
    i.PWMC_switch_on_pwm                     0x08004b4c   Section        0  pwm_curr_fdbk.o(i.PWMC_switch_on_pwm)
    i.PendSV_Handler                         0x08004b90   Section        0  stm32g4xx_it.o(i.PendSV_Handler)
    i.SVC_Handler                            0x08004b92   Section        0  stm32g4xx_it.o(i.SVC_Handler)
    i.SYSTICK_delay_ms                       0x08004b94   Section        0  systick.o(i.SYSTICK_delay_ms)
    i.SYSTICK_delay_us                       0x08004bf4   Section        0  systick.o(i.SYSTICK_delay_us)
    i.SYSTICK_get_ms_since                   0x08004c44   Section        0  systick.o(i.SYSTICK_get_ms_since)
    i.SYSTICK_get_tick                       0x08004c50   Section        0  systick.o(i.SYSTICK_get_tick)
    i.SYSTICK_init                           0x08004c5c   Section        0  systick.o(i.SYSTICK_init)
    i.SysTick_Handler                        0x08004cb0   Section        0  stm32g4xx_it.o(i.SysTick_Handler)
    i.SystemClock_Config                     0x08004cc0   Section        0  main.o(i.SystemClock_Config)
    i.SystemInit                             0x08004df0   Section        0  system_stm32g4xx.o(i.SystemInit)
    i.TRAJ_eval                              0x08004e0c   Section        0  traptraj.o(i.TRAJ_eval)
    i.TRAJ_plan                              0x08004ee8   Section        0  traptraj.o(i.TRAJ_plan)
    i.USART2_IRQHandler                      0x08005110   Section        0  stm32g4xx_it.o(i.USART2_IRQHandler)
    i.USR_CONFIG_read_cogging_map            0x08005130   Section        0  usr_config.o(i.USR_CONFIG_read_cogging_map)
    i.USR_CONFIG_read_config                 0x08005178   Section        0  usr_config.o(i.USR_CONFIG_read_config)
    i.USR_CONFIG_save_cogging_map            0x080051b0   Section        0  usr_config.o(i.USR_CONFIG_save_cogging_map)
    i.USR_CONFIG_save_config                 0x08005228   Section        0  usr_config.o(i.USR_CONFIG_save_config)
    i.USR_CONFIG_set_default_cogging_map     0x0800528c   Section        0  usr_config.o(i.USR_CONFIG_set_default_cogging_map)
    i.USR_CONFIG_set_default_config          0x080052d0   Section        0  usr_config.o(i.USR_CONFIG_set_default_config)
    i.UsageFault_Handler                     0x080053e8   Section        0  stm32g4xx_it.o(i.UsageFault_Handler)
    i.__aeabi_errno_addr                     0x080053ec   Section        0  errno.o(i.__aeabi_errno_addr)
    i.__hardfp_atof                          0x080053f8   Section        0  atof.o(i.__hardfp_atof)
    i.__hardfp_fmax                          0x08005430   Section        0  fmax.o(i.__hardfp_fmax)
    i.__hardfp_round                         0x080054a8   Section        0  round.o(i.__hardfp_round)
    i.__hardfp_sqrtf                         0x08005588   Section        0  sqrtf.o(i.__hardfp_sqrtf)
    i.__read_errno                           0x080055c4   Section        0  errno.o(i.__read_errno)
    i.__scatterload_copy                     0x080055d0   Section       14  handlers.o(i.__scatterload_copy)
    i.__scatterload_null                     0x080055de   Section        2  handlers.o(i.__scatterload_null)
    i.__scatterload_zeroinit                 0x080055e0   Section       14  handlers.o(i.__scatterload_zeroinit)
    i.__set_errno                            0x080055f0   Section        0  errno.o(i.__set_errno)
    i._is_digit                              0x080055fc   Section        0  scanf_fp.o(i._is_digit)
    i.apply_voltage_timings                  0x0800560c   Section        0  calibration.o(i.apply_voltage_timings)
    apply_voltage_timings                    0x0800560d   Thumb Code   228  calibration.o(i.apply_voltage_timings)
    i.can_send                               0x08005700   Section        0  fdcan.o(i.can_send)
    can_send                                 0x08005701   Thumb Code    46  fdcan.o(i.can_send)
    i.config_callback                        0x08005734   Section        0  fdcan.o(i.config_callback)
    config_callback                          0x08005735   Thumb Code  2274  fdcan.o(i.config_callback)
    i.crc32                                  0x0800601c   Section        0  util.o(i.crc32)
    i.flash_wait_for_last_operation          0x08006088   Section        0  flash.o(i.flash_wait_for_last_operation)
    flash_wait_for_last_operation            0x08006089   Thumb Code    84  flash.o(i.flash_wait_for_last_operation)
    i.main                                   0x080060e4   Section        0  main.o(i.main)
    i.our_arm_cos_f32                        0x080061e4   Section        0  util.o(i.our_arm_cos_f32)
    i.our_arm_sin_f32                        0x08006268   Section        0  util.o(i.our_arm_sin_f32)
    i.process_user_input                     0x080062e8   Section        0  fsm.o(i.process_user_input)
    process_user_input                       0x080062e9   Thumb Code  1874  fsm.o(i.process_user_input)
    i.svm                                    0x08006a3c   Section        0  util.o(i.svm)
    i.sync_callback                          0x08006bec   Section        0  fdcan.o(i.sync_callback)
    sync_callback                            0x08006bed   Thumb Code    96  fdcan.o(i.sync_callback)
    .constdata                               0x08006c58   Section       16  stm32g4xx_hal_fdcan.o(.constdata)
    DLCtoBytes                               0x08006c58   Data          16  stm32g4xx_hal_fdcan.o(.constdata)
    .constdata                               0x08006c68   Section     1024  util.o(.constdata)
    crc32_table                              0x08006c68   Data        1024  util.o(.constdata)
    .constdata                               0x08007068   Section     2072  oled_i2c.o(.constdata)
    .constdata                               0x08007880   Section      129  ctype_o.o(.constdata)
    .constdata                               0x08007904   Section        4  ctype_o.o(.constdata)
    table                                    0x08007904   Data           4  ctype_o.o(.constdata)
    .data                                    0x20000000   Section        4  usr_config.o(.data)
    .data                                    0x20000004   Section        4  systick.o(.data)
    .data                                    0x20000008   Section        8  led.o(.data)
    cnt                                      0x20000008   Data           2  led.o(.data)
    tick                                     0x2000000c   Data           4  led.o(.data)
    .data                                    0x20000010   Section       28  fdcan.o(.data)
    mRecTick                                 0x20000010   Data           4  fdcan.o(.data)
    mPosition                                0x20000014   Data           4  fdcan.o(.data)
    mVelocity                                0x20000018   Data           4  fdcan.o(.data)
    mTorque                                  0x2000001c   Data           4  fdcan.o(.data)
    .data                                    0x2000002c   Section        1  foc.o(.data)
    mIsArmed                                 0x2000002c   Data           1  foc.o(.data)
    .data                                    0x20000030   Section       76  fsm.o(.data)
    mErrorCode                               0x20000030   Data           4  fsm.o(.data)
    mErrorCodeLast                           0x20000034   Data           4  fsm.o(.data)
    Fsm                                      0x20000038   Data          68  fsm.o(.data)
    .data                                    0x2000007c   Section       28  controller.o(.data)
    input_pos_updated                        0x2000007c   Data           1  controller.o(.data)
    mPosSetPoint                             0x20000080   Data           4  controller.o(.data)
    mVelSetPoint                             0x20000084   Data           4  controller.o(.data)
    mTorqueSetPoint                          0x20000088   Data           4  controller.o(.data)
    input_filter_kp                          0x2000008c   Data           4  controller.o(.data)
    input_filter_ki                          0x20000090   Data           4  controller.o(.data)
    vel_integrator_torque                    0x20000094   Data           4  controller.o(.data)
    .data                                    0x20000098   Section       40  traptraj.o(.data)
    Xi_                                      0x20000098   Data           4  traptraj.o(.data)
    Xf_                                      0x2000009c   Data           4  traptraj.o(.data)
    Vi_                                      0x200000a0   Data           4  traptraj.o(.data)
    Ar_                                      0x200000a4   Data           4  traptraj.o(.data)
    Vr_                                      0x200000a8   Data           4  traptraj.o(.data)
    Dr_                                      0x200000ac   Data           4  traptraj.o(.data)
    Ta_                                      0x200000b0   Data           4  traptraj.o(.data)
    Tv_                                      0x200000b4   Data           4  traptraj.o(.data)
    Td_                                      0x200000b8   Data           4  traptraj.o(.data)
    yAccel_                                  0x200000bc   Data           4  traptraj.o(.data)
    .data                                    0x200000c0   Section       52  calibration.o(.data)
    mCalibStep                               0x200000c0   Data           1  calibration.o(.data)
    mCalibError                              0x200000c1   Data           1  calibration.o(.data)
    p_error_arr                              0x200000c4   Data           4  calibration.o(.data)
    loop_count                               0x200000c8   Data           4  calibration.o(.data)
    raw_offset                               0x200000cc   Data           4  calibration.o(.data)
    sample_count                             0x200000d0   Data           4  calibration.o(.data)
    next_sample_time                         0x200000d4   Data           4  calibration.o(.data)
    theta_ref                                0x200000d8   Data           4  calibration.o(.data)
    start_position                           0x200000dc   Data           4  calibration.o(.data)
    end_position                             0x200000e0   Data           4  calibration.o(.data)
    voltages                                 0x200000e4   Data           8  calibration.o(.data)
    Ialphas                                  0x200000ec   Data           8  calibration.o(.data)
    .data                                    0x200000f4   Section       12  anticogging.o(.data)
    AntiCoggingStep                          0x200000f5   Data           1  anticogging.o(.data)
    index                                    0x200000f8   Data           4  anticogging.o(.data)
    tick                                     0x200000fc   Data           4  anticogging.o(.data)
    .data                                    0x20000100   Section       24  heap.o(.data)
    pxEnd                                    0x20000100   Data           4  heap.o(.data)
    xFreeBytesRemaining                      0x20000104   Data           4  heap.o(.data)
    xMinimumEverFreeBytesRemaining           0x20000108   Data           4  heap.o(.data)
    xBlockAllocatedBit                       0x2000010c   Data           4  heap.o(.data)
    xStart                                   0x20000110   Data           8  heap.o(.data)
    .data                                    0x20000118   Section        4  system_stm32g4xx.o(.data)
    .data                                    0x2000011c   Section       12  stm32g4xx_hal.o(.data)
    .data                                    0x20000128   Section        4  errno.o(.data)
    _errno                                   0x20000128   Data           4  errno.o(.data)
    .bss                                     0x2000012c   Section      408  usr_config.o(.bss)
    .bss                                     0x200002c4   Section      100  fdcan.o(.bss)
    .bss                                     0x20000328   Section      196  encoder.o(.bss)
    .bss                                     0x200003ec   Section       52  foc.o(.bss)
    .bss                                     0x20000420   Section       12  controller.o(.bss)
    .bss                                     0x2000042c   Section       24  traptraj.o(.bss)
    .bss                                     0x20000444   Section    12288  heap.o(.bss)
    ucHeap                                   0x20000444   Data       12288  heap.o(.bss)
    .bss                                     0x20003444   Section     1100  oled_i2c.o(.bss)
    STACK                                    0x20003890   Section     4096  startup_stm32g431xx.o(STACK)

    Global Symbols

    Symbol Name                              Value     Ov Type        Size  Object(Section)

    BuildAttributes$$THM_ISAv4$E$P$D$K$B$S$7EM$VFPi3$EXTD16$VFPS$VFMA$PE$A:L22UL41UL21$X:L11$S22US41US21$IEEE1$IW$USESV6$~STKCKD$USESV7$~SHL$OTIME$ROPI$IEEEJ$EBA8$MICROLIB$REQ8$PRES8$EABIv2 0x00000000   Number         0  anon$$obj.o ABSOLUTE
    __ARM_use_no_argv                        0x00000000   Number         0  main.o ABSOLUTE
    __cpp_initialize__aeabi_                  - Undefined Weak Reference
    __cxa_finalize                            - Undefined Weak Reference
    _clock_init                               - Undefined Weak Reference
    _microlib_exit                            - Undefined Weak Reference
    __Vectors_Size                           0x000001d8   Number         0  startup_stm32g431xx.o ABSOLUTE
    __Vectors                                0x08000000   Data           4  startup_stm32g431xx.o(RESET)
    __Vectors_End                            0x080001d8   Data           0  startup_stm32g431xx.o(RESET)
    __main                                   0x080001d9   Thumb Code     0  entry.o(.ARM.Collect$$$$00000000)
    _main_stk                                0x080001d9   Thumb Code     0  entry2.o(.ARM.Collect$$$$00000001)
    _main_scatterload                        0x080001dd   Thumb Code     0  entry5.o(.ARM.Collect$$$$00000004)
    __main_after_scatterload                 0x080001e1   Thumb Code     0  entry5.o(.ARM.Collect$$$$00000004)
    _main_clock                              0x080001e1   Thumb Code     0  entry7b.o(.ARM.Collect$$$$00000008)
    _main_cpp_init                           0x080001e1   Thumb Code     0  entry8b.o(.ARM.Collect$$$$0000000A)
    _main_init                               0x080001e1   Thumb Code     0  entry9a.o(.ARM.Collect$$$$0000000B)
    __rt_final_cpp                           0x080001e9   Thumb Code     0  entry10a.o(.ARM.Collect$$$$0000000D)
    __rt_final_exit                          0x080001e9   Thumb Code     0  entry11a.o(.ARM.Collect$$$$0000000F)
    Reset_Handler                            0x080001ed   Thumb Code     8  startup_stm32g431xx.o(.text)
    COMP1_2_3_IRQHandler                     0x08000207   Thumb Code     0  startup_stm32g431xx.o(.text)
    COMP4_IRQHandler                         0x08000207   Thumb Code     0  startup_stm32g431xx.o(.text)
    CORDIC_IRQHandler                        0x08000207   Thumb Code     0  startup_stm32g431xx.o(.text)
    CRS_IRQHandler                           0x08000207   Thumb Code     0  startup_stm32g431xx.o(.text)
    DMA1_Channel1_IRQHandler                 0x08000207   Thumb Code     0  startup_stm32g431xx.o(.text)
    DMA1_Channel2_IRQHandler                 0x08000207   Thumb Code     0  startup_stm32g431xx.o(.text)
    DMA1_Channel3_IRQHandler                 0x08000207   Thumb Code     0  startup_stm32g431xx.o(.text)
    DMA1_Channel4_IRQHandler                 0x08000207   Thumb Code     0  startup_stm32g431xx.o(.text)
    DMA1_Channel5_IRQHandler                 0x08000207   Thumb Code     0  startup_stm32g431xx.o(.text)
    DMA1_Channel6_IRQHandler                 0x08000207   Thumb Code     0  startup_stm32g431xx.o(.text)
    DMA2_Channel1_IRQHandler                 0x08000207   Thumb Code     0  startup_stm32g431xx.o(.text)
    DMA2_Channel2_IRQHandler                 0x08000207   Thumb Code     0  startup_stm32g431xx.o(.text)
    DMA2_Channel3_IRQHandler                 0x08000207   Thumb Code     0  startup_stm32g431xx.o(.text)
    DMA2_Channel4_IRQHandler                 0x08000207   Thumb Code     0  startup_stm32g431xx.o(.text)
    DMA2_Channel5_IRQHandler                 0x08000207   Thumb Code     0  startup_stm32g431xx.o(.text)
    DMA2_Channel6_IRQHandler                 0x08000207   Thumb Code     0  startup_stm32g431xx.o(.text)
    DMAMUX_OVR_IRQHandler                    0x08000207   Thumb Code     0  startup_stm32g431xx.o(.text)
    EXTI0_IRQHandler                         0x08000207   Thumb Code     0  startup_stm32g431xx.o(.text)
    EXTI15_10_IRQHandler                     0x08000207   Thumb Code     0  startup_stm32g431xx.o(.text)
    EXTI1_IRQHandler                         0x08000207   Thumb Code     0  startup_stm32g431xx.o(.text)
    EXTI2_IRQHandler                         0x08000207   Thumb Code     0  startup_stm32g431xx.o(.text)
    EXTI3_IRQHandler                         0x08000207   Thumb Code     0  startup_stm32g431xx.o(.text)
    EXTI4_IRQHandler                         0x08000207   Thumb Code     0  startup_stm32g431xx.o(.text)
    EXTI9_5_IRQHandler                       0x08000207   Thumb Code     0  startup_stm32g431xx.o(.text)
    FDCAN1_IT1_IRQHandler                    0x08000207   Thumb Code     0  startup_stm32g431xx.o(.text)
    FLASH_IRQHandler                         0x08000207   Thumb Code     0  startup_stm32g431xx.o(.text)
    FMAC_IRQHandler                          0x08000207   Thumb Code     0  startup_stm32g431xx.o(.text)
    FPU_IRQHandler                           0x08000207   Thumb Code     0  startup_stm32g431xx.o(.text)
    I2C1_ER_IRQHandler                       0x08000207   Thumb Code     0  startup_stm32g431xx.o(.text)
    I2C1_EV_IRQHandler                       0x08000207   Thumb Code     0  startup_stm32g431xx.o(.text)
    I2C2_ER_IRQHandler                       0x08000207   Thumb Code     0  startup_stm32g431xx.o(.text)
    I2C2_EV_IRQHandler                       0x08000207   Thumb Code     0  startup_stm32g431xx.o(.text)
    I2C3_ER_IRQHandler                       0x08000207   Thumb Code     0  startup_stm32g431xx.o(.text)
    I2C3_EV_IRQHandler                       0x08000207   Thumb Code     0  startup_stm32g431xx.o(.text)
    LPTIM1_IRQHandler                        0x08000207   Thumb Code     0  startup_stm32g431xx.o(.text)
    LPUART1_IRQHandler                       0x08000207   Thumb Code     0  startup_stm32g431xx.o(.text)
    PVD_PVM_IRQHandler                       0x08000207   Thumb Code     0  startup_stm32g431xx.o(.text)
    RCC_IRQHandler                           0x08000207   Thumb Code     0  startup_stm32g431xx.o(.text)
    RNG_IRQHandler                           0x08000207   Thumb Code     0  startup_stm32g431xx.o(.text)
    RTC_Alarm_IRQHandler                     0x08000207   Thumb Code     0  startup_stm32g431xx.o(.text)
    RTC_TAMP_LSECSS_IRQHandler               0x08000207   Thumb Code     0  startup_stm32g431xx.o(.text)
    RTC_WKUP_IRQHandler                      0x08000207   Thumb Code     0  startup_stm32g431xx.o(.text)
    SAI1_IRQHandler                          0x08000207   Thumb Code     0  startup_stm32g431xx.o(.text)
    SPI1_IRQHandler                          0x08000207   Thumb Code     0  startup_stm32g431xx.o(.text)
    SPI2_IRQHandler                          0x08000207   Thumb Code     0  startup_stm32g431xx.o(.text)
    SPI3_IRQHandler                          0x08000207   Thumb Code     0  startup_stm32g431xx.o(.text)
    TIM1_BRK_TIM15_IRQHandler                0x08000207   Thumb Code     0  startup_stm32g431xx.o(.text)
    TIM1_CC_IRQHandler                       0x08000207   Thumb Code     0  startup_stm32g431xx.o(.text)
    TIM1_TRG_COM_TIM17_IRQHandler            0x08000207   Thumb Code     0  startup_stm32g431xx.o(.text)
    TIM1_UP_TIM16_IRQHandler                 0x08000207   Thumb Code     0  startup_stm32g431xx.o(.text)
    TIM2_IRQHandler                          0x08000207   Thumb Code     0  startup_stm32g431xx.o(.text)
    TIM3_IRQHandler                          0x08000207   Thumb Code     0  startup_stm32g431xx.o(.text)
    TIM4_IRQHandler                          0x08000207   Thumb Code     0  startup_stm32g431xx.o(.text)
    TIM6_DAC_IRQHandler                      0x08000207   Thumb Code     0  startup_stm32g431xx.o(.text)
    TIM7_IRQHandler                          0x08000207   Thumb Code     0  startup_stm32g431xx.o(.text)
    TIM8_BRK_IRQHandler                      0x08000207   Thumb Code     0  startup_stm32g431xx.o(.text)
    TIM8_CC_IRQHandler                       0x08000207   Thumb Code     0  startup_stm32g431xx.o(.text)
    TIM8_TRG_COM_IRQHandler                  0x08000207   Thumb Code     0  startup_stm32g431xx.o(.text)
    TIM8_UP_IRQHandler                       0x08000207   Thumb Code     0  startup_stm32g431xx.o(.text)
    UART4_IRQHandler                         0x08000207   Thumb Code     0  startup_stm32g431xx.o(.text)
    UCPD1_IRQHandler                         0x08000207   Thumb Code     0  startup_stm32g431xx.o(.text)
    USART1_IRQHandler                        0x08000207   Thumb Code     0  startup_stm32g431xx.o(.text)
    USART3_IRQHandler                        0x08000207   Thumb Code     0  startup_stm32g431xx.o(.text)
    USBWakeUp_IRQHandler                     0x08000207   Thumb Code     0  startup_stm32g431xx.o(.text)
    USB_HP_IRQHandler                        0x08000207   Thumb Code     0  startup_stm32g431xx.o(.text)
    USB_LP_IRQHandler                        0x08000207   Thumb Code     0  startup_stm32g431xx.o(.text)
    WWDG_IRQHandler                          0x08000207   Thumb Code     0  startup_stm32g431xx.o(.text)
    __aeabi_memcpy                           0x08000211   Thumb Code    36  memcpya.o(.text)
    __aeabi_memcpy4                          0x08000211   Thumb Code     0  memcpya.o(.text)
    __aeabi_memcpy8                          0x08000211   Thumb Code     0  memcpya.o(.text)
    __aeabi_memset                           0x08000235   Thumb Code    14  memseta.o(.text)
    __aeabi_memset4                          0x08000235   Thumb Code     0  memseta.o(.text)
    __aeabi_memset8                          0x08000235   Thumb Code     0  memseta.o(.text)
    __aeabi_memclr                           0x08000243   Thumb Code     4  memseta.o(.text)
    __aeabi_memclr4                          0x08000243   Thumb Code     0  memseta.o(.text)
    __aeabi_memclr8                          0x08000243   Thumb Code     0  memseta.o(.text)
    _memset$wrapper                          0x08000247   Thumb Code    18  memseta.o(.text)
    memcmp                                   0x08000259   Thumb Code    26  memcmp.o(.text)
    atoi                                     0x08000273   Thumb Code    26  atoi.o(.text)
    __aeabi_d2iz                             0x0800028d   Thumb Code    62  dfixi.o(.text)
    __aeabi_f2d                              0x080002cb   Thumb Code    38  f2d.o(.text)
    __aeabi_d2f                              0x080002f1   Thumb Code    56  d2f.o(.text)
    __aeabi_llsr                             0x08000329   Thumb Code    32  llushr.o(.text)
    _ll_ushift_r                             0x08000329   Thumb Code     0  llushr.o(.text)
    __strtod_int                             0x0800037f   Thumb Code    88  strtod.o(.text)
    strtol                                   0x080003e5   Thumb Code   112  strtol.o(.text)
    __I$use$fp                               0x08000455   Thumb Code     0  iusefp.o(.text)
    _float_round                             0x08000455   Thumb Code    18  fepilogue.o(.text)
    _float_epilogue                          0x08000467   Thumb Code    92  fepilogue.o(.text)
    __aeabi_dadd                             0x080004c3   Thumb Code   322  dadd.o(.text)
    __aeabi_dsub                             0x08000605   Thumb Code     6  dadd.o(.text)
    __aeabi_drsub                            0x0800060b   Thumb Code     6  dadd.o(.text)
    _drnd                                    0x08000611   Thumb Code   132  drnd.o(.text)
    __aeabi_cdcmpeq                          0x08000699   Thumb Code     0  cdcmple.o(.text)
    __aeabi_cdcmple                          0x08000699   Thumb Code    48  cdcmple.o(.text)
    __aeabi_cdrcmple                         0x080006c9   Thumb Code    48  cdrcmple.o(.text)
    __ARM_dcmp4                              0x080006f9   Thumb Code    96  dcmp4.o(.text)
    _dcmp4                                   0x080006f9   Thumb Code     0  dcmp4.o(.text)
    __scatterload                            0x08000759   Thumb Code    28  init.o(.text)
    __scatterload_rt2                        0x08000759   Thumb Code     0  init.o(.text)
    __aeabi_llsl                             0x0800077d   Thumb Code    30  llshl.o(.text)
    _ll_shift_l                              0x0800077d   Thumb Code     0  llshl.o(.text)
    __aeabi_lasr                             0x0800079b   Thumb Code    36  llsshr.o(.text)
    _ll_sshift_r                             0x0800079b   Thumb Code     0  llsshr.o(.text)
    __rt_ctype_table                         0x080007c1   Thumb Code     4  ctype_o.o(.text)
    isspace                                  0x080007c9   Thumb Code    18  isspace_o.o(.text)
    _scanf_real                              0x080008dd   Thumb Code     0  scanf_fp.o(.text)
    _scanf_really_real                       0x080008dd   Thumb Code   556  scanf_fp.o(.text)
    _sgetc                                   0x08000b15   Thumb Code    30  _sgetc.o(.text)
    _sbackspace                              0x08000b33   Thumb Code    34  _sgetc.o(.text)
    _strtoul                                 0x08000b55   Thumb Code   158  _strtoul.o(.text)
    _double_round                            0x08000bf3   Thumb Code    30  depilogue.o(.text)
    _double_epilogue                         0x08000c11   Thumb Code   156  depilogue.o(.text)
    _chval                                   0x08000cad   Thumb Code    28  _chval.o(.text)
    __aeabi_dmul                             0x08000cc9   Thumb Code   228  dmul.o(.text)
    __aeabi_ddiv                             0x08000dad   Thumb Code   222  ddiv.o(.text)
    __aeabi_ul2d                             0x08000e8b   Thumb Code    24  dfltul.o(.text)
    __decompress                             0x08000ea3   Thumb Code     0  __dczerorl.o(.text)
    __decompress0                            0x08000ea3   Thumb Code    58  __dczerorl.o(.text)
    ADC1_2_IRQHandler                        0x08000edd   Thumb Code   166  stm32g4xx_it.o(i.ADC1_2_IRQHandler)
    ANTICOGGING_abort                        0x08000fa9   Thumb Code    14  anticogging.o(i.ANTICOGGING_abort)
    ANTICOGGING_loop                         0x08000fbd   Thumb Code   518  anticogging.o(i.ANTICOGGING_loop)
    ANTICOGGING_start                        0x080011e5   Thumb Code    18  anticogging.o(i.ANTICOGGING_start)
    BusFault_Handler                         0x080011fd   Thumb Code     4  stm32g4xx_it.o(i.BusFault_Handler)
    CALIBRATION_end                          0x08001201   Thumb Code    40  calibration.o(i.CALIBRATION_end)
    CALIBRATION_loop                         0x08001231   Thumb Code  1860  calibration.o(i.CALIBRATION_loop)
    CALIBRATION_start                        0x08001995   Thumb Code    50  calibration.o(i.CALIBRATION_start)
    CONTROLLER_get_integrator_current        0x080019d9   Thumb Code     8  controller.o(i.CONTROLLER_get_integrator_current)
    CONTROLLER_move_to_pos                   0x080019e5   Thumb Code    32  controller.o(i.CONTROLLER_move_to_pos)
    CONTROLLER_reset                         0x08001a11   Thumb Code   102  controller.o(i.CONTROLLER_reset)
    CONTROLLER_update                        0x08001a91   Thumb Code   754  controller.o(i.CONTROLLER_update)
    DRV8323_disable_gd                       0x08001dad   Thumb Code    26  drv8323.o(i.DRV8323_disable_gd)
    DRV8323_enable_gd                        0x08001dc7   Thumb Code    26  drv8323.o(i.DRV8323_enable_gd)
    DRV8323_getFault                         0x08001de1   Thumb Code    46  drv8323.o(i.DRV8323_getFault)
    DRV8323_isFault                          0x08001e11   Thumb Code    16  drv8323.o(i.DRV8323_isFault)
    DRV8323_read_reg                         0x08001e25   Thumb Code   140  drv8323.o(i.DRV8323_read_reg)
    DRV8323_reset                            0x08001eb5   Thumb Code   226  drv8323.o(i.DRV8323_reset)
    DRV8323_write_reg                        0x08001f9d   Thumb Code   134  drv8323.o(i.DRV8323_write_reg)
    DebugMon_Handler                         0x08002029   Thumb Code     2  stm32g4xx_it.o(i.DebugMon_Handler)
    ENCODER_init                             0x0800202d   Thumb Code   244  encoder.o(i.ENCODER_init)
    ENCODER_sample                           0x08002131   Thumb Code   386  encoder.o(i.ENCODER_sample)
    Error_Handler                            0x080022c9   Thumb Code     8  main.o(i.Error_Handler)
    FDCAN1_IT0_IRQHandler                    0x080022d1   Thumb Code    54  stm32g4xx_it.o(i.FDCAN1_IT0_IRQHandler)
    FDCAN_init                               0x0800230d   Thumb Code    94  fdcan.o(i.FDCAN_init)
    FDCAN_report_anticogging                 0x08002375   Thumb Code    78  fdcan.o(i.FDCAN_report_anticogging)
    FDCAN_report_calibration                 0x080023c9   Thumb Code    78  fdcan.o(i.FDCAN_report_calibration)
    FDCAN_report_error                       0x0800241d   Thumb Code    50  fdcan.o(i.FDCAN_report_error)
    FDCAN_reset_timeout                      0x08002455   Thumb Code    12  fdcan.o(i.FDCAN_reset_timeout)
    FDCAN_rx_callback                        0x08002465   Thumb Code   876  fdcan.o(i.FDCAN_rx_callback)
    FDCAN_timeout_check_loop                 0x080027e5   Thumb Code    42  fdcan.o(i.FDCAN_timeout_check_loop)
    FLASH_erase_page                         0x08002819   Thumb Code   316  flash.o(i.FLASH_erase_page)
    FLASH_lock                               0x0800295d   Thumb Code    26  flash.o(i.FLASH_lock)
    FLASH_program                            0x0800297d   Thumb Code    56  flash.o(i.FLASH_program)
    FLASH_unlock                             0x080029b9   Thumb Code    36  flash.o(i.FLASH_unlock)
    FOC_arm                                  0x080029e9   Thumb Code    28  foc.o(i.FOC_arm)
    FOC_current                              0x08002a09   Thumb Code   474  foc.o(i.FOC_current)
    FOC_disarm                               0x08002c0d   Thumb Code    28  foc.o(i.FOC_disarm)
    FOC_reset                                0x08002c2d   Thumb Code    38  foc.o(i.FOC_reset)
    FOC_zero_current                         0x08002c5d   Thumb Code    54  foc.o(i.FOC_zero_current)
    FSM_get_error                            0x08002c95   Thumb Code     6  fsm.o(i.FSM_get_error)
    FSM_get_stat                             0x08002ca1   Thumb Code     6  fsm.o(i.FSM_get_stat)
    FSM_input                                0x08002cad   Thumb Code   440  fsm.o(i.FSM_input)
    FSM_loop                                 0x08002e85   Thumb Code   358  fsm.o(i.FSM_loop)
    HAL_Delay                                0x0800300d   Thumb Code    34  stm32g4xx_hal.o(i.HAL_Delay)
    HAL_FDCAN_ActivateNotification           0x08003035   Thumb Code   288  stm32g4xx_hal_fdcan.o(i.HAL_FDCAN_ActivateNotification)
    HAL_FDCAN_AddMessageToTxFifoQ            0x08003155   Thumb Code   200  stm32g4xx_hal_fdcan.o(i.HAL_FDCAN_AddMessageToTxFifoQ)
    HAL_FDCAN_ConfigInterruptLines           0x08003221   Thumb Code    44  stm32g4xx_hal_fdcan.o(i.HAL_FDCAN_ConfigInterruptLines)
    HAL_FDCAN_GetRxFifoFillLevel             0x0800324d   Thumb Code    20  stm32g4xx_hal_fdcan.o(i.HAL_FDCAN_GetRxFifoFillLevel)
    HAL_FDCAN_GetRxMessage                   0x08003261   Thumb Code   294  stm32g4xx_hal_fdcan.o(i.HAL_FDCAN_GetRxMessage)
    HAL_FDCAN_Init                           0x0800338d   Thumb Code   520  stm32g4xx_hal_fdcan.o(i.HAL_FDCAN_Init)
    HAL_FDCAN_MspInit                        0x080035b5   Thumb Code   156  fdcan.o(i.HAL_FDCAN_MspInit)
    HAL_FDCAN_Start                          0x0800365d   Thumb Code    44  stm32g4xx_hal_fdcan.o(i.HAL_FDCAN_Start)
    HAL_GPIO_Init                            0x08003689   Thumb Code   556  stm32g4xx_hal_gpio.o(i.HAL_GPIO_Init)
    HAL_GetTick                              0x080038c9   Thumb Code     6  stm32g4xx_hal.o(i.HAL_GetTick)
    HAL_I2CEx_ConfigAnalogFilter             0x080038d5   Thumb Code    86  stm32g4xx_hal_i2c_ex.o(i.HAL_I2CEx_ConfigAnalogFilter)
    HAL_I2CEx_ConfigDigitalFilter            0x0800392b   Thumb Code    82  stm32g4xx_hal_i2c_ex.o(i.HAL_I2CEx_ConfigDigitalFilter)
    HAL_I2C_Init                             0x0800397d   Thumb Code   176  stm32g4xx_hal_i2c.o(i.HAL_I2C_Init)
    HAL_I2C_Master_Transmit                  0x08003a2d   Thumb Code   360  stm32g4xx_hal_i2c.o(i.HAL_I2C_Master_Transmit)
    HAL_I2C_MspInit                          0x08003ba1   Thumb Code   144  stm32g4xx_hal_msp.o(i.HAL_I2C_MspInit)
    HAL_IncTick                              0x08003c39   Thumb Code    12  stm32g4xx_hal.o(i.HAL_IncTick)
    HAL_Init                                 0x08003c49   Thumb Code    30  stm32g4xx_hal.o(i.HAL_Init)
    HAL_InitTick                             0x08003c69   Thumb Code    58  stm32g4xx_hal.o(i.HAL_InitTick)
    HAL_MspInit                              0x08003cad   Thumb Code    40  stm32g4xx_hal_msp.o(i.HAL_MspInit)
    HAL_NVIC_SetPriority                     0x08003cd9   Thumb Code    96  stm32g4xx_hal_cortex.o(i.HAL_NVIC_SetPriority)
    HAL_NVIC_SetPriorityGrouping             0x08003d3d   Thumb Code    30  stm32g4xx_hal_cortex.o(i.HAL_NVIC_SetPriorityGrouping)
    HAL_SYSTICK_Config                       0x08003d61   Thumb Code    38  stm32g4xx_hal_cortex.o(i.HAL_SYSTICK_Config)
    HEAP_free                                0x08003d8d   Thumb Code   134  heap.o(i.HEAP_free)
    HEAP_malloc                              0x08003e1d   Thumb Code   340  heap.o(i.HEAP_malloc)
    HardFault_Handler                        0x08003f7d   Thumb Code     4  stm32g4xx_it.o(i.HardFault_Handler)
    LED_init                                 0x080041d1   Thumb Code    54  led.o(i.LED_init)
    LED_loop                                 0x08004211   Thumb Code   146  led.o(i.LED_loop)
    LL_GPIO_Init                             0x080042ad   Thumb Code   328  stm32g4xx_ll_gpio.o(i.LL_GPIO_Init)
    LL_SPI_Init                              0x080043f5   Thumb Code   106  stm32g4xx_ll_spi.o(i.LL_SPI_Init)
    LL_SetSystemCoreClock                    0x08004461   Thumb Code     6  stm32g4xx_ll_utils.o(i.LL_SetSystemCoreClock)
    MX_I2C2_Init                             0x08004505   Thumb Code    80  oled_i2c.o(i.MX_I2C2_Init)
    MemManage_Handler                        0x08004561   Thumb Code     4  stm32g4xx_it.o(i.MemManage_Handler)
    NMI_Handler                              0x08004565   Thumb Code     4  stm32g4xx_it.o(i.NMI_Handler)
    OLED_Fill                                0x08004569   Thumb Code   136  oled_i2c.o(i.OLED_Fill)
    OLED_Init                                0x080045f5   Thumb Code   738  oled_i2c.o(i.OLED_Init)
    OLED_ShowStr                             0x080048dd   Thumb Code   570  oled_i2c.o(i.OLED_ShowStr)
    PWMC_switch_off_pwm                      0x08004b25   Thumb Code    30  pwm_curr_fdbk.o(i.PWMC_switch_off_pwm)
    PWMC_switch_on_pwm                       0x08004b4d   Thumb Code    56  pwm_curr_fdbk.o(i.PWMC_switch_on_pwm)
    PendSV_Handler                           0x08004b91   Thumb Code     2  stm32g4xx_it.o(i.PendSV_Handler)
    SVC_Handler                              0x08004b93   Thumb Code     2  stm32g4xx_it.o(i.SVC_Handler)
    SYSTICK_delay_ms                         0x08004b95   Thumb Code    90  systick.o(i.SYSTICK_delay_ms)
    SYSTICK_delay_us                         0x08004bf5   Thumb Code    74  systick.o(i.SYSTICK_delay_us)
    SYSTICK_get_ms_since                     0x08004c45   Thumb Code     8  systick.o(i.SYSTICK_get_ms_since)
    SYSTICK_get_tick                         0x08004c51   Thumb Code     6  systick.o(i.SYSTICK_get_tick)
    SYSTICK_init                             0x08004c5d   Thumb Code    70  systick.o(i.SYSTICK_init)
    SysTick_Handler                          0x08004cb1   Thumb Code    12  stm32g4xx_it.o(i.SysTick_Handler)
    SystemClock_Config                       0x08004cc1   Thumb Code   272  main.o(i.SystemClock_Config)
    SystemInit                               0x08004df1   Thumb Code    20  system_stm32g4xx.o(i.SystemInit)
    TRAJ_eval                                0x08004e0d   Thumb Code   208  traptraj.o(i.TRAJ_eval)
    TRAJ_plan                                0x08004ee9   Thumb Code   522  traptraj.o(i.TRAJ_plan)
    USART2_IRQHandler                        0x08005111   Thumb Code    22  stm32g4xx_it.o(i.USART2_IRQHandler)
    USR_CONFIG_read_cogging_map              0x08005131   Thumb Code    62  usr_config.o(i.USR_CONFIG_read_cogging_map)
    USR_CONFIG_read_config                   0x08005179   Thumb Code    46  usr_config.o(i.USR_CONFIG_read_config)
    USR_CONFIG_save_cogging_map              0x080051b1   Thumb Code   110  usr_config.o(i.USR_CONFIG_save_cogging_map)
    USR_CONFIG_save_config                   0x08005229   Thumb Code    92  usr_config.o(i.USR_CONFIG_save_config)
    USR_CONFIG_set_default_cogging_map       0x0800528d   Thumb Code    58  usr_config.o(i.USR_CONFIG_set_default_cogging_map)
    USR_CONFIG_set_default_config            0x080052d1   Thumb Code   220  usr_config.o(i.USR_CONFIG_set_default_config)
    UsageFault_Handler                       0x080053e9   Thumb Code     4  stm32g4xx_it.o(i.UsageFault_Handler)
    __aeabi_errno_addr                       0x080053ed   Thumb Code     4  errno.o(i.__aeabi_errno_addr)
    __rt_errno_addr                          0x080053ed   Thumb Code     0  errno.o(i.__aeabi_errno_addr)
    __hardfp_atof                            0x080053f9   Thumb Code    44  atof.o(i.__hardfp_atof)
    __hardfp_fmax                            0x08005431   Thumb Code   116  fmax.o(i.__hardfp_fmax)
    __hardfp_round                           0x080054a9   Thumb Code   194  round.o(i.__hardfp_round)
    __hardfp_sqrtf                           0x08005589   Thumb Code    58  sqrtf.o(i.__hardfp_sqrtf)
    __read_errno                             0x080055c5   Thumb Code     6  errno.o(i.__read_errno)
    __scatterload_copy                       0x080055d1   Thumb Code    14  handlers.o(i.__scatterload_copy)
    __scatterload_null                       0x080055df   Thumb Code     2  handlers.o(i.__scatterload_null)
    __scatterload_zeroinit                   0x080055e1   Thumb Code    14  handlers.o(i.__scatterload_zeroinit)
    __set_errno                              0x080055f1   Thumb Code     6  errno.o(i.__set_errno)
    _is_digit                                0x080055fd   Thumb Code    14  scanf_fp.o(i._is_digit)
    crc32                                    0x0800601d   Thumb Code   102  util.o(i.crc32)
    main                                     0x080060e5   Thumb Code   228  main.o(i.main)
    our_arm_cos_f32                          0x080061e5   Thumb Code   118  util.o(i.our_arm_cos_f32)
    our_arm_sin_f32                          0x08006269   Thumb Code   114  util.o(i.our_arm_sin_f32)
    svm                                      0x08006a3d   Thumb Code   414  util.o(i.svm)
    F6x8                                     0x08007068   Data         552  oled_i2c.o(.constdata)
    F8X16                                    0x08007290   Data        1520  oled_i2c.o(.constdata)
    __ctype_table                            0x08007880   Data         129  ctype_o.o(.constdata)
    sinTable_f32                             0x08007908   Data        2052  arm_common_tables.o(.rodata.sinTable_f32)
    Region$$Table$$Base                      0x0800810c   Number         0  anon$$obj.o(Region$$Table)
    Region$$Table$$Limit                     0x0800812c   Number         0  anon$$obj.o(Region$$Table)
    pCoggingMap                              0x20000000   Data           4  usr_config.o(.data)
    SysTickCnt                               0x20000004   Data           4  systick.o(.data)
    frameID_                                 0x20000020   Data           4  fdcan.o(.data)
    cmd_                                     0x20000024   Data           4  fdcan.o(.data)
    nodeID_                                  0x20000028   Data           4  fdcan.o(.data)
    AnticoggingValid                         0x200000f4   Data           1  anticogging.o(.data)
    SystemCoreClock                          0x20000118   Data           4  system_stm32g4xx.o(.data)
    uwTickPrio                               0x2000011c   Data           4  stm32g4xx_hal.o(.data)
    uwTickFreq                               0x20000120   Data           4  stm32g4xx_hal.o(.data)
    uwTick                                   0x20000124   Data           4  stm32g4xx_hal.o(.data)
    UsrConfig                                0x2000012c   Data         408  usr_config.o(.bss)
    hfdcan1                                  0x200002c4   Data         100  fdcan.o(.bss)
    Encoder                                  0x20000328   Data         196  encoder.o(.bss)
    Foc                                      0x200003ec   Data          52  foc.o(.bss)
    Controller                               0x20000420   Data          12  controller.o(.bss)
    Traj                                     0x2000042c   Data          24  traptraj.o(.bss)
    hi2c2                                    0x20003444   Data          76  oled_i2c.o(.bss)
    OLED_GRAM                                0x20003490   Data        1024  oled_i2c.o(.bss)
    __initial_sp                             0x20004890   Data           0  startup_stm32g431xx.o(STACK)



==============================================================================

Memory Map of the image

  Image Entry point : 0x080001d9

  Load Region LR_IROM1 (Base: 0x08000000, Size: 0x00008258, Max: 0x00020000, ABSOLUTE, COMPRESSED[0x00008138])

    Execution Region ER_IROM1 (Base: 0x08000000, Size: 0x0000812c, Max: 0x00020000, ABSOLUTE)

    Base Addr    Size         Type   Attr      Idx    E Section Name        Object

    0x08000000   0x000001d8   Data   RO            3    RESET               startup_stm32g431xx.o
    0x080001d8   0x00000000   Code   RO         3779  * .ARM.Collect$$$$00000000  mc_w.l(entry.o)
    0x080001d8   0x00000004   Code   RO         3798    .ARM.Collect$$$$00000001  mc_w.l(entry2.o)
    0x080001dc   0x00000004   Code   RO         3801    .ARM.Collect$$$$00000004  mc_w.l(entry5.o)
    0x080001e0   0x00000000   Code   RO         3803    .ARM.Collect$$$$00000008  mc_w.l(entry7b.o)
    0x080001e0   0x00000000   Code   RO         3805    .ARM.Collect$$$$0000000A  mc_w.l(entry8b.o)
    0x080001e0   0x00000008   Code   RO         3806    .ARM.Collect$$$$0000000B  mc_w.l(entry9a.o)
    0x080001e8   0x00000000   Code   RO         3808    .ARM.Collect$$$$0000000D  mc_w.l(entry10a.o)
    0x080001e8   0x00000000   Code   RO         3810    .ARM.Collect$$$$0000000F  mc_w.l(entry11a.o)
    0x080001e8   0x00000004   Code   RO         3799    .ARM.Collect$$$$00002712  mc_w.l(entry2.o)
    0x080001ec   0x00000024   Code   RO            4    .text               startup_stm32g431xx.o
    0x08000210   0x00000024   Code   RO         3782    .text               mc_w.l(memcpya.o)
    0x08000234   0x00000024   Code   RO         3784    .text               mc_w.l(memseta.o)
    0x08000258   0x0000001a   Code   RO         3786    .text               mc_w.l(memcmp.o)
    0x08000272   0x0000001a   Code   RO         3790    .text               mc_w.l(atoi.o)
    0x0800028c   0x0000003e   Code   RO         3792    .text               mf_w.l(dfixi.o)
    0x080002ca   0x00000026   Code   RO         3794    .text               mf_w.l(f2d.o)
    0x080002f0   0x00000038   Code   RO         3796    .text               mf_w.l(d2f.o)
    0x08000328   0x00000020   Code   RO         3812    .text               mc_w.l(llushr.o)
    0x08000348   0x0000009c   Code   RO         3821    .text               mc_w.l(strtod.o)
    0x080003e4   0x00000070   Code   RO         3823    .text               mc_w.l(strtol.o)
    0x08000454   0x00000000   Code   RO         3825    .text               mc_w.l(iusefp.o)
    0x08000454   0x0000006e   Code   RO         3826    .text               mf_w.l(fepilogue.o)
    0x080004c2   0x0000014e   Code   RO         3828    .text               mf_w.l(dadd.o)
    0x08000610   0x00000088   Code   RO         3830    .text               mf_w.l(drnd.o)
    0x08000698   0x00000030   Code   RO         3832    .text               mf_w.l(cdcmple.o)
    0x080006c8   0x00000030   Code   RO         3834    .text               mf_w.l(cdrcmple.o)
    0x080006f8   0x00000060   Code   RO         3836    .text               mf_w.l(dcmp4.o)
    0x08000758   0x00000024   Code   RO         3838    .text               mc_w.l(init.o)
    0x0800077c   0x0000001e   Code   RO         3840    .text               mc_w.l(llshl.o)
    0x0800079a   0x00000024   Code   RO         3842    .text               mc_w.l(llsshr.o)
    0x080007be   0x00000002   PAD
    0x080007c0   0x00000008   Code   RO         3846    .text               mc_w.l(ctype_o.o)
    0x080007c8   0x00000012   Code   RO         3868    .text               mc_w.l(isspace_o.o)
    0x080007da   0x00000002   PAD
    0x080007dc   0x00000338   Code   RO         3874    .text               mc_w.l(scanf_fp.o)
    0x08000b14   0x00000040   Code   RO         3878    .text               mc_w.l(_sgetc.o)
    0x08000b54   0x0000009e   Code   RO         3880    .text               mc_w.l(_strtoul.o)
    0x08000bf2   0x000000ba   Code   RO         3882    .text               mf_w.l(depilogue.o)
    0x08000cac   0x0000001c   Code   RO         3887    .text               mc_w.l(_chval.o)
    0x08000cc8   0x000000e4   Code   RO         3889    .text               mf_w.l(dmul.o)
    0x08000dac   0x000000de   Code   RO         3891    .text               mf_w.l(ddiv.o)
    0x08000e8a   0x00000018   Code   RO         3893    .text               mf_w.l(dfltul.o)
    0x08000ea2   0x0000003a   Code   RO         3903    .text               mc_w.l(__dczerorl.o)
    0x08000edc   0x000000cc   Code   RO         1060    i.ADC1_2_IRQHandler  stm32g4xx_it.o
    0x08000fa8   0x00000014   Code   RO         1585    i.ANTICOGGING_abort  anticogging.o
    0x08000fbc   0x00000228   Code   RO         1587    i.ANTICOGGING_loop  anticogging.o
    0x080011e4   0x00000018   Code   RO         1588    i.ANTICOGGING_start  anticogging.o
    0x080011fc   0x00000004   Code   RO         1061    i.BusFault_Handler  stm32g4xx_it.o
    0x08001200   0x00000030   Code   RO         1539    i.CALIBRATION_end   calibration.o
    0x08001230   0x00000764   Code   RO         1540    i.CALIBRATION_loop  calibration.o
    0x08001994   0x00000044   Code   RO         1541    i.CALIBRATION_start  calibration.o
    0x080019d8   0x0000000c   Code   RO         1436    i.CONTROLLER_get_integrator_current  controller.o
    0x080019e4   0x0000002c   Code   RO         1437    i.CONTROLLER_move_to_pos  controller.o
    0x08001a10   0x00000080   Code   RO         1438    i.CONTROLLER_reset  controller.o
    0x08001a90   0x0000031c   Code   RO         1439    i.CONTROLLER_update  controller.o
    0x08001dac   0x0000001a   Code   RO         1204    i.DRV8323_disable_gd  drv8323.o
    0x08001dc6   0x0000001a   Code   RO         1205    i.DRV8323_enable_gd  drv8323.o
    0x08001de0   0x0000002e   Code   RO         1206    i.DRV8323_getFault  drv8323.o
    0x08001e0e   0x00000002   PAD
    0x08001e10   0x00000014   Code   RO         1208    i.DRV8323_isFault   drv8323.o
    0x08001e24   0x00000090   Code   RO         1211    i.DRV8323_read_reg  drv8323.o
    0x08001eb4   0x000000e8   Code   RO         1212    i.DRV8323_reset     drv8323.o
    0x08001f9c   0x0000008c   Code   RO         1219    i.DRV8323_write_reg  drv8323.o
    0x08002028   0x00000002   Code   RO         1062    i.DebugMon_Handler  stm32g4xx_it.o
    0x0800202a   0x00000002   PAD
    0x0800202c   0x00000104   Code   RO         1159    i.ENCODER_init      encoder.o
    0x08002130   0x00000198   Code   RO         1160    i.ENCODER_sample    encoder.o
    0x080022c8   0x00000008   Code   RO          234    i.Error_Handler     main.o
    0x080022d0   0x0000003c   Code   RO         1063    i.FDCAN1_IT0_IRQHandler  stm32g4xx_it.o
    0x0800230c   0x00000068   Code   RO          539    i.FDCAN_init        fdcan.o
    0x08002374   0x00000054   Code   RO          540    i.FDCAN_report_anticogging  fdcan.o
    0x080023c8   0x00000054   Code   RO          541    i.FDCAN_report_calibration  fdcan.o
    0x0800241c   0x00000038   Code   RO          542    i.FDCAN_report_error  fdcan.o
    0x08002454   0x00000010   Code   RO          543    i.FDCAN_reset_timeout  fdcan.o
    0x08002464   0x00000380   Code   RO          544    i.FDCAN_rx_callback  fdcan.o
    0x080027e4   0x00000034   Code   RO          545    i.FDCAN_timeout_check_loop  fdcan.o
    0x08002818   0x00000144   Code   RO          452    i.FLASH_erase_page  flash.o
    0x0800295c   0x00000020   Code   RO          453    i.FLASH_lock        flash.o
    0x0800297c   0x0000003c   Code   RO          454    i.FLASH_program     flash.o
    0x080029b8   0x00000030   Code   RO          455    i.FLASH_unlock      flash.o
    0x080029e8   0x00000020   Code   RO         1323    i.FOC_arm           foc.o
    0x08002a08   0x00000204   Code   RO         1324    i.FOC_current       foc.o
    0x08002c0c   0x00000020   Code   RO         1325    i.FOC_disarm        foc.o
    0x08002c2c   0x00000030   Code   RO         1327    i.FOC_reset         foc.o
    0x08002c5c   0x00000036   Code   RO         1328    i.FOC_zero_current  foc.o
    0x08002c92   0x00000002   PAD
    0x08002c94   0x0000000c   Code   RO         1387    i.FSM_get_error     fsm.o
    0x08002ca0   0x0000000c   Code   RO         1388    i.FSM_get_stat      fsm.o
    0x08002cac   0x000001d8   Code   RO         1389    i.FSM_input         fsm.o
    0x08002e84   0x00000188   Code   RO         1390    i.FSM_loop          fsm.o
    0x0800300c   0x00000028   Code   RO         3238    i.HAL_Delay         stm32g4xx_hal.o
    0x08003034   0x00000120   Code   RO          631    i.HAL_FDCAN_ActivateNotification  stm32g4xx_hal_fdcan.o
    0x08003154   0x000000cc   Code   RO          632    i.HAL_FDCAN_AddMessageToTxFifoQ  stm32g4xx_hal_fdcan.o
    0x08003220   0x0000002c   Code   RO          636    i.HAL_FDCAN_ConfigInterruptLines  stm32g4xx_hal_fdcan.o
    0x0800324c   0x00000014   Code   RO          664    i.HAL_FDCAN_GetRxFifoFillLevel  stm32g4xx_hal_fdcan.o
    0x08003260   0x0000012c   Code   RO          665    i.HAL_FDCAN_GetRxMessage  stm32g4xx_hal_fdcan.o
    0x0800338c   0x00000228   Code   RO          673    i.HAL_FDCAN_Init    stm32g4xx_hal_fdcan.o
    0x080035b4   0x000000a8   Code   RO          546    i.HAL_FDCAN_MspInit  fdcan.o
    0x0800365c   0x0000002c   Code   RO          682    i.HAL_FDCAN_Start   stm32g4xx_hal_fdcan.o
    0x08003688   0x00000240   Code   RO         3598    i.HAL_GPIO_Init     stm32g4xx_hal_gpio.o
    0x080038c8   0x0000000c   Code   RO         3242    i.HAL_GetTick       stm32g4xx_hal.o
    0x080038d4   0x00000056   Code   RO         2622    i.HAL_I2CEx_ConfigAnalogFilter  stm32g4xx_hal_i2c_ex.o
    0x0800392a   0x00000052   Code   RO         2623    i.HAL_I2CEx_ConfigDigitalFilter  stm32g4xx_hal_i2c_ex.o
    0x0800397c   0x000000b0   Code   RO         2825    i.HAL_I2C_Init      stm32g4xx_hal_i2c.o
    0x08003a2c   0x00000174   Code   RO         2838    i.HAL_I2C_Master_Transmit  stm32g4xx_hal_i2c.o
    0x08003ba0   0x00000098   Code   RO         1899    i.HAL_I2C_MspInit   stm32g4xx_hal_msp.o
    0x08003c38   0x00000010   Code   RO         3245    i.HAL_IncTick       stm32g4xx_hal.o
    0x08003c48   0x0000001e   Code   RO         3246    i.HAL_Init          stm32g4xx_hal.o
    0x08003c66   0x00000002   PAD
    0x08003c68   0x00000044   Code   RO         3247    i.HAL_InitTick      stm32g4xx_hal.o
    0x08003cac   0x0000002c   Code   RO         1900    i.HAL_MspInit       stm32g4xx_hal_msp.o
    0x08003cd8   0x00000064   Code   RO         3476    i.HAL_NVIC_SetPriority  stm32g4xx_hal_cortex.o
    0x08003d3c   0x00000024   Code   RO         3477    i.HAL_NVIC_SetPriorityGrouping  stm32g4xx_hal_cortex.o
    0x08003d60   0x0000002c   Code   RO         3481    i.HAL_SYSTICK_Config  stm32g4xx_hal_cortex.o
    0x08003d8c   0x00000090   Code   RO         1636    i.HEAP_free         heap.o
    0x08003e1c   0x00000160   Code   RO         1639    i.HEAP_malloc       heap.o
    0x08003f7c   0x00000004   Code   RO         1064    i.HardFault_Handler  stm32g4xx_it.o
    0x08003f80   0x0000006e   Code   RO         2881    i.I2C_WaitOnFlagUntilTimeout  stm32g4xx_hal_i2c.o
    0x08003fee   0x00000002   PAD
    0x08003ff0   0x000000ec   Code   RO         2882    i.I2C_WaitOnSTOPFlagUntilTimeout  stm32g4xx_hal_i2c.o
    0x080040dc   0x000000f4   Code   RO         2883    i.I2C_WaitOnTXISFlagUntilTimeout  stm32g4xx_hal_i2c.o
    0x080041d0   0x00000040   Code   RO          412    i.LED_init          led.o
    0x08004210   0x0000009c   Code   RO          413    i.LED_loop          led.o
    0x080042ac   0x00000148   Code   RO         2072    i.LL_GPIO_Init      stm32g4xx_ll_gpio.o
    0x080043f4   0x0000006a   Code   RO         2162    i.LL_SPI_Init       stm32g4xx_ll_spi.o
    0x0800445e   0x00000002   PAD
    0x08004460   0x0000000c   Code   RO         1976    i.LL_SetSystemCoreClock  stm32g4xx_ll_utils.o
    0x0800446c   0x00000098   Code   RO         1161    i.MA730_read_raw    encoder.o
    0x08004504   0x0000005c   Code   RO         1761    i.MX_I2C2_Init      oled_i2c.o
    0x08004560   0x00000004   Code   RO         1065    i.MemManage_Handler  stm32g4xx_it.o
    0x08004564   0x00000004   Code   RO         1066    i.NMI_Handler       stm32g4xx_it.o
    0x08004568   0x0000008c   Code   RO         1765    i.OLED_Fill         oled_i2c.o
    0x080045f4   0x000002e8   Code   RO         1766    i.OLED_Init         oled_i2c.o
    0x080048dc   0x00000248   Code   RO         1774    i.OLED_ShowStr      oled_i2c.o
    0x08004b24   0x00000028   Code   RO         1014    i.PWMC_switch_off_pwm  pwm_curr_fdbk.o
    0x08004b4c   0x00000044   Code   RO         1015    i.PWMC_switch_on_pwm  pwm_curr_fdbk.o
    0x08004b90   0x00000002   Code   RO         1067    i.PendSV_Handler    stm32g4xx_it.o
    0x08004b92   0x00000002   Code   RO         1068    i.SVC_Handler       stm32g4xx_it.o
    0x08004b94   0x00000060   Code   RO          354    i.SYSTICK_delay_ms  systick.o
    0x08004bf4   0x00000050   Code   RO          355    i.SYSTICK_delay_us  systick.o
    0x08004c44   0x0000000c   Code   RO          356    i.SYSTICK_get_ms_since  systick.o
    0x08004c50   0x0000000c   Code   RO          357    i.SYSTICK_get_tick  systick.o
    0x08004c5c   0x00000054   Code   RO          358    i.SYSTICK_init      systick.o
    0x08004cb0   0x00000010   Code   RO         1069    i.SysTick_Handler   stm32g4xx_it.o
    0x08004cc0   0x00000130   Code   RO          236    i.SystemClock_Config  main.o
    0x08004df0   0x0000001c   Code   RO         1935    i.SystemInit        system_stm32g4xx.o
    0x08004e0c   0x000000dc   Code   RO         1489    i.TRAJ_eval         traptraj.o
    0x08004ee8   0x00000228   Code   RO         1490    i.TRAJ_plan         traptraj.o
    0x08005110   0x00000020   Code   RO         1070    i.USART2_IRQHandler  stm32g4xx_it.o
    0x08005130   0x00000048   Code   RO           13    i.USR_CONFIG_read_cogging_map  usr_config.o
    0x08005178   0x00000038   Code   RO           14    i.USR_CONFIG_read_config  usr_config.o
    0x080051b0   0x00000078   Code   RO           15    i.USR_CONFIG_save_cogging_map  usr_config.o
    0x08005228   0x00000064   Code   RO           16    i.USR_CONFIG_save_config  usr_config.o
    0x0800528c   0x00000044   Code   RO           17    i.USR_CONFIG_set_default_cogging_map  usr_config.o
    0x080052d0   0x00000118   Code   RO           18    i.USR_CONFIG_set_default_config  usr_config.o
    0x080053e8   0x00000004   Code   RO         1071    i.UsageFault_Handler  stm32g4xx_it.o
    0x080053ec   0x00000008   Code   RO         3814    i.__aeabi_errno_addr  mc_w.l(errno.o)
    0x080053f4   0x00000004   PAD
    0x080053f8   0x00000038   Code   RO         3753    i.__hardfp_atof     m_wm.l(atof.o)
    0x08005430   0x00000074   Code   RO         3759    i.__hardfp_fmax     m_wm.l(fmax.o)
    0x080054a4   0x00000004   PAD
    0x080054a8   0x000000e0   Code   RO         3763    i.__hardfp_round    m_wm.l(round.o)
    0x08005588   0x0000003a   Code   RO         3767    i.__hardfp_sqrtf    m_wm.l(sqrtf.o)
    0x080055c2   0x00000002   PAD
    0x080055c4   0x0000000c   Code   RO         3815    i.__read_errno      mc_w.l(errno.o)
    0x080055d0   0x0000000e   Code   RO         3897    i.__scatterload_copy  mc_w.l(handlers.o)
    0x080055de   0x00000002   Code   RO         3898    i.__scatterload_null  mc_w.l(handlers.o)
    0x080055e0   0x0000000e   Code   RO         3899    i.__scatterload_zeroinit  mc_w.l(handlers.o)
    0x080055ee   0x00000002   PAD
    0x080055f0   0x0000000c   Code   RO         3816    i.__set_errno       mc_w.l(errno.o)
    0x080055fc   0x0000000e   Code   RO         3876    i._is_digit         mc_w.l(scanf_fp.o)
    0x0800560a   0x00000002   PAD
    0x0800560c   0x000000f4   Code   RO         1542    i.apply_voltage_timings  calibration.o
    0x08005700   0x00000034   Code   RO          547    i.can_send          fdcan.o
    0x08005734   0x000008e8   Code   RO          548    i.config_callback   fdcan.o
    0x0800601c   0x0000006c   Code   RO         1683    i.crc32             util.o
    0x08006088   0x0000005c   Code   RO          456    i.flash_wait_for_last_operation  flash.o
    0x080060e4   0x00000100   Code   RO          237    i.main              main.o
    0x080061e4   0x00000084   Code   RO         1687    i.our_arm_cos_f32   util.o
    0x08006268   0x00000080   Code   RO         1688    i.our_arm_sin_f32   util.o
    0x080062e8   0x00000752   Code   RO         1391    i.process_user_input  fsm.o
    0x08006a3a   0x00000002   PAD
    0x08006a3c   0x000001b0   Code   RO         1689    i.svm               util.o
    0x08006bec   0x0000006c   Code   RO          549    i.sync_callback     fdcan.o
    0x08006c58   0x00000010   Data   RO          690    .constdata          stm32g4xx_hal_fdcan.o
    0x08006c68   0x00000400   Data   RO         1690    .constdata          util.o
    0x08007068   0x00000818   Data   RO         1780    .constdata          oled_i2c.o
    0x08007880   0x00000081   Data   RO         3847    .constdata          mc_w.l(ctype_o.o)
    0x08007901   0x00000003   PAD
    0x08007904   0x00000004   Data   RO         3848    .constdata          mc_w.l(ctype_o.o)
    0x08007908   0x00000804   Data   RO         3745    .rodata.sinTable_f32  arm_cortexM4lf_math.lib(arm_common_tables.o)
    0x0800810c   0x00000020   Data   RO         3895    Region$$Table       anon$$obj.o


    Execution Region RW_IRAM1 (Base: 0x20000000, Size: 0x00004890, Max: 0x00008000, ABSOLUTE, COMPRESSED[0x0000000c])

    Base Addr    Size         Type   Attr      Idx    E Section Name        Object

    0x20000000   0x00000004   Data   RW           20    .data               usr_config.o
    0x20000004   0x00000004   Data   RW          359    .data               systick.o
    0x20000008   0x00000008   Data   RW          414    .data               led.o
    0x20000010   0x0000001c   Data   RW          551    .data               fdcan.o
    0x2000002c   0x00000001   Data   RW         1330    .data               foc.o
    0x2000002d   0x00000003   PAD
    0x20000030   0x0000004c   Data   RW         1392    .data               fsm.o
    0x2000007c   0x0000001c   Data   RW         1441    .data               controller.o
    0x20000098   0x00000028   Data   RW         1493    .data               traptraj.o
    0x200000c0   0x00000034   Data   RW         1543    .data               calibration.o
    0x200000f4   0x0000000c   Data   RW         1589    .data               anticogging.o
    0x20000100   0x00000018   Data   RW         1641    .data               heap.o
    0x20000118   0x00000004   Data   RW         1938    .data               system_stm32g4xx.o
    0x2000011c   0x0000000c   Data   RW         3266    .data               stm32g4xx_hal.o
    0x20000128   0x00000004   Data   RW         3817    .data               mc_w.l(errno.o)
    0x2000012c   0x00000198   Zero   RW           19    .bss                usr_config.o
    0x200002c4   0x00000064   Zero   RW          550    .bss                fdcan.o
    0x20000328   0x000000c4   Zero   RW         1162    .bss                encoder.o
    0x200003ec   0x00000034   Zero   RW         1329    .bss                foc.o
    0x20000420   0x0000000c   Zero   RW         1440    .bss                controller.o
    0x2000042c   0x00000018   Zero   RW         1492    .bss                traptraj.o
    0x20000444   0x00003000   Zero   RW         1640    .bss                heap.o
    0x20003444   0x0000044c   Zero   RW         1779    .bss                oled_i2c.o
    0x20003890   0x00001000   Zero   RW            1    STACK               startup_stm32g431xx.o


==============================================================================

Image component sizes


      Code (inc. data)   RO Data    RW Data    ZI Data      Debug   Object Name

       596         46          0         12          0       4362   anticogging.o
      2252        146          0         52          0       7185   calibration.o
       980         90          0         28         12       4981   controller.o
       634         20          0          0          0       7190   drv8323.o
       820         56          0          0        196      16566   encoder.o
      3900        176          0         28        100      17793   fdcan.o
       556         38          0          0          0       6007   flash.o
       682         60          0          1         52       6558   foc.o
      2762        798          0         76          0       4890   fsm.o
       496         22          0         24      12288       3394   heap.o
       220         28          0          8          0      11646   led.o
       568         60          0          0          0     101518   main.o
      1560         36       2072          0       1100       8684   oled_i2c.o
       108         22          0          0          0      45347   pwm_curr_fdbk.o
        36          8        472          0       4096        820   startup_stm32g431xx.o
       166         26          0         12          0       4213   stm32g4xx_hal.o
       180         16          0          0          0      32662   stm32g4xx_hal_cortex.o
      1452         42         16          0          0      28766   stm32g4xx_hal_fdcan.o
       576         20          0          0          0       1688   stm32g4xx_hal_gpio.o
      1138         22          0          0          0       8321   stm32g4xx_hal_i2c.o
       168          0          0          0          0       1863   stm32g4xx_hal_i2c_ex.o
       196         12          0          0          0       1612   stm32g4xx_hal_msp.o
       338         58          0          0          0      93838   stm32g4xx_it.o
       328          0          0          0          0       7331   stm32g4xx_ll_gpio.o
       106          0          0          0          0      17050   stm32g4xx_ll_spi.o
        12          6          0          0          0       6216   stm32g4xx_ll_utils.o
        28          8          0          4          0       1111   system_stm32g4xx.o
       284         36          0          4          0      33899   systick.o
       772         42          0         40         24       3566   traptraj.o
         0          0          0          0          0      35563   uart.o
       696        108          0          4        408     499220   usr_config.o
       800         52       1024          0          0       3990   util.o

    ----------------------------------------------------------------------
     23424       2054       3616        296      18276    1027850   Object Totals
         0          0         32          0          0          0   (incl. Generated)
        14          0          0          3          0          0   (incl. Padding)

    ----------------------------------------------------------------------

      Code (inc. data)   RO Data    RW Data    ZI Data      Debug   Library Member Name

         0          0       2052          0          0       4961   arm_common_tables.o
        56         12          0          0          0        132   atof.o
       116          0          0          0          0        164   fmax.o
       224         30          0          0          0        172   round.o
        58          0          0          0          0        136   sqrtf.o
        58          0          0          0          0          0   __dczerorl.o
        28          0          0          0          0         68   _chval.o
        64          0          0          0          0         84   _sgetc.o
       158          0          0          0          0         92   _strtoul.o
        26          0          0          0          0         80   atoi.o
         8          4        133          0          0         68   ctype_o.o
         0          0          0          0          0          0   entry.o
         0          0          0          0          0          0   entry10a.o
         0          0          0          0          0          0   entry11a.o
         8          4          0          0          0          0   entry2.o
         4          0          0          0          0          0   entry5.o
         0          0          0          0          0          0   entry7b.o
         0          0          0          0          0          0   entry8b.o
         8          4          0          0          0          0   entry9a.o
        32         16          0          4          0        204   errno.o
        30          0          0          0          0          0   handlers.o
        36          8          0          0          0         68   init.o
        18          0          0          0          0         76   isspace_o.o
         0          0          0          0          0          0   iusefp.o
        30          0          0          0          0         68   llshl.o
        36          0          0          0          0         68   llsshr.o
        32          0          0          0          0         68   llushr.o
        26          0          0          0          0         80   memcmp.o
        36          0          0          0          0         68   memcpya.o
        36          0          0          0          0        108   memseta.o
       838         12          0          0          0        216   scanf_fp.o
       156         14          0          0          0        120   strtod.o
       112          0          0          0          0         88   strtol.o
        48          0          0          0          0         68   cdcmple.o
        48          0          0          0          0         68   cdrcmple.o
        56          0          0          0          0         88   d2f.o
       334          0          0          0          0        148   dadd.o
        96          0          0          0          0         80   dcmp4.o
       222          0          0          0          0        100   ddiv.o
       186          0          0          0          0        176   depilogue.o
        62          0          0          0          0         80   dfixi.o
        24          0          0          0          0         76   dfltul.o
       228          0          0          0          0         96   dmul.o
       136          4          0          0          0         92   drnd.o
        38          0          0          0          0         68   f2d.o
       110          0          0          0          0        168   fepilogue.o

    ----------------------------------------------------------------------
      3840        112       2188          4          0       8497   Library Totals
        18          4          3          0          0          0   (incl. Padding)

    ----------------------------------------------------------------------

      Code (inc. data)   RO Data    RW Data    ZI Data      Debug   Library Name

         0          0       2052          0          0       4961   arm_cortexM4lf_math.lib
       454         42          0          0          0        604   m_wm.l
      1780         62        133          4          0       1624   mc_w.l
      1588          4          0          0          0       1308   mf_w.l

    ----------------------------------------------------------------------
      3840        112       2188          4          0       8497   Library Totals

    ----------------------------------------------------------------------

==============================================================================


      Code (inc. data)   RO Data    RW Data    ZI Data      Debug   

     27264       2166       5804        300      18276    1024223   Grand Totals
     27264       2166       5804         12      18276    1024223   ELF Image Totals (compressed)
     27264       2166       5804         12          0          0   ROM Totals

==============================================================================

    Total RO  Size (Code + RO Data)                33068 (  32.29kB)
    Total RW  Size (RW Data + ZI Data)             18576 (  18.14kB)
    Total ROM Size (Code + RO Data + RW Data)      33080 (  32.30kB)

==============================================================================

