Component: ARM Compiler 5.06 (build 20) Tool: armlink [4d35a3]

==============================================================================

Section Cross References

    startup_stm32g431xx.o(RESET) refers to startup_stm32g431xx.o(STACK) for __initial_sp
    startup_stm32g431xx.o(RESET) refers to startup_stm32g431xx.o(.text) for Reset_Handler
    startup_stm32g431xx.o(RESET) refers to stm32g4xx_it.o(i.NMI_Handler) for NMI_Handler
    startup_stm32g431xx.o(RESET) refers to stm32g4xx_it.o(i.HardFault_Handler) for HardFault_Handler
    startup_stm32g431xx.o(RESET) refers to stm32g4xx_it.o(i.MemManage_Handler) for MemManage_Handler
    startup_stm32g431xx.o(RESET) refers to stm32g4xx_it.o(i.BusFault_Handler) for BusFault_Handler
    startup_stm32g431xx.o(RESET) refers to stm32g4xx_it.o(i.UsageFault_Handler) for UsageFault_Handler
    startup_stm32g431xx.o(RESET) refers to stm32g4xx_it.o(i.SVC_Handler) for SVC_Handler
    startup_stm32g431xx.o(RESET) refers to stm32g4xx_it.o(i.DebugMon_Handler) for DebugMon_Handler
    startup_stm32g431xx.o(RESET) refers to stm32g4xx_it.o(i.PendSV_Handler) for PendSV_Handler
    startup_stm32g431xx.o(RESET) refers to stm32g4xx_it.o(i.SysTick_Handler) for SysTick_Handler
    startup_stm32g431xx.o(RESET) refers to stm32g4xx_it.o(i.ADC1_2_IRQHandler) for ADC1_2_IRQHandler
    startup_stm32g431xx.o(RESET) refers to stm32g4xx_it.o(i.FDCAN1_IT0_IRQHandler) for FDCAN1_IT0_IRQHandler
    startup_stm32g431xx.o(RESET) refers to stm32g4xx_it.o(i.USART2_IRQHandler) for USART2_IRQHandler
    startup_stm32g431xx.o(.text) refers to system_stm32g4xx.o(i.SystemInit) for SystemInit
    startup_stm32g431xx.o(.text) refers to entry.o(.ARM.Collect$$$$00000000) for __main
    usr_config.o(i.USR_CONFIG_read_cogging_map) refers to heap.o(i.HEAP_malloc) for HEAP_malloc
    usr_config.o(i.USR_CONFIG_read_cogging_map) refers to memcpya.o(.text) for __aeabi_memcpy4
    usr_config.o(i.USR_CONFIG_read_cogging_map) refers to util.o(i.crc32) for crc32
    usr_config.o(i.USR_CONFIG_read_cogging_map) refers to usr_config.o(.data) for .data
    usr_config.o(i.USR_CONFIG_read_config) refers to memcpya.o(.text) for __aeabi_memcpy4
    usr_config.o(i.USR_CONFIG_read_config) refers to util.o(i.crc32) for crc32
    usr_config.o(i.USR_CONFIG_read_config) refers to usr_config.o(.bss) for .bss
    usr_config.o(i.USR_CONFIG_save_cogging_map) refers to flash.o(i.FLASH_unlock) for FLASH_unlock
    usr_config.o(i.USR_CONFIG_save_cogging_map) refers to flash.o(i.FLASH_erase_page) for FLASH_erase_page
    usr_config.o(i.USR_CONFIG_save_cogging_map) refers to util.o(i.crc32) for crc32
    usr_config.o(i.USR_CONFIG_save_cogging_map) refers to flash.o(i.FLASH_program) for FLASH_program
    usr_config.o(i.USR_CONFIG_save_cogging_map) refers to flash.o(i.FLASH_lock) for FLASH_lock
    usr_config.o(i.USR_CONFIG_save_cogging_map) refers to usr_config.o(.data) for .data
    usr_config.o(i.USR_CONFIG_save_config) refers to flash.o(i.FLASH_unlock) for FLASH_unlock
    usr_config.o(i.USR_CONFIG_save_config) refers to flash.o(i.FLASH_erase_page) for FLASH_erase_page
    usr_config.o(i.USR_CONFIG_save_config) refers to util.o(i.crc32) for crc32
    usr_config.o(i.USR_CONFIG_save_config) refers to flash.o(i.FLASH_program) for FLASH_program
    usr_config.o(i.USR_CONFIG_save_config) refers to flash.o(i.FLASH_lock) for FLASH_lock
    usr_config.o(i.USR_CONFIG_save_config) refers to usr_config.o(.bss) for .bss
    usr_config.o(i.USR_CONFIG_set_default_cogging_map) refers to heap.o(i.HEAP_malloc) for HEAP_malloc
    usr_config.o(i.USR_CONFIG_set_default_cogging_map) refers to usr_config.o(.data) for .data
    usr_config.o(i.USR_CONFIG_set_default_config) refers to usr_config.o(.bss) for .bss
    main.o(i.Error_Handler) refers to foc.o(i.FOC_disarm) for FOC_disarm
    main.o(i.SystemClock_Config) refers to stm32g4xx_ll_utils.o(i.LL_SetSystemCoreClock) for LL_SetSystemCoreClock
    main.o(i.main) refers to main.o(i.SystemClock_Config) for SystemClock_Config
    main.o(i.main) refers to systick.o(i.SYSTICK_init) for SYSTICK_init
    main.o(i.main) refers to led.o(i.LED_init) for LED_init
    main.o(i.main) refers to fdcan.o(i.FDCAN_init) for FDCAN_init
    main.o(i.main) refers to encoder.o(i.ENCODER_init) for ENCODER_init
    main.o(i.main) refers to drv8323.o(i.DRV8323_init) for DRV8323_init
    main.o(i.main) refers to usr_config.o(i.USR_CONFIG_read_config) for USR_CONFIG_read_config
    main.o(i.main) refers to usr_config.o(i.USR_CONFIG_set_default_config) for USR_CONFIG_set_default_config
    main.o(i.main) refers to usr_config.o(i.USR_CONFIG_read_cogging_map) for USR_CONFIG_read_cogging_map
    main.o(i.main) refers to usr_config.o(i.USR_CONFIG_set_default_cogging_map) for USR_CONFIG_set_default_cogging_map
    main.o(i.main) refers to fsm.o(i.FSM_input) for FSM_input
    main.o(i.main) refers to led.o(i.LED_loop) for LED_loop
    main.o(i.main) refers to fdcan.o(i.FDCAN_timeout_check_loop) for FDCAN_timeout_check_loop
[...]
    Removing arm_common_tables.o(.rodata.twiddleCoef_256), (2048 bytes).
    Removing arm_common_tables.o(.rodata.twiddleCoef_512), (4096 bytes).
    Removing arm_common_tables.o(.rodata.twiddleCoef_1024), (8192 bytes).
    Removing arm_common_tables.o(.rodata.twiddleCoef_2048), (16384 bytes).
    Removing arm_common_tables.o(.rodata.twiddleCoef_4096), (32768 bytes).
    Removing arm_common_tables.o(.rodata.twiddleCoef_16_q31), (96 bytes).
    Removing arm_common_tables.o(.rodata.twiddleCoef_32_q31), (192 bytes).
    Removing arm_common_tables.o(.rodata.twiddleCoef_64_q31), (384 bytes).
    Removing arm_common_tables.o(.rodata.twiddleCoef_128_q31), (768 bytes).
    Removing arm_common_tables.o(.rodata.twiddleCoef_256_q31), (1536 bytes).
    Removing arm_common_tables.o(.rodata.twiddleCoef_512_q31), (3072 bytes).
    Removing arm_common_tables.o(.rodata.twiddleCoef_1024_q31), (6144 bytes).
    Removing arm_common_tables.o(.rodata.twiddleCoef_2048_q31), (12288 bytes).
    Removing arm_common_tables.o(.rodata.twiddleCoef_4096_q31), (24576 bytes).
    Removing arm_common_tables.o(.rodata.twiddleCoef_16_q15), (48 bytes).
    Removing arm_common_tables.o(.rodata.twiddleCoef_32_q15), (96 bytes).
    Removing arm_common_tables.o(.rodata.twiddleCoef_64_q15), (192 bytes).
    Removing arm_common_tables.o(.rodata.twiddleCoef_128_q15), (384 bytes).
    Removing arm_common_tables.o(.rodata.twiddleCoef_256_q15), (768 bytes).
    Removing arm_common_tables.o(.rodata.twiddleCoef_512_q15), (1536 bytes).
    Removing arm_common_tables.o(.rodata.twiddleCoef_1024_q15), (3072 bytes).
    Removing arm_common_tables.o(.rodata.twiddleCoef_2048_q15), (6144 bytes).
    Removing arm_common_tables.o(.rodata.twiddleCoef_4096_q15), (12288 bytes).
    Removing arm_common_tables.o(.rodata.armBitRevIndexTable16), (40 bytes).
    Removing arm_common_tables.o(.rodata.armBitRevIndexTable32), (96 bytes).
    Removing arm_common_tables.o(.rodata.armBitRevIndexTable64), (112 bytes).
    Removing arm_common_tables.o(.rodata.armBitRevIndexTable128), (416 bytes).
    Removing arm_common_tables.o(.rodata.armBitRevIndexTable256), (880 bytes).
    Removing arm_common_tables.o(.rodata.armBitRevIndexTable512), (896 bytes).
    Removing arm_common_tables.o(.rodata.armBitRevIndexTable1024), (3600 bytes).
    Removing arm_common_tables.o(.rodata.armBitRevIndexTable2048), (7616 bytes).
    Removing arm_common_tables.o(.rodata.armBitRevIndexTable4096), (8064 bytes).
    Removing arm_common_tables.o(.rodata.armBitRevIndexTable_fixed_16), (24 bytes).
    Removing arm_common_tables.o(.rodata.armBitRevIndexTable_fixed_32), (48 bytes).
    Removing arm_common_tables.o(.rodata.armBitRevIndexTable_fixed_64), (112 bytes).
    Removing arm_common_tables.o(.rodata.armBitRevIndexTable_fixed_128), (224 bytes).
    Removing arm_common_tables.o(.rodata.armBitRevIndexTable_fixed_256), (480 bytes).
    Removing arm_common_tables.o(.rodata.armBitRevIndexTable_fixed_512), (960 bytes).
    Removing arm_common_tables.o(.rodata.armBitRevIndexTable_fixed_1024), (1984 bytes).
    Removing arm_common_tables.o(.rodata.armBitRevIndexTable_fixed_2048), (3968 bytes).
    Removing arm_common_tables.o(.rodata.armBitRevIndexTable_fixed_4096), (8064 bytes).
    Removing arm_common_tables.o(.rodata.twiddleCoef_rfft_32), (128 bytes).
    Removing arm_common_tables.o(.rodata.twiddleCoef_rfft_64), (256 bytes).
    Removing arm_common_tables.o(.rodata.twiddleCoef_rfft_128), (512 bytes).
    Removing arm_common_tables.o(.rodata.twiddleCoef_rfft_256), (1024 bytes).
    Removing arm_common_tables.o(.rodata.twiddleCoef_rfft_512), (2048 bytes).
    Removing arm_common_tables.o(.rodata.twiddleCoef_rfft_1024), (4096 bytes).
    Removing arm_common_tables.o(.rodata.twiddleCoef_rfft_2048), (8192 bytes).
    Removing arm_common_tables.o(.rodata.twiddleCoef_rfft_4096), (16384 bytes).
    Removing arm_common_tables.o(.rodata.realCoefA), (32768 bytes).
    Removing arm_common_tables.o(.rodata.realCoefB), (32768 bytes).
    Removing arm_common_tables.o(.rodata.realCoefAQ31), (32768 bytes).
    Removing arm_common_tables.o(.rodata.realCoefBQ31), (32768 bytes).
    Removing arm_common_tables.o(.rodata.realCoefAQ15), (16384 bytes).
    Removing arm_common_tables.o(.rodata.realCoefBQ15), (16384 bytes).
    Removing arm_common_tables.o(.rodata.Weights_128), (1024 bytes).
    Removing arm_common_tables.o(.rodata.cos_factors_128), (512 bytes).
    Removing arm_common_tables.o(.rodata.Weights_512), (4096 bytes).
    Removing arm_common_tables.o(.rodata.cos_factors_512), (2048 bytes).
    Removing arm_common_tables.o(.rodata.Weights_2048), (16384 bytes).
    Removing arm_common_tables.o(.rodata.cos_factors_2048), (8192 bytes).
    Removing arm_common_tables.o(.rodata.Weights_8192), (65536 bytes).
    Removing arm_common_tables.o(.rodata.cos_factors_8192), (32768 bytes).
    Removing arm_common_tables.o(.rodata.WeightsQ15_128), (512 bytes).
    Removing arm_common_tables.o(.rodata.cos_factorsQ15_128), (256 bytes).
    Removing arm_common_tables.o(.rodata.WeightsQ15_512), (2048 bytes).
    Removing arm_common_tables.o(.rodata.cos_factorsQ15_512), (1024 bytes).
    Removing arm_common_tables.o(.rodata.WeightsQ15_2048), (8192 bytes).
    Removing arm_common_tables.o(.rodata.cos_factorsQ15_2048), (4096 bytes).
    Removing arm_common_tables.o(.rodata.WeightsQ15_8192), (32768 bytes).
    Removing arm_common_tables.o(.rodata.cos_factorsQ15_8192), (16384 bytes).
    Removing arm_common_tables.o(.rodata.WeightsQ31_128), (1024 bytes).
    Removing arm_common_tables.o(.rodata.cos_factorsQ31_128), (512 bytes).
    Removing arm_common_tables.o(.rodata.WeightsQ31_512), (4096 bytes).
    Removing arm_common_tables.o(.rodata.cos_factorsQ31_512), (2048 bytes).
    Removing arm_common_tables.o(.rodata.WeightsQ31_2048), (16384 bytes).
    Removing arm_common_tables.o(.rodata.cos_factorsQ31_2048), (8192 bytes).
    Removing arm_common_tables.o(.rodata.WeightsQ31_8192), (65536 bytes).
    Removing arm_common_tables.o(.rodata.cos_factorsQ31_8192), (32768 bytes).
    Removing arm_common_tables.o(.rodata.armRecipTableQ15), (128 bytes).
    Removing arm_common_tables.o(.rodata.armRecipTableQ31), (256 bytes).
    Removing arm_common_tables.o(.rodata.sinTable_q31), (2052 bytes).
    Removing arm_common_tables.o(.rodata.sinTable_q15), (1026 bytes).

332 unused section(s) (total 718654 bytes) removed from the image.

==============================================================================

Image Symbol Table

    Local Symbols

    Symbol Name                              Value     Ov Type        Size  Object(Section)

    ../Core/Src/main.c                       0x00000000   Number         0  main.o ABSOLUTE
    ../Core/Src/stm32g4xx_it.c               0x00000000   Number         0  stm32g4xx_it.o ABSOLUTE
    ../Core/Src/system_stm32g4xx.c           0x00000000   Number         0  system_stm32g4xx.o ABSOLUTE
    ../Drivers/STM32G4xx_HAL_Driver/Src/stm32g4xx_ll_dma.c 0x00000000   Number         0  stm32g4xx_ll_dma.o ABSOLUTE
    ../Drivers/STM32G4xx_HAL_Driver/Src/stm32g4xx_ll_exti.c 0x00000000   Number         0  stm32g4xx_ll_exti.o ABSOLUTE
    ../Drivers/STM32G4xx_HAL_Driver/Src/stm32g4xx_ll_gpio.c 0x00000000   Number         0  stm32g4xx_ll_gpio.o ABSOLUTE
    ../Drivers/STM32G4xx_HAL_Driver/Src/stm32g4xx_ll_pwr.c 0x00000000   Number         0  stm32g4xx_ll_pwr.o ABSOLUTE
    ../Drivers/STM32G4xx_HAL_Driver/Src/stm32g4xx_ll_rcc.c 0x00000000   Number         0  stm32g4xx_ll_rcc.o ABSOLUTE
    ../Drivers/STM32G4xx_HAL_Driver/Src/stm32g4xx_ll_spi.c 0x00000000   Number         0  stm32g4xx_ll_spi.o ABSOLUTE
    ../Drivers/STM32G4xx_HAL_Driver/Src/stm32g4xx_ll_usart.c 0x00000000   Number         0  stm32g4xx_ll_usart.o ABSOLUTE
    ../Drivers/STM32G4xx_HAL_Driver/Src/stm32g4xx_ll_utils.c 0x00000000   Number         0  stm32g4xx_ll_utils.o ABSOLUTE
    ../clib/microlib/ctype/ctype.c           0x00000000   Number         0  ctype_o.o ABSOLUTE
    ../clib/microlib/ctype/ctype.c           0x00000000   Number         0  ctype_c.o ABSOLUTE
    ../clib/microlib/ctype/ctype.c           0x00000000   Number         0  isalnum_o.o ABSOLUTE
    ../clib/microlib/ctype/ctype.c           0x00000000   Number         0  ispunct_o.o ABSOLUTE
    ../clib/microlib/ctype/ctype.c           0x00000000   Number         0  isspace_o.o ABSOLUTE
    ../clib/microlib/ctype/ctype.c           0x00000000   Number         0  isupper_o.o ABSOLUTE
    ../clib/microlib/ctype/ctype.c           0x00000000   Number         0  isxdigit_o.o ABSOLUTE
    ../clib/microlib/ctype/ctype.c           0x00000000   Number         0  isalpha_o.o ABSOLUTE
    ../clib/microlib/ctype/ctype.c           0x00000000   Number         0  isblank_o.o ABSOLUTE
    ../clib/microlib/ctype/ctype.c           0x00000000   Number         0  iscntrl_o.o ABSOLUTE
    ../clib/microlib/ctype/ctype.c           0x00000000   Number         0  isdigit_o.o ABSOLUTE
    ../clib/microlib/ctype/ctype.c           0x00000000   Number         0  isgraph_o.o ABSOLUTE
    ../clib/microlib/ctype/ctype.c           0x00000000   Number         0  isspace_c.o ABSOLUTE
    ../clib/microlib/ctype/ctype.c           0x00000000   Number         0  islower_o.o ABSOLUTE
    ../clib/microlib/ctype/ctype.c           0x00000000   Number         0  isprint_o.o ABSOLUTE
    ../clib/microlib/errno.c                 0x00000000   Number         0  errno.o ABSOLUTE
    ../clib/microlib/init/entry.s            0x00000000   Number         0  entry5.o ABSOLUTE
    ../clib/microlib/init/entry.s            0x00000000   Number         0  entry7a.o ABSOLUTE
    ../clib/microlib/init/entry.s            0x00000000   Number         0  entry7b.o ABSOLUTE
    ../clib/microlib/init/entry.s            0x00000000   Number         0  entry2.o ABSOLUTE
    ../clib/microlib/init/entry.s            0x00000000   Number         0  entry11a.o ABSOLUTE
    ../clib/microlib/init/entry.s            0x00000000   Number         0  entry11b.o ABSOLUTE
    ../clib/microlib/init/entry.s            0x00000000   Number         0  entry9b.o ABSOLUTE
    ../clib/microlib/init/entry.s            0x00000000   Number         0  entry10b.o ABSOLUTE
    ../clib/microlib/init/entry.s            0x00000000   Number         0  entry.o ABSOLUTE
    ../clib/microlib/init/entry.s            0x00000000   Number         0  entry9a.o ABSOLUTE
    ../clib/microlib/init/entry.s            0x00000000   Number         0  entry8b.o ABSOLUTE
    ../clib/microlib/init/entry.s            0x00000000   Number         0  entry8a.o ABSOLUTE
    ../clib/microlib/init/entry.s            0x00000000   Number         0  entry10a.o ABSOLUTE
    ../clib/microlib/longlong.c              0x00000000   Number         0  llushr.o ABSOLUTE
    ../clib/microlib/longlong.c              0x00000000   Number         0  llshl.o ABSOLUTE
    ../clib/microlib/longlong.c              0x00000000   Number         0  llsshr.o ABSOLUTE
    ../clib/microlib/string/memcmp.c         0x00000000   Number         0  memcmp.o ABSOLUTE
    ../clib/microlib/string/memcpy.c         0x00000000   Number         0  memcpyb.o ABSOLUTE
    ../clib/microlib/string/memcpy.c         0x00000000   Number         0  memcpya.o ABSOLUTE
    ../clib/microlib/string/memset.c         0x00000000   Number         0  memseta.o ABSOLUTE
    ../clib/microlib/stubs.s                 0x00000000   Number         0  iusefp.o ABSOLUTE
    ../clib/scanf.c                          0x00000000   Number         0  scanf_fp.o ABSOLUTE
    ../clib/scanf.c                          0x00000000   Number         0  _sgetc.o ABSOLUTE
    ../clib/scanf.c                          0x00000000   Number         0  strtod.o ABSOLUTE
    ../clib/scanf.c                          0x00000000   Number         0  _chval.o ABSOLUTE
    ../clib/scanf.c                          0x00000000   Number         0  strtol.o ABSOLUTE
    ../clib/scanf.c                          0x00000000   Number         0  atoi.o ABSOLUTE
    ../clib/scanf.c                          0x00000000   Number         0  _strtoul.o ABSOLUTE
    ../fplib/microlib/d2f.c                  0x00000000   Number         0  d2f.o ABSOLUTE
    ../fplib/microlib/f2d.c                  0x00000000   Number         0  f2d.o ABSOLUTE
    ../fplib/microlib/fpadd.c                0x00000000   Number         0  dadd.o ABSOLUTE
    ../fplib/microlib/fpcmp4.c               0x00000000   Number         0  dcmp4.o ABSOLUTE
    ../fplib/microlib/fpdiv.c                0x00000000   Number         0  ddiv.o ABSOLUTE
    ../fplib/microlib/fpepilogue.c           0x00000000   Number         0  depilogue.o ABSOLUTE
    ../fplib/microlib/fpepilogue.c           0x00000000   Number         0  fepilogue.o ABSOLUTE
    ../fplib/microlib/fpfix.c                0x00000000   Number         0  dfixi.o ABSOLUTE
    ../fplib/microlib/fpflt.c                0x00000000   Number         0  dfltul.o ABSOLUTE
    ../fplib/microlib/fpmul.c                0x00000000   Number         0  dmul.o ABSOLUTE
    ../fplib/microlib/fprnd.c                0x00000000   Number         0  drnd.o ABSOLUTE
    ../mathlib/atof.c                        0x00000000   Number         0  atof.o ABSOLUTE
    ../mathlib/fmax.c                        0x00000000   Number         0  fmax.o ABSOLUTE
    ../mathlib/round.c                       0x00000000   Number         0  round.o ABSOLUTE
    ../mathlib/sqrtf.c                       0x00000000   Number         0  sqrtf.o ABSOLUTE
    ../mathlib/sqrtf.c                       0x00000000   Number         0  sqrtf_x.o ABSOLUTE
    ..\Core\Src\anticogging.c                0x00000000   Number         0  anticogging.o ABSOLUTE
    ..\Core\Src\calibration.c                0x00000000   Number         0  calibration.o ABSOLUTE
    ..\Core\Src\controller.c                 0x00000000   Number         0  controller.o ABSOLUTE
    ..\Core\Src\drv8323.c                    0x00000000   Number         0  drv8323.o ABSOLUTE
    ..\Core\Src\encoder.c                    0x00000000   Number         0  encoder.o ABSOLUTE
    ..\Core\Src\fdcan.c                      0x00000000   Number         0  fdcan.o ABSOLUTE
    ..\Core\Src\flash.c                      0x00000000   Number         0  flash.o ABSOLUTE
    ..\Core\Src\foc.c                        0x00000000   Number         0  foc.o ABSOLUTE
    ..\Core\Src\fsm.c                        0x00000000   Number         0  fsm.o ABSOLUTE
    ..\Core\Src\heap.c                       0x00000000   Number         0  heap.o ABSOLUTE
    ..\Core\Src\led.c                        0x00000000   Number         0  led.o ABSOLUTE
    ..\Core\Src\main.c                       0x00000000   Number         0  main.o ABSOLUTE
    ..\Core\Src\pwm_curr_fdbk.c              0x00000000   Number         0  pwm_curr_fdbk.o ABSOLUTE
    ..\Core\Src\stm32g4xx_hal_fdcan.c        0x00000000   Number         0  stm32g4xx_hal_fdcan.o ABSOLUTE
    ..\Core\Src\stm32g4xx_it.c               0x00000000   Number         0  stm32g4xx_it.o ABSOLUTE
    ..\Core\Src\system_stm32g4xx.c           0x00000000   Number         0  system_stm32g4xx.o ABSOLUTE
    ..\Core\Src\systick.c                    0x00000000   Number         0  systick.o ABSOLUTE
    ..\Core\Src\trapTraj.c                   0x00000000   Number         0  traptraj.o ABSOLUTE
    ..\Core\Src\uart.c                       0x00000000   Number         0  uart.o ABSOLUTE
    ..\Core\Src\usr_config.c                 0x00000000   Number         0  usr_config.o ABSOLUTE
    ..\Core\Src\util.c                       0x00000000   Number         0  util.o ABSOLUTE
    ..\Drivers\STM32G4xx_HAL_Driver\Src\stm32g4xx_ll_adc.c 0x00000000   Number         0  stm32g4xx_ll_adc.o ABSOLUTE
    ..\Drivers\STM32G4xx_HAL_Driver\Src\stm32g4xx_ll_dma.c 0x00000000   Number         0  stm32g4xx_ll_dma.o ABSOLUTE
    ..\Drivers\STM32G4xx_HAL_Driver\Src\stm32g4xx_ll_exti.c 0x00000000   Number         0  stm32g4xx_ll_exti.o ABSOLUTE
    ..\Drivers\STM32G4xx_HAL_Driver\Src\stm32g4xx_ll_gpio.c 0x00000000   Number         0  stm32g4xx_ll_gpio.o ABSOLUTE
    ..\Drivers\STM32G4xx_HAL_Driver\Src\stm32g4xx_ll_pwr.c 0x00000000   Number         0  stm32g4xx_ll_pwr.o ABSOLUTE
    ..\Drivers\STM32G4xx_HAL_Driver\Src\stm32g4xx_ll_rcc.c 0x00000000   Number         0  stm32g4xx_ll_rcc.o ABSOLUTE
    ..\Drivers\STM32G4xx_HAL_Driver\Src\stm32g4xx_ll_spi.c 0x00000000   Number         0  stm32g4xx_ll_spi.o ABSOLUTE
    ..\Drivers\STM32G4xx_HAL_Driver\Src\stm32g4xx_ll_tim.c 0x00000000   Number         0  stm32g4xx_ll_tim.o ABSOLUTE
    ..\Drivers\STM32G4xx_HAL_Driver\Src\stm32g4xx_ll_usart.c 0x00000000   Number         0  stm32g4xx_ll_usart.o ABSOLUTE
    ..\Drivers\STM32G4xx_HAL_Driver\Src\stm32g4xx_ll_utils.c 0x00000000   Number         0  stm32g4xx_ll_utils.o ABSOLUTE
    ..\\Core\\Src\\anticogging.c             0x00000000   Number         0  anticogging.o ABSOLUTE
    ..\\Core\\Src\\calibration.c             0x00000000   Number         0  calibration.o ABSOLUTE
    ..\\Core\\Src\\controller.c              0x00000000   Number         0  controller.o ABSOLUTE
    ..\\Core\\Src\\drv8323.c                 0x00000000   Number         0  drv8323.o ABSOLUTE
    ..\\Core\\Src\\encoder.c                 0x00000000   Number         0  encoder.o ABSOLUTE
    ..\\Core\\Src\\fdcan.c                   0x00000000   Number         0  fdcan.o ABSOLUTE
    ..\\Core\\Src\\flash.c                   0x00000000   Number         0  flash.o ABSOLUTE
    ..\\Core\\Src\\foc.c                     0x00000000   Number         0  foc.o ABSOLUTE
    ..\\Core\\Src\\fsm.c                     0x00000000   Number         0  fsm.o ABSOLUTE
    ..\\Core\\Src\\heap.c                    0x00000000   Number         0  heap.o ABSOLUTE
    ..\\Core\\Src\\led.c                     0x00000000   Number         0  led.o ABSOLUTE
    ..\\Core\\Src\\pwm_curr_fdbk.c           0x00000000   Number         0  pwm_curr_fdbk.o ABSOLUTE
    ..\\Core\\Src\\stm32g4xx_hal_fdcan.c     0x00000000   Number         0  stm32g4xx_hal_fdcan.o ABSOLUTE
    ..\\Core\\Src\\systick.c                 0x00000000   Number         0  systick.o ABSOLUTE
    ..\\Core\\Src\\trapTraj.c                0x00000000   Number         0  traptraj.o ABSOLUTE
    ..\\Core\\Src\\uart.c                    0x00000000   Number         0  uart.o ABSOLUTE
    ..\\Core\\Src\\usr_config.c              0x00000000   Number         0  usr_config.o ABSOLUTE
    ..\\Core\\Src\\util.c                    0x00000000   Number         0  util.o ABSOLUTE
    ..\\Drivers\\STM32G4xx_HAL_Driver\\Src\\stm32g4xx_ll_adc.c 0x00000000   Number         0  stm32g4xx_ll_adc.o ABSOLUTE
    ..\\Drivers\\STM32G4xx_HAL_Driver\\Src\\stm32g4xx_ll_tim.c 0x00000000   Number         0  stm32g4xx_ll_tim.o ABSOLUTE
    arm_common_tables.c                      0x00000000   Number         0  arm_common_tables.o ABSOLUTE
    cdcmple.s                                0x00000000   Number         0  cdcmple.o ABSOLUTE
    cdrcmple.s                               0x00000000   Number         0  cdrcmple.o ABSOLUTE
    dc.s                                     0x00000000   Number         0  dc.o ABSOLUTE
    handlers.s                               0x00000000   Number         0  handlers.o ABSOLUTE
    init.s                                   0x00000000   Number         0  init.o ABSOLUTE
    startup_stm32g431xx.s                    0x00000000   Number         0  startup_stm32g431xx.o ABSOLUTE
    RESET                                    0x08000000   Section      472  startup_stm32g431xx.o(RESET)
    .ARM.Collect$$$$00000000                 0x080001d8   Section        0  entry.o(.ARM.Collect$$$$00000000)
    .ARM.Collect$$$$00000001                 0x080001d8   Section        4  entry2.o(.ARM.Collect$$$$00000001)
    .ARM.Collect$$$$00000004                 0x080001dc   Section        4  entry5.o(.ARM.Collect$$$$00000004)
    .ARM.Collect$$$$00000008                 0x080001e0   Section        0  entry7b.o(.ARM.Collect$$$$00000008)
    .ARM.Collect$$$$0000000A                 0x080001e0   Section        0  entry8b.o(.ARM.Collect$$$$0000000A)
    .ARM.Collect$$$$0000000B                 0x080001e0   Section        8  entry9a.o(.ARM.Collect$$$$0000000B)
    .ARM.Collect$$$$0000000D                 0x080001e8   Section        0  entry10a.o(.ARM.Collect$$$$0000000D)
    .ARM.Collect$$$$0000000F                 0x080001e8   Section        0  entry11a.o(.ARM.Collect$$$$0000000F)
    .ARM.Collect$$$$00002712                 0x080001e8   Section        4  entry2.o(.ARM.Collect$$$$00002712)
    __lit__00000000                          0x080001e8   Data           4  entry2.o(.ARM.Collect$$$$00002712)
    .text                                    0x080001ec   Section       36  startup_stm32g431xx.o(.text)
    $v0                                      0x080001ec   Number         0  startup_stm32g431xx.o(.text)
    .text                                    0x08000210   Section        0  memcpya.o(.text)
    .text                                    0x08000234   Section        0  memseta.o(.text)
    .text                                    0x08000258   Section        0  memcmp.o(.text)
    .text                                    0x08000272   Section        0  atoi.o(.text)
    .text                                    0x0800028c   Section        0  dfixi.o(.text)
    .text                                    0x080002ca   Section        0  f2d.o(.text)
    .text                                    0x080002f0   Section        0  d2f.o(.text)
    .text                                    0x08000328   Section        0  llushr.o(.text)
    .text                                    0x08000348   Section        0  strtod.o(.text)
    _local_sscanf                            0x08000349   Thumb Code    54  strtod.o(.text)
    .text                                    0x080003e4   Section        0  strtol.o(.text)
    .text                                    0x08000454   Section        0  fepilogue.o(.text)
    .text                                    0x08000454   Section        0  iusefp.o(.text)
    .text                                    0x080004c2   Section        0  dadd.o(.text)
    .text                                    0x08000610   Section        0  drnd.o(.text)
    .text                                    0x08000698   Section       48  cdcmple.o(.text)
    .text                                    0x080006c8   Section       48  cdrcmple.o(.text)
    .text                                    0x080006f8   Section        0  dcmp4.o(.text)
    .text                                    0x08000758   Section       36  init.o(.text)
    .text                                    0x0800077c   Section        0  llshl.o(.text)
    .text                                    0x0800079a   Section        0  llsshr.o(.text)
    .text                                    0x080007c0   Section        0  ctype_o.o(.text)
    .text                                    0x080007c8   Section        0  isspace_o.o(.text)
    .text                                    0x080007dc   Section        0  scanf_fp.o(.text)
    _fp_value                                0x080007dd   Thumb Code   256  scanf_fp.o(.text)
    .text                                    0x08000b14   Section        0  _sgetc.o(.text)
    .text                                    0x08000b54   Section        0  _strtoul.o(.text)
    .text                                    0x08000bf2   Section        0  depilogue.o(.text)
    .text                                    0x08000cac   Section        0  _chval.o(.text)
    .text                                    0x08000cc8   Section        0  dmul.o(.text)
    .text                                    0x08000dac   Section        0  ddiv.o(.text)
    .text                                    0x08000e8a   Section        0  dfltul.o(.text)
    i.ADC1_2_IRQHandler                      0x08000ea4   Section        0  stm32g4xx_it.o(i.ADC1_2_IRQHandler)
    i.ANTICOGGING_abort                      0x08000f70   Section        0  anticogging.o(i.ANTICOGGING_abort)
    i.ANTICOGGING_loop                       0x08000f84   Section        0  anticogging.o(i.ANTICOGGING_loop)
    i.ANTICOGGING_start                      0x080011ac   Section        0  anticogging.o(i.ANTICOGGING_start)
    i.BusFault_Handler                       0x080011c4   Section        0  stm32g4xx_it.o(i.BusFault_Handler)
    i.CALIBRATION_end                        0x080011c8   Section        0  calibration.o(i.CALIBRATION_end)
    i.CALIBRATION_loop                       0x080011f8   Section        0  calibration.o(i.CALIBRATION_loop)
    i.CALIBRATION_start                      0x0800195c   Section        0  calibration.o(i.CALIBRATION_start)
    i.CONTROLLER_get_integrator_current      0x080019a0   Section        0  controller.o(i.CONTROLLER_get_integrator_current)
    i.CONTROLLER_move_to_pos                 0x080019ac   Section        0  controller.o(i.CONTROLLER_move_to_pos)
    i.CONTROLLER_reset                       0x080019d8   Section        0  controller.o(i.CONTROLLER_reset)
    i.CONTROLLER_update                      0x08001a58   Section        0  controller.o(i.CONTROLLER_update)
    i.DRV8323_disable_gd                     0x08001d74   Section        0  drv8323.o(i.DRV8323_disable_gd)
    i.DRV8323_enable_gd                      0x08001d8e   Section        0  drv8323.o(i.DRV8323_enable_gd)
    i.DRV8323_getFault                       0x08001da8   Section        0  drv8323.o(i.DRV8323_getFault)
    i.DRV8323_init                           0x08001dd8   Section        0  drv8323.o(i.DRV8323_init)
    i.DRV8323_isFault                        0x08001f14   Section        0  drv8323.o(i.DRV8323_isFault)
    i.DRV8323_read_reg                       0x08001f28   Section        0  drv8323.o(i.DRV8323_read_reg)
    i.DRV8323_reset                          0x08001fb8   Section        0  drv8323.o(i.DRV8323_reset)
    i.DRV8323_write_reg                      0x080020a0   Section        0  drv8323.o(i.DRV8323_write_reg)
    i.DebugMon_Handler                       0x0800212c   Section        0  stm32g4xx_it.o(i.DebugMon_Handler)
    i.ENCODER_init                           0x08002130   Section        0  encoder.o(i.ENCODER_init)
    i.ENCODER_sample                         0x08002234   Section        0  encoder.o(i.ENCODER_sample)
    i.Error_Handler                          0x080023cc   Section        0  main.o(i.Error_Handler)
    i.FDCAN1_IT0_IRQHandler                  0x080023d4   Section        0  stm32g4xx_it.o(i.FDCAN1_IT0_IRQHandler)
    i.FDCAN_init                             0x08002410   Section        0  fdcan.o(i.FDCAN_init)
    i.FDCAN_report_anticogging               0x08002478   Section        0  fdcan.o(i.FDCAN_report_anticogging)
    i.FDCAN_report_calibration               0x080024cc   Section        0  fdcan.o(i.FDCAN_report_calibration)
    i.FDCAN_report_error                     0x08002520   Section        0  fdcan.o(i.FDCAN_report_error)
    i.FDCAN_reset_timeout                    0x08002558   Section        0  fdcan.o(i.FDCAN_reset_timeout)
    i.FDCAN_rx_callback                      0x08002568   Section        0  fdcan.o(i.FDCAN_rx_callback)
    i.FDCAN_timeout_check_loop               0x080028e8   Section        0  fdcan.o(i.FDCAN_timeout_check_loop)
    i.FLASH_erase_page                       0x0800291c   Section        0  flash.o(i.FLASH_erase_page)
    i.FLASH_lock                             0x08002a60   Section        0  flash.o(i.FLASH_lock)
    i.FLASH_program                          0x08002a80   Section        0  flash.o(i.FLASH_program)
    i.FLASH_unlock                           0x08002abc   Section        0  flash.o(i.FLASH_unlock)
    i.FOC_arm                                0x08002aec   Section        0  foc.o(i.FOC_arm)
    i.FOC_current                            0x08002b0c   Section        0  foc.o(i.FOC_current)
    i.FOC_disarm                             0x08002d10   Section        0  foc.o(i.FOC_disarm)
    i.FOC_reset                              0x08002d30   Section        0  foc.o(i.FOC_reset)
    i.FOC_zero_current                       0x08002d60   Section        0  foc.o(i.FOC_zero_current)
    i.FSM_get_error                          0x08002d98   Section        0  fsm.o(i.FSM_get_error)
    i.FSM_get_stat                           0x08002da4   Section        0  fsm.o(i.FSM_get_stat)
    i.FSM_input                              0x08002db0   Section        0  fsm.o(i.FSM_input)
    i.FSM_loop                               0x08002f88   Section        0  fsm.o(i.FSM_loop)
    i.HAL_FDCAN_ActivateNotification         0x08003110   Section        0  stm32g4xx_hal_fdcan.o(i.HAL_FDCAN_ActivateNotification)
    i.HAL_FDCAN_AddMessageToTxFifoQ          0x08003230   Section        0  stm32g4xx_hal_fdcan.o(i.HAL_FDCAN_AddMessageToTxFifoQ)
    i.HAL_FDCAN_ConfigInterruptLines         0x080032fc   Section        0  stm32g4xx_hal_fdcan.o(i.HAL_FDCAN_ConfigInterruptLines)
    i.HAL_FDCAN_GetRxFifoFillLevel           0x08003328   Section        0  stm32g4xx_hal_fdcan.o(i.HAL_FDCAN_GetRxFifoFillLevel)
    i.HAL_FDCAN_GetRxMessage                 0x0800333c   Section        0  stm32g4xx_hal_fdcan.o(i.HAL_FDCAN_GetRxMessage)
    i.HAL_FDCAN_Init                         0x08003468   Section        0  stm32g4xx_hal_fdcan.o(i.HAL_FDCAN_Init)
    i.HAL_FDCAN_MspInit                      0x08003690   Section        0  fdcan.o(i.HAL_FDCAN_MspInit)
    i.HAL_FDCAN_Start                        0x08003738   Section        0  stm32g4xx_hal_fdcan.o(i.HAL_FDCAN_Start)
    i.HEAP_free                              0x08003764   Section        0  heap.o(i.HEAP_free)
    i.HEAP_malloc                            0x080037f4   Section        0  heap.o(i.HEAP_malloc)
    i.HardFault_Handler                      0x08003954   Section        0  stm32g4xx_it.o(i.HardFault_Handler)
    i.LED_init                               0x08003958   Section        0  led.o(i.LED_init)
    i.LED_loop                               0x08003998   Section        0  led.o(i.LED_loop)
    i.LL_GPIO_Init                           0x08003a34   Section        0  stm32g4xx_ll_gpio.o(i.LL_GPIO_Init)
    i.LL_SPI_Init                            0x08003b7c   Section        0  stm32g4xx_ll_spi.o(i.LL_SPI_Init)
    i.LL_SetSystemCoreClock                  0x08003be8   Section        0  stm32g4xx_ll_utils.o(i.LL_SetSystemCoreClock)
    i.MA730_read_raw                         0x08003bf4   Section        0  encoder.o(i.MA730_read_raw)
    MA730_read_raw                           0x08003bf5   Thumb Code   134  encoder.o(i.MA730_read_raw)
    i.MemManage_Handler                      0x08003c8c   Section        0  stm32g4xx_it.o(i.MemManage_Handler)
    i.NMI_Handler                            0x08003c90   Section        0  stm32g4xx_it.o(i.NMI_Handler)
    i.PWMC_switch_off_pwm                    0x08003c94   Section        0  pwm_curr_fdbk.o(i.PWMC_switch_off_pwm)
    i.PWMC_switch_on_pwm                     0x08003cbc   Section        0  pwm_curr_fdbk.o(i.PWMC_switch_on_pwm)
    i.PendSV_Handler                         0x08003d00   Section        0  stm32g4xx_it.o(i.PendSV_Handler)
    i.SVC_Handler                            0x08003d02   Section        0  stm32g4xx_it.o(i.SVC_Handler)
    i.SYSTICK_delay_ms                       0x08003d04   Section        0  systick.o(i.SYSTICK_delay_ms)
    i.SYSTICK_delay_us                       0x08003d64   Section        0  systick.o(i.SYSTICK_delay_us)
    i.SYSTICK_get_ms_since                   0x08003db4   Section        0  systick.o(i.SYSTICK_get_ms_since)
    i.SYSTICK_get_tick                       0x08003dc0   Section        0  systick.o(i.SYSTICK_get_tick)
    i.SYSTICK_init                           0x08003dcc   Section        0  systick.o(i.SYSTICK_init)
    i.SysTick_Handler                        0x08003e20   Section        0  stm32g4xx_it.o(i.SysTick_Handler)
    i.SystemClock_Config                     0x08003e30   Section        0  main.o(i.SystemClock_Config)
    i.SystemInit                             0x08003f28   Section        0  system_stm32g4xx.o(i.SystemInit)
    i.TRAJ_eval                              0x08003f44   Section        0  traptraj.o(i.TRAJ_eval)
    i.TRAJ_plan                              0x08004020   Section        0  traptraj.o(i.TRAJ_plan)
    i.USART2_IRQHandler                      0x08004248   Section        0  stm32g4xx_it.o(i.USART2_IRQHandler)
    i.USR_CONFIG_read_cogging_map            0x08004268   Section        0  usr_config.o(i.USR_CONFIG_read_cogging_map)
    i.USR_CONFIG_read_config                 0x080042b0   Section        0  usr_config.o(i.USR_CONFIG_read_config)
    i.USR_CONFIG_save_cogging_map            0x080042e8   Section        0  usr_config.o(i.USR_CONFIG_save_cogging_map)
    i.USR_CONFIG_save_config                 0x08004360   Section        0  usr_config.o(i.USR_CONFIG_save_config)
    i.USR_CONFIG_set_default_cogging_map     0x080043c4   Section        0  usr_config.o(i.USR_CONFIG_set_default_cogging_map)
    i.USR_CONFIG_set_default_config          0x08004408   Section        0  usr_config.o(i.USR_CONFIG_set_default_config)
    i.UsageFault_Handler                     0x08004520   Section        0  stm32g4xx_it.o(i.UsageFault_Handler)
    i.__aeabi_errno_addr                     0x08004524   Section        0  errno.o(i.__aeabi_errno_addr)
    i.__hardfp_atof                          0x08004530   Section        0  atof.o(i.__hardfp_atof)
    i.__hardfp_fmax                          0x08004568   Section        0  fmax.o(i.__hardfp_fmax)
    i.__hardfp_round                         0x080045e0   Section        0  round.o(i.__hardfp_round)
    i.__hardfp_sqrtf                         0x080046c0   Section        0  sqrtf.o(i.__hardfp_sqrtf)
    i.__read_errno                           0x080046fc   Section        0  errno.o(i.__read_errno)
    i.__scatterload_copy                     0x08004708   Section       14  handlers.o(i.__scatterload_copy)
    i.__scatterload_null                     0x08004716   Section        2  handlers.o(i.__scatterload_null)
    i.__scatterload_zeroinit                 0x08004718   Section       14  handlers.o(i.__scatterload_zeroinit)
    i.__set_errno                            0x08004728   Section        0  errno.o(i.__set_errno)
    i._is_digit                              0x08004734   Section        0  scanf_fp.o(i._is_digit)
    i.apply_voltage_timings                  0x08004744   Section        0  calibration.o(i.apply_voltage_timings)
    apply_voltage_timings                    0x08004745   Thumb Code   228  calibration.o(i.apply_voltage_timings)
    i.can_send                               0x08004838   Section        0  fdcan.o(i.can_send)
    can_send                                 0x08004839   Thumb Code    46  fdcan.o(i.can_send)
    i.config_callback                        0x0800486c   Section        0  fdcan.o(i.config_callback)
    config_callback                          0x0800486d   Thumb Code  2274  fdcan.o(i.config_callback)
    i.crc32                                  0x08005154   Section        0  util.o(i.crc32)
    i.flash_wait_for_last_operation          0x080051c0   Section        0  flash.o(i.flash_wait_for_last_operation)
    flash_wait_for_last_operation            0x080051c1   Thumb Code    84  flash.o(i.flash_wait_for_last_operation)
    i.main                                   0x0800521c   Section        0  main.o(i.main)
    i.our_arm_cos_f32                        0x080052b8   Section        0  util.o(i.our_arm_cos_f32)
    i.our_arm_sin_f32                        0x0800533c   Section        0  util.o(i.our_arm_sin_f32)
    i.process_user_input                     0x080053bc   Section        0  fsm.o(i.process_user_input)
    process_user_input                       0x080053bd   Thumb Code  1874  fsm.o(i.process_user_input)
    i.svm                                    0x08005b10   Section        0  util.o(i.svm)
    i.sync_callback                          0x08005cc0   Section        0  fdcan.o(i.sync_callback)
    sync_callback                            0x08005cc1   Thumb Code    96  fdcan.o(i.sync_callback)
    .constdata                               0x08005d2c   Section       16  stm32g4xx_hal_fdcan.o(.constdata)
    DLCtoBytes                               0x08005d2c   Data          16  stm32g4xx_hal_fdcan.o(.constdata)
    .constdata                               0x08005d3c   Section     1024  util.o(.constdata)
    crc32_table                              0x08005d3c   Data        1024  util.o(.constdata)
    .constdata                               0x0800613c   Section      129  ctype_o.o(.constdata)
    .constdata                               0x080061c0   Section        4  ctype_o.o(.constdata)
    table                                    0x080061c0   Data           4  ctype_o.o(.constdata)
    .data                                    0x20000000   Section        4  usr_config.o(.data)
    .data                                    0x20000004   Section        4  systick.o(.data)
    .data                                    0x20000008   Section        8  led.o(.data)
    cnt                                      0x20000008   Data           2  led.o(.data)
    tick                                     0x2000000c   Data           4  led.o(.data)
    .data                                    0x20000010   Section       28  fdcan.o(.data)
    mRecTick                                 0x20000010   Data           4  fdcan.o(.data)
    mPosition                                0x20000014   Data           4  fdcan.o(.data)
    mVelocity                                0x20000018   Data           4  fdcan.o(.data)
    mTorque                                  0x2000001c   Data           4  fdcan.o(.data)
    .data                                    0x2000002c   Section        1  foc.o(.data)
    mIsArmed                                 0x2000002c   Data           1  foc.o(.data)
    .data                                    0x20000030   Section       76  fsm.o(.data)
    mErrorCode                               0x20000030   Data           4  fsm.o(.data)
    mErrorCodeLast                           0x20000034   Data           4  fsm.o(.data)
    Fsm                                      0x20000038   Data          68  fsm.o(.data)
    .data                                    0x2000007c   Section       28  controller.o(.data)
    input_pos_updated                        0x2000007c   Data           1  controller.o(.data)
    mPosSetPoint                             0x20000080   Data           4  controller.o(.data)
    mVelSetPoint                             0x20000084   Data           4  controller.o(.data)
    mTorqueSetPoint                          0x20000088   Data           4  controller.o(.data)
    input_filter_kp                          0x2000008c   Data           4  controller.o(.data)
    input_filter_ki                          0x20000090   Data           4  controller.o(.data)
    vel_integrator_torque                    0x20000094   Data           4  controller.o(.data)
    .data                                    0x20000098   Section       40  traptraj.o(.data)
    Xi_                                      0x20000098   Data           4  traptraj.o(.data)
    Xf_                                      0x2000009c   Data           4  traptraj.o(.data)
    Vi_                                      0x200000a0   Data           4  traptraj.o(.data)
    Ar_                                      0x200000a4   Data           4  traptraj.o(.data)
    Vr_                                      0x200000a8   Data           4  traptraj.o(.data)
    Dr_                                      0x200000ac   Data           4  traptraj.o(.data)
    Ta_                                      0x200000b0   Data           4  traptraj.o(.data)
    Tv_                                      0x200000b4   Data           4  traptraj.o(.data)
    Td_                                      0x200000b8   Data           4  traptraj.o(.data)
    yAccel_                                  0x200000bc   Data           4  traptraj.o(.data)
    .data                                    0x200000c0   Section       52  calibration.o(.data)
    mCalibStep                               0x200000c0   Data           1  calibration.o(.data)
    mCalibError                              0x200000c1   Data           1  calibration.o(.data)
    p_error_arr                              0x200000c4   Data           4  calibration.o(.data)
    loop_count                               0x200000c8   Data           4  calibration.o(.data)
    raw_offset                               0x200000cc   Data           4  calibration.o(.data)
    sample_count                             0x200000d0   Data           4  calibration.o(.data)
    next_sample_time                         0x200000d4   Data           4  calibration.o(.data)
    theta_ref                                0x200000d8   Data           4  calibration.o(.data)
    start_position                           0x200000dc   Data           4  calibration.o(.data)
    end_position                             0x200000e0   Data           4  calibration.o(.data)
    voltages                                 0x200000e4   Data           8  calibration.o(.data)
    Ialphas                                  0x200000ec   Data           8  calibration.o(.data)
    .data                                    0x200000f4   Section       12  anticogging.o(.data)
    AntiCoggingStep                          0x200000f5   Data           1  anticogging.o(.data)
    index                                    0x200000f8   Data           4  anticogging.o(.data)
    tick                                     0x200000fc   Data           4  anticogging.o(.data)
    .data                                    0x20000100   Section       24  heap.o(.data)
    pxEnd                                    0x20000100   Data           4  heap.o(.data)
    xFreeBytesRemaining                      0x20000104   Data           4  heap.o(.data)
    xMinimumEverFreeBytesRemaining           0x20000108   Data           4  heap.o(.data)
    xBlockAllocatedBit                       0x2000010c   Data           4  heap.o(.data)
    xStart                                   0x20000110   Data           8  heap.o(.data)
    .data                                    0x20000118   Section        4  system_stm32g4xx.o(.data)
    .data                                    0x2000011c   Section        4  errno.o(.data)
    _errno                                   0x2000011c   Data           4  errno.o(.data)
    .bss                                     0x20000120   Section      408  usr_config.o(.bss)
    .bss                                     0x200002b8   Section      100  fdcan.o(.bss)
    .bss                                     0x2000031c   Section      196  encoder.o(.bss)
    .bss                                     0x200003e0   Section       52  foc.o(.bss)
    .bss                                     0x20000414   Section       12  controller.o(.bss)
    .bss                                     0x20000420   Section       24  traptraj.o(.bss)
    .bss                                     0x20000438   Section    12288  heap.o(.bss)
    ucHeap                                   0x20000438   Data       12288  heap.o(.bss)
    STACK                                    0x20003438   Section     4096  startup_stm32g431xx.o(STACK)

    Global Symbols

    Symbol Name                              Value     Ov Type        Size  Object(Section)

    BuildAttributes$$THM_ISAv4$E$P$D$K$B$S$7EM$VFPi3$EXTD16$VFPS$VFMA$PE$A:L22UL41UL21$X:L11$S22US41US21$IEEE1$IW$USESV6$~STKCKD$USESV7$~SHL$OTIME$ROPI$IEEEJ$EBA8$MICROLIB$REQ8$PRES8$EABIv2 0x00000000   Number         0  anon$$obj.o ABSOLUTE
    __ARM_use_no_argv                        0x00000000   Number         0  main.o ABSOLUTE
    __cpp_initialize__aeabi_                  - Undefined Weak Reference
    __cxa_finalize                            - Undefined Weak Reference
    __decompress                              - Undefined Weak Reference
    _clock_init                               - Undefined Weak Reference
    _microlib_exit                            - Undefined Weak Reference
    __Vectors_Size                           0x000001d8   Number         0  startup_stm32g431xx.o ABSOLUTE
    __Vectors                                0x08000000   Data           4  startup_stm32g431xx.o(RESET)
    __Vectors_End                            0x080001d8   Data           0  startup_stm32g431xx.o(RESET)
    __main                                   0x080001d9   Thumb Code     0  entry.o(.ARM.Collect$$$$00000000)
    _main_stk                                0x080001d9   Thumb Code     0  entry2.o(.ARM.Collect$$$$00000001)
    _main_scatterload                        0x080001dd   Thumb Code     0  entry5.o(.ARM.Collect$$$$00000004)
    __main_after_scatterload                 0x080001e1   Thumb Code     0  entry5.o(.ARM.Collect$$$$00000004)
    _main_clock                              0x080001e1   Thumb Code     0  entry7b.o(.ARM.Collect$$$$00000008)
    _main_cpp_init                           0x080001e1   Thumb Code     0  entry8b.o(.ARM.Collect$$$$0000000A)
    _main_init                               0x080001e1   Thumb Code     0  entry9a.o(.ARM.Collect$$$$0000000B)
    __rt_final_cpp                           0x080001e9   Thumb Code     0  entry10a.o(.ARM.Collect$$$$0000000D)
    __rt_final_exit                          0x080001e9   Thumb Code     0  entry11a.o(.ARM.Collect$$$$0000000F)
    Reset_Handler                            0x080001ed   Thumb Code     8  startup_stm32g431xx.o(.text)
    COMP1_2_3_IRQHandler                     0x08000207   Thumb Code     0  startup_stm32g431xx.o(.text)
    COMP4_IRQHandler                         0x08000207   Thumb Code     0  startup_stm32g431xx.o(.text)
    CORDIC_IRQHandler                        0x08000207   Thumb Code     0  startup_stm32g431xx.o(.text)
    CRS_IRQHandler                           0x08000207   Thumb Code     0  startup_stm32g431xx.o(.text)
    DMA1_Channel1_IRQHandler                 0x08000207   Thumb Code     0  startup_stm32g431xx.o(.text)
    DMA1_Channel2_IRQHandler                 0x08000207   Thumb Code     0  startup_stm32g431xx.o(.text)
    DMA1_Channel3_IRQHandler                 0x08000207   Thumb Code     0  startup_stm32g431xx.o(.text)
    DMA1_Channel4_IRQHandler                 0x08000207   Thumb Code     0  startup_stm32g431xx.o(.text)
    DMA1_Channel5_IRQHandler                 0x08000207   Thumb Code     0  startup_stm32g431xx.o(.text)
    DMA1_Channel6_IRQHandler                 0x08000207   Thumb Code     0  startup_stm32g431xx.o(.text)
    DMA2_Channel1_IRQHandler                 0x08000207   Thumb Code     0  startup_stm32g431xx.o(.text)
    DMA2_Channel2_IRQHandler                 0x08000207   Thumb Code     0  startup_stm32g431xx.o(.text)
    DMA2_Channel3_IRQHandler                 0x08000207   Thumb Code     0  startup_stm32g431xx.o(.text)
    DMA2_Channel4_IRQHandler                 0x08000207   Thumb Code     0  startup_stm32g431xx.o(.text)
    DMA2_Channel5_IRQHandler                 0x08000207   Thumb Code     0  startup_stm32g431xx.o(.text)
    DMA2_Channel6_IRQHandler                 0x08000207   Thumb Code     0  startup_stm32g431xx.o(.text)
    DMAMUX_OVR_IRQHandler                    0x08000207   Thumb Code     0  startup_stm32g431xx.o(.text)
    EXTI0_IRQHandler                         0x08000207   Thumb Code     0  startup_stm32g431xx.o(.text)
    EXTI15_10_IRQHandler                     0x08000207   Thumb Code     0  startup_stm32g431xx.o(.text)
    EXTI1_IRQHandler                         0x08000207   Thumb Code     0  startup_stm32g431xx.o(.text)
    EXTI2_IRQHandler                         0x08000207   Thumb Code     0  startup_stm32g431xx.o(.text)
    EXTI3_IRQHandler                         0x08000207   Thumb Code     0  startup_stm32g431xx.o(.text)
    EXTI4_IRQHandler                         0x08000207   Thumb Code     0  startup_stm32g431xx.o(.text)
    EXTI9_5_IRQHandler                       0x08000207   Thumb Code     0  startup_stm32g431xx.o(.text)
    FDCAN1_IT1_IRQHandler                    0x08000207   Thumb Code     0  startup_stm32g431xx.o(.text)
    FLASH_IRQHandler                         0x08000207   Thumb Code     0  startup_stm32g431xx.o(.text)
    FMAC_IRQHandler                          0x08000207   Thumb Code     0  startup_stm32g431xx.o(.text)
    FPU_IRQHandler                           0x08000207   Thumb Code     0  startup_stm32g431xx.o(.text)
    I2C1_ER_IRQHandler                       0x08000207   Thumb Code     0  startup_stm32g431xx.o(.text)
    I2C1_EV_IRQHandler                       0x08000207   Thumb Code     0  startup_stm32g431xx.o(.text)
    I2C2_ER_IRQHandler                       0x08000207   Thumb Code     0  startup_stm32g431xx.o(.text)
    I2C2_EV_IRQHandler                       0x08000207   Thumb Code     0  startup_stm32g431xx.o(.text)
    I2C3_ER_IRQHandler                       0x08000207   Thumb Code     0  startup_stm32g431xx.o(.text)
    I2C3_EV_IRQHandler                       0x08000207   Thumb Code     0  startup_stm32g431xx.o(.text)
    LPTIM1_IRQHandler                        0x08000207   Thumb Code     0  startup_stm32g431xx.o(.text)
    LPUART1_IRQHandler                       0x08000207   Thumb Code     0  startup_stm32g431xx.o(.text)
    PVD_PVM_IRQHandler                       0x08000207   Thumb Code     0  startup_stm32g431xx.o(.text)
    RCC_IRQHandler                           0x08000207   Thumb Code     0  startup_stm32g431xx.o(.text)
    RNG_IRQHandler                           0x08000207   Thumb Code     0  startup_stm32g431xx.o(.text)
    RTC_Alarm_IRQHandler                     0x08000207   Thumb Code     0  startup_stm32g431xx.o(.text)
    RTC_TAMP_LSECSS_IRQHandler               0x08000207   Thumb Code     0  startup_stm32g431xx.o(.text)
    RTC_WKUP_IRQHandler                      0x08000207   Thumb Code     0  startup_stm32g431xx.o(.text)
    SAI1_IRQHandler                          0x08000207   Thumb Code     0  startup_stm32g431xx.o(.text)
    SPI1_IRQHandler                          0x08000207   Thumb Code     0  startup_stm32g431xx.o(.text)
    SPI2_IRQHandler                          0x08000207   Thumb Code     0  startup_stm32g431xx.o(.text)
    SPI3_IRQHandler                          0x08000207   Thumb Code     0  startup_stm32g431xx.o(.text)
    TIM1_BRK_TIM15_IRQHandler                0x08000207   Thumb Code     0  startup_stm32g431xx.o(.text)
    TIM1_CC_IRQHandler                       0x08000207   Thumb Code     0  startup_stm32g431xx.o(.text)
    TIM1_TRG_COM_TIM17_IRQHandler            0x08000207   Thumb Code     0  startup_stm32g431xx.o(.text)
    TIM1_UP_TIM16_IRQHandler                 0x08000207   Thumb Code     0  startup_stm32g431xx.o(.text)
    TIM2_IRQHandler                          0x08000207   Thumb Code     0  startup_stm32g431xx.o(.text)
    TIM3_IRQHandler                          0x08000207   Thumb Code     0  startup_stm32g431xx.o(.text)
    TIM4_IRQHandler                          0x08000207   Thumb Code     0  startup_stm32g431xx.o(.text)
    TIM6_DAC_IRQHandler                      0x08000207   Thumb Code     0  startup_stm32g431xx.o(.text)
    TIM7_IRQHandler                          0x08000207   Thumb Code     0  startup_stm32g431xx.o(.text)
    TIM8_BRK_IRQHandler                      0x08000207   Thumb Code     0  startup_stm32g431xx.o(.text)
    TIM8_CC_IRQHandler                       0x08000207   Thumb Code     0  startup_stm32g431xx.o(.text)
    TIM8_TRG_COM_IRQHandler                  0x08000207   Thumb Code     0  startup_stm32g431xx.o(.text)
    TIM8_UP_IRQHandler                       0x08000207   Thumb Code     0  startup_stm32g431xx.o(.text)
    UART4_IRQHandler                         0x08000207   Thumb Code     0  startup_stm32g431xx.o(.text)
    UCPD1_IRQHandler                         0x08000207   Thumb Code     0  startup_stm32g431xx.o(.text)
    USART1_IRQHandler                        0x08000207   Thumb Code     0  startup_stm32g431xx.o(.text)
    USART3_IRQHandler                        0x08000207   Thumb Code     0  startup_stm32g431xx.o(.text)
    USBWakeUp_IRQHandler                     0x08000207   Thumb Code     0  startup_stm32g431xx.o(.text)
    USB_HP_IRQHandler                        0x08000207   Thumb Code     0  startup_stm32g431xx.o(.text)
    USB_LP_IRQHandler                        0x08000207   Thumb Code     0  startup_stm32g431xx.o(.text)
    WWDG_IRQHandler                          0x08000207   Thumb Code     0  startup_stm32g431xx.o(.text)
    __aeabi_memcpy                           0x08000211   Thumb Code    36  memcpya.o(.text)
    __aeabi_memcpy4                          0x08000211   Thumb Code     0  memcpya.o(.text)
    __aeabi_memcpy8                          0x08000211   Thumb Code     0  memcpya.o(.text)
    __aeabi_memset                           0x08000235   Thumb Code    14  memseta.o(.text)
    __aeabi_memset4                          0x08000235   Thumb Code     0  memseta.o(.text)
    __aeabi_memset8                          0x08000235   Thumb Code     0  memseta.o(.text)
    __aeabi_memclr                           0x08000243   Thumb Code     4  memseta.o(.text)
    __aeabi_memclr4                          0x08000243   Thumb Code     0  memseta.o(.text)
    __aeabi_memclr8                          0x08000243   Thumb Code     0  memseta.o(.text)
    _memset$wrapper                          0x08000247   Thumb Code    18  memseta.o(.text)
    memcmp                                   0x08000259   Thumb Code    26  memcmp.o(.text)
    atoi                                     0x08000273   Thumb Code    26  atoi.o(.text)
    __aeabi_d2iz                             0x0800028d   Thumb Code    62  dfixi.o(.text)
    __aeabi_f2d                              0x080002cb   Thumb Code    38  f2d.o(.text)
    __aeabi_d2f                              0x080002f1   Thumb Code    56  d2f.o(.text)
    __aeabi_llsr                             0x08000329   Thumb Code    32  llushr.o(.text)
    _ll_ushift_r                             0x08000329   Thumb Code     0  llushr.o(.text)
    __strtod_int                             0x0800037f   Thumb Code    88  strtod.o(.text)
    strtol                                   0x080003e5   Thumb Code   112  strtol.o(.text)
    __I$use$fp                               0x08000455   Thumb Code     0  iusefp.o(.text)
    _float_round                             0x08000455   Thumb Code    18  fepilogue.o(.text)
    _float_epilogue                          0x08000467   Thumb Code    92  fepilogue.o(.text)
    __aeabi_dadd                             0x080004c3   Thumb Code   322  dadd.o(.text)
    __aeabi_dsub                             0x08000605   Thumb Code     6  dadd.o(.text)
    __aeabi_drsub                            0x0800060b   Thumb Code     6  dadd.o(.text)
    _drnd                                    0x08000611   Thumb Code   132  drnd.o(.text)
    __aeabi_cdcmpeq                          0x08000699   Thumb Code     0  cdcmple.o(.text)
    __aeabi_cdcmple                          0x08000699   Thumb Code    48  cdcmple.o(.text)
    __aeabi_cdrcmple                         0x080006c9   Thumb Code    48  cdrcmple.o(.text)
    __ARM_dcmp4                              0x080006f9   Thumb Code    96  dcmp4.o(.text)
    _dcmp4                                   0x080006f9   Thumb Code     0  dcmp4.o(.text)
    __scatterload                            0x08000759   Thumb Code    28  init.o(.text)
    __scatterload_rt2                        0x08000759   Thumb Code     0  init.o(.text)
    __aeabi_llsl                             0x0800077d   Thumb Code    30  llshl.o(.text)
    _ll_shift_l                              0x0800077d   Thumb Code     0  llshl.o(.text)
    __aeabi_lasr                             0x0800079b   Thumb Code    36  llsshr.o(.text)
    _ll_sshift_r                             0x0800079b   Thumb Code     0  llsshr.o(.text)
    __rt_ctype_table                         0x080007c1   Thumb Code     4  ctype_o.o(.text)
    isspace                                  0x080007c9   Thumb Code    18  isspace_o.o(.text)
    _scanf_real                              0x080008dd   Thumb Code     0  scanf_fp.o(.text)
    _scanf_really_real                       0x080008dd   Thumb Code   556  scanf_fp.o(.text)
    _sgetc                                   0x08000b15   Thumb Code    30  _sgetc.o(.text)
    _sbackspace                              0x08000b33   Thumb Code    34  _sgetc.o(.text)
    _strtoul                                 0x08000b55   Thumb Code   158  _strtoul.o(.text)
    _double_round                            0x08000bf3   Thumb Code    30  depilogue.o(.text)
    _double_epilogue                         0x08000c11   Thumb Code   156  depilogue.o(.text)
    _chval                                   0x08000cad   Thumb Code    28  _chval.o(.text)
    __aeabi_dmul                             0x08000cc9   Thumb Code   228  dmul.o(.text)
    __aeabi_ddiv                             0x08000dad   Thumb Code   222  ddiv.o(.text)
    __aeabi_ul2d                             0x08000e8b   Thumb Code    24  dfltul.o(.text)
    ADC1_2_IRQHandler                        0x08000ea5   Thumb Code   166  stm32g4xx_it.o(i.ADC1_2_IRQHandler)
    ANTICOGGING_abort                        0x08000f71   Thumb Code    14  anticogging.o(i.ANTICOGGING_abort)
    ANTICOGGING_loop                         0x08000f85   Thumb Code   518  anticogging.o(i.ANTICOGGING_loop)
    ANTICOGGING_start                        0x080011ad   Thumb Code    18  anticogging.o(i.ANTICOGGING_start)
    BusFault_Handler                         0x080011c5   Thumb Code     4  stm32g4xx_it.o(i.BusFault_Handler)
    CALIBRATION_end                          0x080011c9   Thumb Code    40  calibration.o(i.CALIBRATION_end)
    CALIBRATION_loop                         0x080011f9   Thumb Code  1860  calibration.o(i.CALIBRATION_loop)
    CALIBRATION_start                        0x0800195d   Thumb Code    50  calibration.o(i.CALIBRATION_start)
    CONTROLLER_get_integrator_current        0x080019a1   Thumb Code     8  controller.o(i.CONTROLLER_get_integrator_current)
    CONTROLLER_move_to_pos                   0x080019ad   Thumb Code    32  controller.o(i.CONTROLLER_move_to_pos)
    CONTROLLER_reset                         0x080019d9   Thumb Code   102  controller.o(i.CONTROLLER_reset)
    CONTROLLER_update                        0x08001a59   Thumb Code   754  controller.o(i.CONTROLLER_update)
    DRV8323_disable_gd                       0x08001d75   Thumb Code    26  drv8323.o(i.DRV8323_disable_gd)
    DRV8323_enable_gd                        0x08001d8f   Thumb Code    26  drv8323.o(i.DRV8323_enable_gd)
    DRV8323_getFault                         0x08001da9   Thumb Code    46  drv8323.o(i.DRV8323_getFault)
    DRV8323_init                             0x08001dd9   Thumb Code   304  drv8323.o(i.DRV8323_init)
    DRV8323_isFault                          0x08001f15   Thumb Code    16  drv8323.o(i.DRV8323_isFault)
    DRV8323_read_reg                         0x08001f29   Thumb Code   140  drv8323.o(i.DRV8323_read_reg)
    DRV8323_reset                            0x08001fb9   Thumb Code   226  drv8323.o(i.DRV8323_reset)
    DRV8323_write_reg                        0x080020a1   Thumb Code   134  drv8323.o(i.DRV8323_write_reg)
    DebugMon_Handler                         0x0800212d   Thumb Code     2  stm32g4xx_it.o(i.DebugMon_Handler)
    ENCODER_init                             0x08002131   Thumb Code   244  encoder.o(i.ENCODER_init)
    ENCODER_sample                           0x08002235   Thumb Code   386  encoder.o(i.ENCODER_sample)
    Error_Handler                            0x080023cd   Thumb Code     8  main.o(i.Error_Handler)
    FDCAN1_IT0_IRQHandler                    0x080023d5   Thumb Code    54  stm32g4xx_it.o(i.FDCAN1_IT0_IRQHandler)
    FDCAN_init                               0x08002411   Thumb Code    94  fdcan.o(i.FDCAN_init)
    FDCAN_report_anticogging                 0x08002479   Thumb Code    78  fdcan.o(i.FDCAN_report_anticogging)
    FDCAN_report_calibration                 0x080024cd   Thumb Code    78  fdcan.o(i.FDCAN_report_calibration)
    FDCAN_report_error                       0x08002521   Thumb Code    50  fdcan.o(i.FDCAN_report_error)
    FDCAN_reset_timeout                      0x08002559   Thumb Code    12  fdcan.o(i.FDCAN_reset_timeout)
    FDCAN_rx_callback                        0x08002569   Thumb Code   876  fdcan.o(i.FDCAN_rx_callback)
    FDCAN_timeout_check_loop                 0x080028e9   Thumb Code    42  fdcan.o(i.FDCAN_timeout_check_loop)
    FLASH_erase_page                         0x0800291d   Thumb Code   316  flash.o(i.FLASH_erase_page)
    FLASH_lock                               0x08002a61   Thumb Code    26  flash.o(i.FLASH_lock)
    FLASH_program                            0x08002a81   Thumb Code    56  flash.o(i.FLASH_program)
    FLASH_unlock                             0x08002abd   Thumb Code    36  flash.o(i.FLASH_unlock)
    FOC_arm                                  0x08002aed   Thumb Code    28  foc.o(i.FOC_arm)
    FOC_current                              0x08002b0d   Thumb Code   474  foc.o(i.FOC_current)
    FOC_disarm                               0x08002d11   Thumb Code    28  foc.o(i.FOC_disarm)
    FOC_reset                                0x08002d31   Thumb Code    38  foc.o(i.FOC_reset)
    FOC_zero_current                         0x08002d61   Thumb Code    54  foc.o(i.FOC_zero_current)
    FSM_get_error                            0x08002d99   Thumb Code     6  fsm.o(i.FSM_get_error)
    FSM_get_stat                             0x08002da5   Thumb Code     6  fsm.o(i.FSM_get_stat)
    FSM_input                                0x08002db1   Thumb Code   440  fsm.o(i.FSM_input)
    FSM_loop                                 0x08002f89   Thumb Code   358  fsm.o(i.FSM_loop)
    HAL_FDCAN_ActivateNotification           0x08003111   Thumb Code   288  stm32g4xx_hal_fdcan.o(i.HAL_FDCAN_ActivateNotification)
    HAL_FDCAN_AddMessageToTxFifoQ            0x08003231   Thumb Code   200  stm32g4xx_hal_fdcan.o(i.HAL_FDCAN_AddMessageToTxFifoQ)
    HAL_FDCAN_ConfigInterruptLines           0x080032fd   Thumb Code    44  stm32g4xx_hal_fdcan.o(i.HAL_FDCAN_ConfigInterruptLines)
    HAL_FDCAN_GetRxFifoFillLevel             0x08003329   Thumb Code    20  stm32g4xx_hal_fdcan.o(i.HAL_FDCAN_GetRxFifoFillLevel)
    HAL_FDCAN_GetRxMessage                   0x0800333d   Thumb Code   294  stm32g4xx_hal_fdcan.o(i.HAL_FDCAN_GetRxMessage)
    HAL_FDCAN_Init                           0x08003469   Thumb Code   520  stm32g4xx_hal_fdcan.o(i.HAL_FDCAN_Init)
    HAL_FDCAN_MspInit                        0x08003691   Thumb Code   156  fdcan.o(i.HAL_FDCAN_MspInit)
    HAL_FDCAN_Start                          0x08003739   Thumb Code    44  stm32g4xx_hal_fdcan.o(i.HAL_FDCAN_Start)
    HEAP_free                                0x08003765   Thumb Code   134  heap.o(i.HEAP_free)
    HEAP_malloc                              0x080037f5   Thumb Code   340  heap.o(i.HEAP_malloc)
    HardFault_Handler                        0x08003955   Thumb Code     4  stm32g4xx_it.o(i.HardFault_Handler)
    LED_init                                 0x08003959   Thumb Code    54  led.o(i.LED_init)
    LED_loop                                 0x08003999   Thumb Code   146  led.o(i.LED_loop)
    LL_GPIO_Init                             0x08003a35   Thumb Code   328  stm32g4xx_ll_gpio.o(i.LL_GPIO_Init)
    LL_SPI_Init                              0x08003b7d   Thumb Code   106  stm32g4xx_ll_spi.o(i.LL_SPI_Init)
    LL_SetSystemCoreClock                    0x08003be9   Thumb Code     6  stm32g4xx_ll_utils.o(i.LL_SetSystemCoreClock)
    MemManage_Handler                        0x08003c8d   Thumb Code     4  stm32g4xx_it.o(i.MemManage_Handler)
    NMI_Handler                              0x08003c91   Thumb Code     4  stm32g4xx_it.o(i.NMI_Handler)
    PWMC_switch_off_pwm                      0x08003c95   Thumb Code    30  pwm_curr_fdbk.o(i.PWMC_switch_off_pwm)
    PWMC_switch_on_pwm                       0x08003cbd   Thumb Code    56  pwm_curr_fdbk.o(i.PWMC_switch_on_pwm)
    PendSV_Handler                           0x08003d01   Thumb Code     2  stm32g4xx_it.o(i.PendSV_Handler)
    SVC_Handler                              0x08003d03   Thumb Code     2  stm32g4xx_it.o(i.SVC_Handler)
    SYSTICK_delay_ms                         0x08003d05   Thumb Code    90  systick.o(i.SYSTICK_delay_ms)
    SYSTICK_delay_us                         0x08003d65   Thumb Code    74  systick.o(i.SYSTICK_delay_us)
    SYSTICK_get_ms_since                     0x08003db5   Thumb Code     8  systick.o(i.SYSTICK_get_ms_since)
    SYSTICK_get_tick                         0x08003dc1   Thumb Code     6  systick.o(i.SYSTICK_get_tick)
    SYSTICK_init                             0x08003dcd   Thumb Code    70  systick.o(i.SYSTICK_init)
    SysTick_Handler                          0x08003e21   Thumb Code    10  stm32g4xx_it.o(i.SysTick_Handler)
    SystemClock_Config                       0x08003e31   Thumb Code   216  main.o(i.SystemClock_Config)
    SystemInit                               0x08003f29   Thumb Code    20  system_stm32g4xx.o(i.SystemInit)
    TRAJ_eval                                0x08003f45   Thumb Code   208  traptraj.o(i.TRAJ_eval)
    TRAJ_plan                                0x08004021   Thumb Code   522  traptraj.o(i.TRAJ_plan)
    USART2_IRQHandler                        0x08004249   Thumb Code    22  stm32g4xx_it.o(i.USART2_IRQHandler)
    USR_CONFIG_read_cogging_map              0x08004269   Thumb Code    62  usr_config.o(i.USR_CONFIG_read_cogging_map)
    USR_CONFIG_read_config                   0x080042b1   Thumb Code    46  usr_config.o(i.USR_CONFIG_read_config)
    USR_CONFIG_save_cogging_map              0x080042e9   Thumb Code   110  usr_config.o(i.USR_CONFIG_save_cogging_map)
    USR_CONFIG_save_config                   0x08004361   Thumb Code    92  usr_config.o(i.USR_CONFIG_save_config)
    USR_CONFIG_set_default_cogging_map       0x080043c5   Thumb Code    58  usr_config.o(i.USR_CONFIG_set_default_cogging_map)
    USR_CONFIG_set_default_config            0x08004409   Thumb Code   220  usr_config.o(i.USR_CONFIG_set_default_config)
    UsageFault_Handler                       0x08004521   Thumb Code     4  stm32g4xx_it.o(i.UsageFault_Handler)
    __aeabi_errno_addr                       0x08004525   Thumb Code     4  errno.o(i.__aeabi_errno_addr)
    __rt_errno_addr                          0x08004525   Thumb Code     0  errno.o(i.__aeabi_errno_addr)
    __hardfp_atof                            0x08004531   Thumb Code    44  atof.o(i.__hardfp_atof)
    __hardfp_fmax                            0x08004569   Thumb Code   116  fmax.o(i.__hardfp_fmax)
    __hardfp_round                           0x080045e1   Thumb Code   194  round.o(i.__hardfp_round)
    __hardfp_sqrtf                           0x080046c1   Thumb Code    58  sqrtf.o(i.__hardfp_sqrtf)
    __read_errno                             0x080046fd   Thumb Code     6  errno.o(i.__read_errno)
    __scatterload_copy                       0x08004709   Thumb Code    14  handlers.o(i.__scatterload_copy)
    __scatterload_null                       0x08004717   Thumb Code     2  handlers.o(i.__scatterload_null)
    __scatterload_zeroinit                   0x08004719   Thumb Code    14  handlers.o(i.__scatterload_zeroinit)
    __set_errno                              0x08004729   Thumb Code     6  errno.o(i.__set_errno)
    _is_digit                                0x08004735   Thumb Code    14  scanf_fp.o(i._is_digit)
    crc32                                    0x08005155   Thumb Code   102  util.o(i.crc32)
    main                                     0x0800521d   Thumb Code   140  main.o(i.main)
    our_arm_cos_f32                          0x080052b9   Thumb Code   118  util.o(i.our_arm_cos_f32)
    our_arm_sin_f32                          0x0800533d   Thumb Code   114  util.o(i.our_arm_sin_f32)
    svm                                      0x08005b11   Thumb Code   414  util.o(i.svm)
    __ctype_table                            0x0800613c   Data         129  ctype_o.o(.constdata)
    sinTable_f32                             0x080061c4   Data        2052  arm_common_tables.o(.rodata.sinTable_f32)
    Region$$Table$$Base                      0x080069c8   Number         0  anon$$obj.o(Region$$Table)
    Region$$Table$$Limit                     0x080069e8   Number         0  anon$$obj.o(Region$$Table)
    pCoggingMap                              0x20000000   Data           4  usr_config.o(.data)
    SysTickCnt                               0x20000004   Data           4  systick.o(.data)
    frameID_                                 0x20000020   Data           4  fdcan.o(.data)
    cmd_                                     0x20000024   Data           4  fdcan.o(.data)
    nodeID_                                  0x20000028   Data           4  fdcan.o(.data)
    AnticoggingValid                         0x200000f4   Data           1  anticogging.o(.data)
    SystemCoreClock                          0x20000118   Data           4  system_stm32g4xx.o(.data)
    UsrConfig                                0x20000120   Data         408  usr_config.o(.bss)
    hfdcan1                                  0x200002b8   Data         100  fdcan.o(.bss)
    Encoder                                  0x2000031c   Data         196  encoder.o(.bss)
    Foc                                      0x200003e0   Data          52  foc.o(.bss)
    Controller                               0x20000414   Data          12  controller.o(.bss)
    Traj                                     0x20000420   Data          24  traptraj.o(.bss)
    __initial_sp                             0x20004438   Data           0  startup_stm32g431xx.o(STACK)



==============================================================================

Memory Map of the image

  Image Entry point : 0x080001d9

  Load Region LR_IROM1 (Base: 0x08000000, Size: 0x00006b08, Max: 0x00020000, ABSOLUTE)

    Execution Region ER_IROM1 (Base: 0x08000000, Size: 0x000069e8, Max: 0x00020000, ABSOLUTE)

    Base Addr    Size         Type   Attr      Idx    E Section Name        Object

    0x08000000   0x000001d8   Data   RO            3    RESET               startup_stm32g431xx.o
    0x080001d8   0x00000000   Code   RO         2499  * .ARM.Collect$$$$00000000  mc_w.l(entry.o)
    0x080001d8   0x00000004   Code   RO         2518    .ARM.Collect$$$$00000001  mc_w.l(entry2.o)
    0x080001dc   0x00000004   Code   RO         2521    .ARM.Collect$$$$00000004  mc_w.l(entry5.o)
    0x080001e0   0x00000000   Code   RO         2523    .ARM.Collect$$$$00000008  mc_w.l(entry7b.o)
    0x080001e0   0x00000000   Code   RO         2525    .ARM.Collect$$$$0000000A  mc_w.l(entry8b.o)
    0x080001e0   0x00000008   Code   RO         2526    .ARM.Collect$$$$0000000B  mc_w.l(entry9a.o)
    0x080001e8   0x00000000   Code   RO         2528    .ARM.Collect$$$$0000000D  mc_w.l(entry10a.o)
    0x080001e8   0x00000000   Code   RO         2530    .ARM.Collect$$$$0000000F  mc_w.l(entry11a.o)
    0x080001e8   0x00000004   Code   RO         2519    .ARM.Collect$$$$00002712  mc_w.l(entry2.o)
    0x080001ec   0x00000024   Code   RO            4    .text               startup_stm32g431xx.o
    0x08000210   0x00000024   Code   RO         2502    .text               mc_w.l(memcpya.o)
    0x08000234   0x00000024   Code   RO         2504    .text               mc_w.l(memseta.o)
    0x08000258   0x0000001a   Code   RO         2506    .text               mc_w.l(memcmp.o)
    0x08000272   0x0000001a   Code   RO         2510    .text               mc_w.l(atoi.o)
    0x0800028c   0x0000003e   Code   RO         2512    .text               mf_w.l(dfixi.o)
    0x080002ca   0x00000026   Code   RO         2514    .text               mf_w.l(f2d.o)
    0x080002f0   0x00000038   Code   RO         2516    .text               mf_w.l(d2f.o)
    0x08000328   0x00000020   Code   RO         2532    .text               mc_w.l(llushr.o)
    0x08000348   0x0000009c   Code   RO         2541    .text               mc_w.l(strtod.o)
    0x080003e4   0x00000070   Code   RO         2543    .text               mc_w.l(strtol.o)
    0x08000454   0x00000000   Code   RO         2545    .text               mc_w.l(iusefp.o)
    0x08000454   0x0000006e   Code   RO         2546    .text               mf_w.l(fepilogue.o)
    0x080004c2   0x0000014e   Code   RO         2548    .text               mf_w.l(dadd.o)
    0x08000610   0x00000088   Code   RO         2550    .text               mf_w.l(drnd.o)
    0x08000698   0x00000030   Code   RO         2552    .text               mf_w.l(cdcmple.o)
    0x080006c8   0x00000030   Code   RO         2554    .text               mf_w.l(cdrcmple.o)
    0x080006f8   0x00000060   Code   RO         2556    .text               mf_w.l(dcmp4.o)
    0x08000758   0x00000024   Code   RO         2558    .text               mc_w.l(init.o)
    0x0800077c   0x0000001e   Code   RO         2560    .text               mc_w.l(llshl.o)
    0x0800079a   0x00000024   Code   RO         2562    .text               mc_w.l(llsshr.o)
    0x080007be   0x00000002   PAD
    0x080007c0   0x00000008   Code   RO         2566    .text               mc_w.l(ctype_o.o)
    0x080007c8   0x00000012   Code   RO         2588    .text               mc_w.l(isspace_o.o)
    0x080007da   0x00000002   PAD
    0x080007dc   0x00000338   Code   RO         2594    .text               mc_w.l(scanf_fp.o)
    0x08000b14   0x00000040   Code   RO         2598    .text               mc_w.l(_sgetc.o)
    0x08000b54   0x0000009e   Code   RO         2600    .text               mc_w.l(_strtoul.o)
    0x08000bf2   0x000000ba   Code   RO         2602    .text               mf_w.l(depilogue.o)
    0x08000cac   0x0000001c   Code   RO         2607    .text               mc_w.l(_chval.o)
    0x08000cc8   0x000000e4   Code   RO         2609    .text               mf_w.l(dmul.o)
    0x08000dac   0x000000de   Code   RO         2611    .text               mf_w.l(ddiv.o)
    0x08000e8a   0x00000018   Code   RO         2613    .text               mf_w.l(dfltul.o)
    0x08000ea2   0x00000002   PAD
    0x08000ea4   0x000000cc   Code   RO          997    i.ADC1_2_IRQHandler  stm32g4xx_it.o
    0x08000f70   0x00000014   Code   RO         1522    i.ANTICOGGING_abort  anticogging.o
    0x08000f84   0x00000228   Code   RO         1524    i.ANTICOGGING_loop  anticogging.o
    0x080011ac   0x00000018   Code   RO         1525    i.ANTICOGGING_start  anticogging.o
    0x080011c4   0x00000004   Code   RO          998    i.BusFault_Handler  stm32g4xx_it.o
    0x080011c8   0x00000030   Code   RO         1476    i.CALIBRATION_end   calibration.o
    0x080011f8   0x00000764   Code   RO         1477    i.CALIBRATION_loop  calibration.o
    0x0800195c   0x00000044   Code   RO         1478    i.CALIBRATION_start  calibration.o
    0x080019a0   0x0000000c   Code   RO         1373    i.CONTROLLER_get_integrator_current  controller.o
    0x080019ac   0x0000002c   Code   RO         1374    i.CONTROLLER_move_to_pos  controller.o
    0x080019d8   0x00000080   Code   RO         1375    i.CONTROLLER_reset  controller.o
    0x08001a58   0x0000031c   Code   RO         1376    i.CONTROLLER_update  controller.o
    0x08001d74   0x0000001a   Code   RO         1141    i.DRV8323_disable_gd  drv8323.o
    0x08001d8e   0x0000001a   Code   RO         1142    i.DRV8323_enable_gd  drv8323.o
    0x08001da8   0x0000002e   Code   RO         1143    i.DRV8323_getFault  drv8323.o
    0x08001dd6   0x00000002   PAD
    0x08001dd8   0x0000013c   Code   RO         1144    i.DRV8323_init      drv8323.o
    0x08001f14   0x00000014   Code   RO         1145    i.DRV8323_isFault   drv8323.o
    0x08001f28   0x00000090   Code   RO         1148    i.DRV8323_read_reg  drv8323.o
    0x08001fb8   0x000000e8   Code   RO         1149    i.DRV8323_reset     drv8323.o
    0x080020a0   0x0000008c   Code   RO         1156    i.DRV8323_write_reg  drv8323.o
    0x0800212c   0x00000002   Code   RO          999    i.DebugMon_Handler  stm32g4xx_it.o
    0x0800212e   0x00000002   PAD
    0x08002130   0x00000104   Code   RO         1096    i.ENCODER_init      encoder.o
    0x08002234   0x00000198   Code   RO         1097    i.ENCODER_sample    encoder.o
    0x080023cc   0x00000008   Code   RO          182    i.Error_Handler     main.o
    0x080023d4   0x0000003c   Code   RO         1000    i.FDCAN1_IT0_IRQHandler  stm32g4xx_it.o
    0x08002410   0x00000068   Code   RO          479    i.FDCAN_init        fdcan.o
    0x08002478   0x00000054   Code   RO          480    i.FDCAN_report_anticogging  fdcan.o
    0x080024cc   0x00000054   Code   RO          481    i.FDCAN_report_calibration  fdcan.o
    0x08002520   0x00000038   Code   RO          482    i.FDCAN_report_error  fdcan.o
    0x08002558   0x00000010   Code   RO          483    i.FDCAN_reset_timeout  fdcan.o
    0x08002568   0x00000380   Code   RO          484    i.FDCAN_rx_callback  fdcan.o
    0x080028e8   0x00000034   Code   RO          485    i.FDCAN_timeout_check_loop  fdcan.o
    0x0800291c   0x00000144   Code   RO          392    i.FLASH_erase_page  flash.o
    0x08002a60   0x00000020   Code   RO          393    i.FLASH_lock        flash.o
    0x08002a80   0x0000003c   Code   RO          394    i.FLASH_program     flash.o
    0x08002abc   0x00000030   Code   RO          395    i.FLASH_unlock      flash.o
    0x08002aec   0x00000020   Code   RO         1260    i.FOC_arm           foc.o
    0x08002b0c   0x00000204   Code   RO         1261    i.FOC_current       foc.o
    0x08002d10   0x00000020   Code   RO         1262    i.FOC_disarm        foc.o
    0x08002d30   0x00000030   Code   RO         1264    i.FOC_reset         foc.o
    0x08002d60   0x00000036   Code   RO         1265    i.FOC_zero_current  foc.o
    0x08002d96   0x00000002   PAD
    0x08002d98   0x0000000c   Code   RO         1324    i.FSM_get_error     fsm.o
    0x08002da4   0x0000000c   Code   RO         1325    i.FSM_get_stat      fsm.o
    0x08002db0   0x000001d8   Code   RO         1326    i.FSM_input         fsm.o
    0x08002f88   0x00000188   Code   RO         1327    i.FSM_loop          fsm.o
    0x08003110   0x00000120   Code   RO          571    i.HAL_FDCAN_ActivateNotification  stm32g4xx_hal_fdcan.o
    0x08003230   0x000000cc   Code   RO          572    i.HAL_FDCAN_AddMessageToTxFifoQ  stm32g4xx_hal_fdcan.o
    0x080032fc   0x0000002c   Code   RO          576    i.HAL_FDCAN_ConfigInterruptLines  stm32g4xx_hal_fdcan.o
    0x08003328   0x00000014   Code   RO          604    i.HAL_FDCAN_GetRxFifoFillLevel  stm32g4xx_hal_fdcan.o
    0x0800333c   0x0000012c   Code   RO          605    i.HAL_FDCAN_GetRxMessage  stm32g4xx_hal_fdcan.o
    0x08003468   0x00000228   Code   RO          613    i.HAL_FDCAN_Init    stm32g4xx_hal_fdcan.o
    0x08003690   0x000000a8   Code   RO          486    i.HAL_FDCAN_MspInit  fdcan.o
    0x08003738   0x0000002c   Code   RO          622    i.HAL_FDCAN_Start   stm32g4xx_hal_fdcan.o
    0x08003764   0x00000090   Code   RO         1573    i.HEAP_free         heap.o
    0x080037f4   0x00000160   Code   RO         1576    i.HEAP_malloc       heap.o
    0x08003954   0x00000004   Code   RO         1001    i.HardFault_Handler  stm32g4xx_it.o
    0x08003958   0x00000040   Code   RO          352    i.LED_init          led.o
    0x08003998   0x0000009c   Code   RO          353    i.LED_loop          led.o
    0x08003a34   0x00000148   Code   RO         1834    i.LL_GPIO_Init      stm32g4xx_ll_gpio.o
    0x08003b7c   0x0000006a   Code   RO         1924    i.LL_SPI_Init       stm32g4xx_ll_spi.o
    0x08003be6   0x00000002   PAD
    0x08003be8   0x0000000c   Code   RO         1738    i.LL_SetSystemCoreClock  stm32g4xx_ll_utils.o
    0x08003bf4   0x00000098   Code   RO         1098    i.MA730_read_raw    encoder.o
    0x08003c8c   0x00000004   Code   RO         1002    i.MemManage_Handler  stm32g4xx_it.o
    0x08003c90   0x00000004   Code   RO         1003    i.NMI_Handler       stm32g4xx_it.o
    0x08003c94   0x00000028   Code   RO          951    i.PWMC_switch_off_pwm  pwm_curr_fdbk.o
    0x08003cbc   0x00000044   Code   RO          952    i.PWMC_switch_on_pwm  pwm_curr_fdbk.o
    0x08003d00   0x00000002   Code   RO         1004    i.PendSV_Handler    stm32g4xx_it.o
    0x08003d02   0x00000002   Code   RO         1005    i.SVC_Handler       stm32g4xx_it.o
    0x08003d04   0x00000060   Code   RO          294    i.SYSTICK_delay_ms  systick.o
    0x08003d64   0x00000050   Code   RO          295    i.SYSTICK_delay_us  systick.o
    0x08003db4   0x0000000c   Code   RO          296    i.SYSTICK_get_ms_since  systick.o
    0x08003dc0   0x0000000c   Code   RO          297    i.SYSTICK_get_tick  systick.o
    0x08003dcc   0x00000054   Code   RO          298    i.SYSTICK_init      systick.o
    0x08003e20   0x00000010   Code   RO         1006    i.SysTick_Handler   stm32g4xx_it.o
    0x08003e30   0x000000f8   Code   RO          183    i.SystemClock_Config  main.o
    0x08003f28   0x0000001c   Code   RO         1697    i.SystemInit        system_stm32g4xx.o
    0x08003f44   0x000000dc   Code   RO         1426    i.TRAJ_eval         traptraj.o
    0x08004020   0x00000228   Code   RO         1427    i.TRAJ_plan         traptraj.o
    0x08004248   0x00000020   Code   RO         1007    i.USART2_IRQHandler  stm32g4xx_it.o
    0x08004268   0x00000048   Code   RO           13    i.USR_CONFIG_read_cogging_map  usr_config.o
    0x080042b0   0x00000038   Code   RO           14    i.USR_CONFIG_read_config  usr_config.o
    0x080042e8   0x00000078   Code   RO           15    i.USR_CONFIG_save_cogging_map  usr_config.o
    0x08004360   0x00000064   Code   RO           16    i.USR_CONFIG_save_config  usr_config.o
    0x080043c4   0x00000044   Code   RO           17    i.USR_CONFIG_set_default_cogging_map  usr_config.o
    0x08004408   0x00000118   Code   RO           18    i.USR_CONFIG_set_default_config  usr_config.o
    0x08004520   0x00000004   Code   RO         1008    i.UsageFault_Handler  stm32g4xx_it.o
    0x08004524   0x00000008   Code   RO         2534    i.__aeabi_errno_addr  mc_w.l(errno.o)
    0x0800452c   0x00000004   PAD
    0x08004530   0x00000038   Code   RO         2473    i.__hardfp_atof     m_wm.l(atof.o)
    0x08004568   0x00000074   Code   RO         2479    i.__hardfp_fmax     m_wm.l(fmax.o)
    0x080045dc   0x00000004   PAD
    0x080045e0   0x000000e0   Code   RO         2483    i.__hardfp_round    m_wm.l(round.o)
    0x080046c0   0x0000003a   Code   RO         2487    i.__hardfp_sqrtf    m_wm.l(sqrtf.o)
    0x080046fa   0x00000002   PAD
    0x080046fc   0x0000000c   Code   RO         2535    i.__read_errno      mc_w.l(errno.o)
    0x08004708   0x0000000e   Code   RO         2617    i.__scatterload_copy  mc_w.l(handlers.o)
    0x08004716   0x00000002   Code   RO         2618    i.__scatterload_null  mc_w.l(handlers.o)
    0x08004718   0x0000000e   Code   RO         2619    i.__scatterload_zeroinit  mc_w.l(handlers.o)
    0x08004726   0x00000002   PAD
    0x08004728   0x0000000c   Code   RO         2536    i.__set_errno       mc_w.l(errno.o)
    0x08004734   0x0000000e   Code   RO         2596    i._is_digit         mc_w.l(scanf_fp.o)
    0x08004742   0x00000002   PAD
    0x08004744   0x000000f4   Code   RO         1479    i.apply_voltage_timings  calibration.o
    0x08004838   0x00000034   Code   RO          487    i.can_send          fdcan.o
    0x0800486c   0x000008e8   Code   RO          488    i.config_callback   fdcan.o
    0x08005154   0x0000006c   Code   RO         1620    i.crc32             util.o
    0x080051c0   0x0000005c   Code   RO          396    i.flash_wait_for_last_operation  flash.o
    0x0800521c   0x0000009c   Code   RO          184    i.main              main.o
    0x080052b8   0x00000084   Code   RO         1624    i.our_arm_cos_f32   util.o
    0x0800533c   0x00000080   Code   RO         1625    i.our_arm_sin_f32   util.o
    0x080053bc   0x00000752   Code   RO         1328    i.process_user_input  fsm.o
    0x08005b0e   0x00000002   PAD
    0x08005b10   0x000001b0   Code   RO         1626    i.svm               util.o
    0x08005cc0   0x0000006c   Code   RO          489    i.sync_callback     fdcan.o
    0x08005d2c   0x00000010   Data   RO          630    .constdata          stm32g4xx_hal_fdcan.o
    0x08005d3c   0x00000400   Data   RO         1627    .constdata          util.o
    0x0800613c   0x00000081   Data   RO         2567    .constdata          mc_w.l(ctype_o.o)
    0x080061bd   0x00000003   PAD
    0x080061c0   0x00000004   Data   RO         2568    .constdata          mc_w.l(ctype_o.o)
    0x080061c4   0x00000804   Data   RO         2465    .rodata.sinTable_f32  arm_cortexM4lf_math.lib(arm_common_tables.o)
    0x080069c8   0x00000020   Data   RO         2615    Region$$Table       anon$$obj.o


    Execution Region RW_IRAM1 (Base: 0x20000000, Size: 0x00004438, Max: 0x00008000, ABSOLUTE)

    Base Addr    Size         Type   Attr      Idx    E Section Name        Object

    0x20000000   0x00000004   Data   RW           20    .data               usr_config.o
    0x20000004   0x00000004   Data   RW          299    .data               systick.o
    0x20000008   0x00000008   Data   RW          354    .data               led.o
    0x20000010   0x0000001c   Data   RW          491    .data               fdcan.o
    0x2000002c   0x00000001   Data   RW         1267    .data               foc.o
    0x2000002d   0x00000003   PAD
    0x20000030   0x0000004c   Data   RW         1329    .data               fsm.o
    0x2000007c   0x0000001c   Data   RW         1378    .data               controller.o
    0x20000098   0x00000028   Data   RW         1430    .data               traptraj.o
    0x200000c0   0x00000034   Data   RW         1480    .data               calibration.o
    0x200000f4   0x0000000c   Data   RW         1526    .data               anticogging.o
    0x20000100   0x00000018   Data   RW         1578    .data               heap.o
    0x20000118   0x00000004   Data   RW         1700    .data               system_stm32g4xx.o
    0x2000011c   0x00000004   Data   RW         2537    .data               mc_w.l(errno.o)
    0x20000120   0x00000198   Zero   RW           19    .bss                usr_config.o
    0x200002b8   0x00000064   Zero   RW          490    .bss                fdcan.o
    0x2000031c   0x000000c4   Zero   RW         1099    .bss                encoder.o
    0x200003e0   0x00000034   Zero   RW         1266    .bss                foc.o
    0x20000414   0x0000000c   Zero   RW         1377    .bss                controller.o
    0x20000420   0x00000018   Zero   RW         1429    .bss                traptraj.o
    0x20000438   0x00003000   Zero   RW         1577    .bss                heap.o
    0x20003438   0x00001000   Zero   RW            1    STACK               startup_stm32g431xx.o


==============================================================================

Image component sizes


      Code (inc. data)   RO Data    RW Data    ZI Data      Debug   Object Name

       596         46          0         12          0       4322   anticogging.o
      2252        146          0         52          0       7137   calibration.o
       980         90          0         28         12       4929   controller.o
       950         32          0          0          0       8329   drv8323.o
       820         56          0          0        196      16510   encoder.o
      3900        176          0         28        100      17685   fdcan.o
       556         38          0          0          0       5971   flash.o
       682         60          0          1         52       6490   foc.o
      2762        798          0         76          0       4842   fsm.o
       496         22          0         24      12288       3362   heap.o
       220         28          0          8          0      11606   led.o
       412         48          0          0          0      93081   main.o
       108         22          0          0          0      50851   pwm_curr_fdbk.o
        36          8        472          0       4096        812   startup_stm32g431xx.o
      1452         42         16          0          0       9730   stm32g4xx_hal_fdcan.o
       338         60          0          0          0      93734   stm32g4xx_it.o
       328          0          0          0          0       7311   stm32g4xx_ll_gpio.o
       106          0          0          0          0      17030   stm32g4xx_ll_spi.o
        12          6          0          0          0       6192   stm32g4xx_ll_utils.o
        28          8          0          4          0       1087   system_stm32g4xx.o
       284         36          0          4          0      33839   systick.o
       772         42          0         40         24       3534   traptraj.o
         0          0          0          0          0      35547   uart.o
       696        108          0          4        408     476168   usr_config.o
       800         52       1024          0          0       3946   util.o

    ----------------------------------------------------------------------
     19596       1924       1544        284      17176     924045   Object Totals
         0          0         32          0          0          0   (incl. Generated)
        10          0          0          3          0          0   (incl. Padding)

    ----------------------------------------------------------------------

      Code (inc. data)   RO Data    RW Data    ZI Data      Debug   Library Member Name

         0          0       2052          0          0       4961   arm_common_tables.o
        56         12          0          0          0        132   atof.o
       116          0          0          0          0        164   fmax.o
       224         30          0          0          0        172   round.o
        58          0          0          0          0        136   sqrtf.o
        28          0          0          0          0         68   _chval.o
        64          0          0          0          0         84   _sgetc.o
       158          0          0          0          0         92   _strtoul.o
        26          0          0          0          0         80   atoi.o
         8          4        133          0          0         68   ctype_o.o
         0          0          0          0          0          0   entry.o
         0          0          0          0          0          0   entry10a.o
         0          0          0          0          0          0   entry11a.o
         8          4          0          0          0          0   entry2.o
         4          0          0          0          0          0   entry5.o
         0          0          0          0          0          0   entry7b.o
         0          0          0          0          0          0   entry8b.o
         8          4          0          0          0          0   entry9a.o
        32         16          0          4          0        204   errno.o
        30          0          0          0          0          0   handlers.o
        36          8          0          0          0         68   init.o
        18          0          0          0          0         76   isspace_o.o
         0          0          0          0          0          0   iusefp.o
        30          0          0          0          0         68   llshl.o
        36          0          0          0          0         68   llsshr.o
        32          0          0          0          0         68   llushr.o
        26          0          0          0          0         80   memcmp.o
        36          0          0          0          0         68   memcpya.o
        36          0          0          0          0        108   memseta.o
       838         12          0          0          0        216   scanf_fp.o
       156         14          0          0          0        120   strtod.o
       112          0          0          0          0         88   strtol.o
        48          0          0          0          0         68   cdcmple.o
        48          0          0          0          0         68   cdrcmple.o
        56          0          0          0          0         88   d2f.o
       334          0          0          0          0        148   dadd.o
        96          0          0          0          0         80   dcmp4.o
       222          0          0          0          0        100   ddiv.o
       186          0          0          0          0        176   depilogue.o
        62          0          0          0          0         80   dfixi.o
        24          0          0          0          0         76   dfltul.o
       228          0          0          0          0         96   dmul.o
       136          4          0          0          0         92   drnd.o
        38          0          0          0          0         68   f2d.o
       110          0          0          0          0        168   fepilogue.o

    ----------------------------------------------------------------------
      3784        112       2188          4          0       8497   Library Totals
        20          4          3          0          0          0   (incl. Padding)

    ----------------------------------------------------------------------

      Code (inc. data)   RO Data    RW Data    ZI Data      Debug   Library Name

         0          0       2052          0          0       4961   arm_cortexM4lf_math.lib
       454         42          0          0          0        604   m_wm.l
      1722         62        133          4          0       1624   mc_w.l
      1588          4          0          0          0       1308   mf_w.l

    ----------------------------------------------------------------------
      3784        112       2188          4          0       8497   Library Totals

    ----------------------------------------------------------------------

==============================================================================


      Code (inc. data)   RO Data    RW Data    ZI Data      Debug   

     23380       2036       3732        288      17176     922438   Grand Totals
     23380       2036       3732        288      17176     922438   ELF Image Totals
     23380       2036       3732        288          0          0   ROM Totals

==============================================================================

    Total RO  Size (Code + RO Data)                27112 (  26.48kB)
    Total RW  Size (RW Data + ZI Data)             17464 (  17.05kB)
    Total ROM Size (Code + RO Data + RW Data)      27400 (  26.76kB)

==============================================================================

